+001216ms UEFI firmware (version edk2-stable202408-prebuilt.qemu.org built at 16:28:50 on Sep 12 2024)
+001961ms ArmTrngLib could not be correctly initialized.
+001961ms Error: Image at 0004FDB6000 start failed: 00000001
+001961ms Error: Image at 0004FD6D000 start failed: Not Found
+002062ms Error: Image at 0004FCBA000 start failed: Unsupported
+002074ms Error: Image at 0004FC3F000 start failed: Not Found
+002074ms Error: Image at 0004FB65000 start failed: Aborted
+002245ms Tpm2SubmitCommand - Tcg2 - Not Found
+002245ms Tpm2GetCapabilityPcrs fail!
+002245ms Tpm2SubmitCommand - Tcg2 - Not Found
+002261ms Image type X64 can't be loaded on AARCH64 UEFI system.
+002577ms BdsDxe: loading Boot0001 "UEFI Misc Device" from PciRoot(0x0)/Pci(0x2,0x0)
+002606ms BdsDxe: starting Boot0001 "UEFI Misc Device" from PciRoot(0x0)/Pci(0x2,0x0)
+002670ms Consoles: EFI console  
+002730ms     Reading loader env vars from /efi/freebsd/loader.env
+002730ms Setting currdev to disk0p1:
+002730ms FreeBSD/arm64 EFI loader, Revision 3.0
+002730ms    Command line arguments: loader.efi
+002730ms    Image base: 0x4c69e000
+002730ms    EFI version: 2.70
+002730ms    EFI Firmware: EDK II (rev 1.00)
+002730ms    Console: efi (0x1000)
+002730ms    Load Path: \EFI\BOOT\BOOTAA64.EFI
+002758ms    Load Device: PciRoot(0x0)/Pci(0x2,0x0)/HD(1,GPT,410F6650-49C6-11F1-067B-FF9D86F8DCED,0x22,0x10418)
+002758ms    BootCurrent: 0001
+002758ms    BootOrder: 0000 0001[*] 0002
+002758ms    BootInfo Path: PciRoot(0x0)/Pci(0x2,0x0)
+002758ms Ignoring Boot0001: Only one DP found
+002758ms Trying ESP: PciRoot(0x0)/Pci(0x2,0x0)/HD(1,GPT,410F6650-49C6-11F1-067B-FF9D86F8DCED,0x22,0x10418)
+002758ms Setting currdev to disk0p1:
+002758ms |Trying: PciRoot(0x0)/Pci(0x2,0x0)/HD(2,GPT,410F665A-49C6-11F1-1D08-61407E6AF4DA,0x1043A,0x100000)
+002758ms Setting currdev to disk0p2:
+002758ms /Trying: PciRoot(0x0)/Pci(0x2,0x0)/HD(3,GPT,410F665A-49C6-11F1-17A5-D14FFF7C5968,0x11043A,0x6EF800)
+002758ms Setting currdev to disk0p3:
+002927ms -\|/-\|/-\|/-\|/-\|/-\Loading /boot/defaults/loader.conf
+002927ms Loading /boot/defaults/loader.conf
+002927ms Loading /boot/device.hints
+003007ms Loading /boot/loader.conf
+003007ms console uart0 is unavailable
+003021ms no valid consoles!
+003021ms Available consoles:
+003136ms     efi
+003136ms     eficom
+003136ms |Loading /boot/loader.conf.local
+003136ms /?c-Loading kernel...
+003404ms \|/boot/kernel/kernel text=0x318 text=0x765f28 /-\|text=0x1979d0 data=0xfa660 /data=0x0+0x2bf000 0x8+0xf3b70+0x8+0xd6e2d-
+003404ms Loading configured modules...
+003422ms /etc/hostid size=0x25
+003422ms \/boot/entropy size=0x1000
+003442ms Booting [/boot/kernel/kernel]...               
+003474ms Loading splash ok
+003497ms No valid device tree blob found!
+003497ms WARNING! Trying to fire up the kernel, but no device tree blob found!
+003511ms ---<<BOOT>>---
+003511ms Copyright (c) 1992-2025 The FreeBSD Project.
+003511ms Copyright (c) 1979, 1980, 1983, 1986, 1988, 1989, 1991, 1992, 1993, 1994
+003526ms The Regents of the University of California. All rights reserved.
+003526ms FreeBSD is a registered trademark of The FreeBSD Foundation.
+003526ms FreeBSD 15.0-RELEASE-p5 releng/15.0-0730d5233286 SMOLBSD arm64
+003526ms FreeBSD clang version 19.1.7 (https://github.com/llvm/llvm-project.git llvmorg-19.1.7-0-gcd708029e0b2)
+003541ms VT: init without driver.
+003541ms real memory  = 268435456 (256 MB)
+003541ms avail memory = 236445696 (225 MB)
+003541ms Starting CPU 1 (1)
+003541ms FreeBSD/SMP: Multiprocessor System Detected: 2 CPUs
+003541ms random: unblocking device.
+003555ms random: entropy device external interface
+003555ms kbd0 at kbdmux0
+003555ms acpi0: <BOCHS BXPC>
+003555ms acpi0: Power Button (fixed)
+003555ms acpi0: Sleep Button (fixed)
+003555ms acpi0: Could not update all GPEs: AE_NOT_CONFIGURED
+003555ms psci0: <ARM Power State Co-ordination Interface Driver> on acpi0
+003555ms smccc0: <ARM SMCCC v1.0> on psci0
+003571ms gic0: <ARM Generic Interrupt Controller> iomem 0x8000000-0x8000fff,0x8010000-0x8010fff on acpi0
+003571ms gic0: pn 0x0, arch 0x2, rev 0x0, implementer 0x43b irqs 288
+003571ms gic0: frame: 0 8020000 1 64 80
+003571ms gicv2m0: <ARM Generic Interrupt Controller MSI/MSIX> mem 0x8020000-0x8020fff on gic0
+003586ms generic_timer0: <ARM Generic Timer> irq 34,35,36,37 on acpi0
+003586ms Timecounter "ARM MPCore Timecounter" frequency 24000000 Hz quality 1000
+003601ms Event timer "ARM MPCore Eventtimer" frequency 24000000 Hz quality 1000
+003616ms efirtc0: <EFI Realtime Clock>
+003616ms efirtc0: registered as a time-of-day clock, resolution 1.000000s
+003616ms smbios0: <System Management BIOS>
+003628ms smbios0: Entry point: v3 (64-bit), Version: 3.0
+003628ms pmu0: <Performance Monitoring Unit> on acpi0
+003628ms cpu0: <ACPI CPU> on acpi0
+003628ms uart0: <PrimeCell UART (PL011)> iomem 0x9000000-0x9000fff irq 0 on acpi0
+003628ms uart0: console (9600,n,8,1)
+003695ms pcib0: <Generic PCI host controller> on acpi0
+003695ms pci0: <ACPI PCI bus> on pcib0
+003710ms virtio_pci0: <VirtIO PCI (legacy) Network adapter> port 0x80-0x9f mem 0x8000000000-0x8000003fff at device 1.0 on pci0
+003710ms vtnet0: <VirtIO Networking Adapter> on virtio_pci0
+003710ms vtnet0: Ethernet address: 52:54:00:12:34:56
+003710ms vtnet0: netmap queues/slots: TX 1/256, RX 1/128
+003710ms 000.000060 [ 452] vtnet_netmap_attach       vtnet attached txq=1, txd=256 rxq=1, rxd=128
+003710ms virtio_pci1: <VirtIO PCI (legacy) Block adapter> mem 0x10040000-0x10040fff,0x8000004000-0x8000007fff at device 2.0 on pci0
+003726ms vtblk0: <VirtIO Block Adapter> on virtio_pci1
+003751ms vtblk0: 4095MB (8387712 512 byte sectors)
+003751ms acpi_ged0: <Generic Event Device> irq 33 on acpi0
+003751ms acpi_ged0: Raw IRQ 41
+003751ms acpi_button0: <Power Button> on acpi0
+003751ms armv8crypto0: <AES-CBC,AES-XTS,AES-GCM>
+003751ms Timecounters tick every 10.000 msec
+003763ms CPU  0: Apple Unknown CPU r0p0 (midr: 610f0000) affinity:  0
+003763ms                    Cache Type = <64 byte CWG,64 byte ERG,64 byte D-cacheline,PIPT I-cache,64 byte I-cacheline>
+003763ms  Instruction Set Attributes 0 = <TLBI-OSR,CondM-8.5,FHM,DP,SHA3,RDM,Atomic,CRC32,SHA2+SHA512,SHA1,AES+PMULL>
+003763ms  Instruction Set Attributes 1 = <PredInv v8.5,SB,FRINTTS,GPI,RCPC-8.4,FCMA,JSCVT,API EPAC,DCCVADP>
+003763ms  Instruction Set Attributes 2 = <>
+003763ms          Processor Features 0 = <CSV3,CSV2,PSTATE.DIT,RAS,AdvSIMD+HP,FP+HP,EL1,EL0>
+003763ms          Processor Features 1 = <MTE_frac>
+003763ms          Processor Features 2 = <>
+003763ms       Memory Model Features 0 = <ExS,TGran4,TGran16,8bit ASID,1TB PA>
+003763ms       Memory Model Features 1 = <XNX,SpecSEI,PAN+ATS1E1,LO,HPD+TTPBHA,8bit VMID>
+003763ms       Memory Model Features 2 = <E0PD,TTL,IDS,AT,32bit CCIDX,48bit VA,IESB,UAO,CnP>
+003763ms       Memory Model Features 3 = <>
+003763ms       Memory Model Features 4 = <>
+003763ms              Debug Features 0 = <DoubleLock,2 CTX BKPTs,4 Watchpoints,6 Breakpoints,Debugv8>
+003763ms              Debug Features 1 = <>
+003763ms          Auxiliary Features 0 = <>
+003763ms          Auxiliary Features 1 = <>
+003763ms AArch32 Instruction Set Attributes 5 = <>
+003763ms AArch32 Media and VFP Features 0 = <>
+003763ms AArch32 Media and VFP Features 1 = <>
+003763ms CPU  1: Apple Unknown CPU r0p0 (midr: 610f0000) affinity:  1
+003763ms gic0: using for IPIs
+003763ms Release APs...done
+003793ms Trying to mount root from ufs:/dev/gpt/rootfs [rw,noatime]...
+005021ms Setting hostuuid: 226909d5-2e00-4f8b-8ac2-219cb44b6f42.
+005021ms Setting hostid: 0x058ccd11.
+005036ms Starting file system checks:
+005241ms /dev/gpt/rootfs: FILE SYSTEM CLEAN; SKIPPING CHECKS
+005262ms /dev/gpt/rootfs: clean, 511767 free (23 frags, 63968 blocks, 0.0% fragmentation)
+005293ms /dev/gpt/efiboot0: FILESYSTEM CLEAN; SKIPPING CHECKS
+005615ms Mounting local filesystems:.
+006552ms ELF ldconfig path: /lib /usr/lib /usr/lib/compat
+006579ms Setting hostname: smolbsd-arm64.
+006717ms Setting up harvesting: RANDOMDEV,[CALLOUT],[UMA],[FS_ATIME],SWI,INTERRUPT,NET_NG,[NET_ETHER],NET_TUN,MOUSE,KEYBOARD,ATTACH,CACHED
+006962ms Feeding entropy: .
+007313ms lo0: link state changed to UP
+007666ms vtnet0: link state changed to UP
+007715ms Starting Network: lo0 vtnet0.
+007748ms lo0: flags=1008049<UP,LOOPBACK,RUNNING,MULTICAST,LOWER_UP> metric 0 mtu 16384
+007748ms options=680003<RXCSUM,TXCSUM,LINKSTATE,RXCSUM_IPV6,TXCSUM_IPV6>
+007748ms inet 127.0.0.1 netmask 0xff000000
+007763ms inet6 ::1 prefixlen 128
+007763ms inet6 fe80::1%lo0 prefixlen 64 scopeid 0x2
+007763ms groups: lo
+007763ms nd6 options=21<PERFORMNUD,AUTO_LINKLOCAL>
+007775ms vtnet0: flags=1008843<UP,BROADCAST,RUNNING,SIMPLEX,MULTICAST,LOWER_UP> metric 0 mtu 1500
+007775ms options=880028<VLAN_MTU,JUMBO_MTU,LINKSTATE,HWSTATS>
+007775ms ether 52:54:00:12:34:56
+007775ms media: Ethernet autoselect (10Gbase-T <full-duplex>)
+007796ms status: active
+007796ms nd6 options=29<PERFORMNUD,IFDISABLED,AUTO_LINKLOCAL>
+008176ms Starting devd.
+009577ms Starting dhclient.
+009660ms DHCPREQUEST on vtnet0 to 255.255.255.255 port 67
+009677ms DHCPACK from 10.0.2.2
+010061ms bound to 10.0.2.15 -- renewal in 43200 seconds.
+010282ms route: message indicates error: File exists
+010303ms add host 127.0.0.1: gateway lo0 fib 0: route already in table
+010398ms route: message indicates error: File exists
+010398ms add host ::1: gateway lo0 fib 0: route already in table
+010398ms add net fe80::: gateway ::1
+010413ms add net ff02::: gateway ::1
+010413ms add net ::ffff:0.0.0.0: gateway ::1
+010429ms add net ::0.0.0.0: gateway ::1
+010961ms Clearing /tmp (X related).
+011122ms Updating motd:.
+011593ms Updating /var/run/os-release done.
+011639ms Creating and/or trimming log files.
+011651ms Starting syslogd.
+012652ms Mounting late filesystems:.
+013294ms Performing sanity check on sshd configuration.
+013843ms Starting sshd.
+014131ms Starting cron.
+014177ms Starting background file system checks in 60 seconds.
+014195ms Wed Sep 23 10:09:55 UTC 2026
+014217ms FreeBSD/arm64 (smolbsd-arm64) (ttyu0)
+014217ms login: 