+000116ms UEFI firmware (version edk2-stable202408-prebuilt.qemu.org built at 16:28:50 on Sep 12 2024)
+000225ms ArmTrngLib could not be correctly initialized.
+000225ms Error: Image at 0004FDB6000 start failed: 00000001
+000225ms Error: Image at 0004FD6D000 start failed: Not Found
+000249ms Error: Image at 0004FCBA000 start failed: Unsupported
+000249ms Error: Image at 0004FC3F000 start failed: Not Found
+000249ms Error: Image at 0004FB65000 start failed: Aborted
+000263ms Tpm2SubmitCommand - Tcg2 - Not Found
+000263ms Tpm2GetCapabilityPcrs fail!
+000263ms Tpm2SubmitCommand - Tcg2 - Not Found
+000263ms Image type X64 can't be loaded on AARCH64 UEFI system.
+000542ms BdsDxe: loading Boot0001 "UEFI Misc Device" from PciRoot(0x0)/Pci(0x2,0x0)
+000568ms BdsDxe: starting Boot0001 "UEFI Misc Device" from PciRoot(0x0)/Pci(0x2,0x0)
+000568ms Consoles: EFI console  
+000656ms     Reading loader env vars from /efi/freebsd/loader.env
+000656ms Setting currdev to disk0p1:
+000656ms FreeBSD/arm64 EFI loader, Revision 3.0
+000656ms    Command line arguments: loader.efi
+000656ms    Image base: 0x4c69e000
+000656ms    EFI version: 2.70
+000656ms    EFI Firmware: EDK II (rev 1.00)
+000656ms    Console: efi (0x1000)
+000656ms    Load Path: \EFI\BOOT\BOOTAA64.EFI
+000656ms    Load Device: PciRoot(0x0)/Pci(0x2,0x0)/HD(1,GPT,410F6650-49C6-11F1-067B-FF9D86F8DCED,0x22,0x10418)
+000656ms    BootCurrent: 0001
+000656ms    BootOrder: 0000 0001[*] 0002
+000656ms    BootInfo Path: PciRoot(0x0)/Pci(0x2,0x0)
+000656ms Ignoring Boot0001: Only one DP found
+000656ms Trying ESP: PciRoot(0x0)/Pci(0x2,0x0)/HD(1,GPT,410F6650-49C6-11F1-067B-FF9D86F8DCED,0x22,0x10418)
+000656ms Setting currdev to disk0p1:
+000656ms |Trying: PciRoot(0x0)/Pci(0x2,0x0)/HD(2,GPT,410F665A-49C6-11F1-1D08-61407E6AF4DA,0x1043A,0x100000)
+000656ms Setting currdev to disk0p2:
+000671ms /Trying: PciRoot(0x0)/Pci(0x2,0x0)/HD(3,GPT,410F665A-49C6-11F1-17A5-D14FFF7C5968,0x11043A,0x6EF800)
+000671ms Setting currdev to disk0p3:
+000709ms -\|/-\|/-\|/-\|/-\|/-\Loading /boot/defaults/loader.conf
+000709ms Loading /boot/defaults/loader.conf
+000722ms Loading /boot/device.hints
+000722ms Loading /boot/loader.conf
+000722ms console uart0 is unavailable
+000722ms no valid consoles!
+000722ms Available consoles:
+000722ms     efi
+000722ms     eficom
+000722ms |Loading /boot/loader.conf.local
+000722ms /?c-Loading kernel...
+000866ms \|/boot/kernel/kernel text=0x318 text=0x765f28 /-\|text=0x1979d0 data=0xfa660 /data=0x0+0x2bf000 0x8+0xf3b70+0x8+0xd6e2d-
+000866ms Loading configured modules...
+000866ms /boot/entropy size=0x1000
+000866ms \/etc/hostid size=0x25
+000880ms Booting [/boot/kernel/kernel]...               
+000880ms Loading splash ok
+000880ms No valid device tree blob found!
+000880ms WARNING! Trying to fire up the kernel, but no device tree blob found!
+000880ms ---<<BOOT>>---
+000880ms Copyright (c) 1992-2025 The FreeBSD Project.
+000880ms Copyright (c) 1979, 1980, 1983, 1986, 1988, 1989, 1991, 1992, 1993, 1994
+000880ms The Regents of the University of California. All rights reserved.
+000880ms FreeBSD is a registered trademark of The FreeBSD Foundation.
+000880ms FreeBSD 15.0-RELEASE-p5 releng/15.0-0730d5233286 SMOLBSD arm64
+000880ms FreeBSD clang version 19.1.7 (https://github.com/llvm/llvm-project.git llvmorg-19.1.7-0-gcd708029e0b2)
+000880ms VT: init without driver.
+000880ms real memory  = 268435456 (256 MB)
+000880ms avail memory = 236445696 (225 MB)
+000880ms Starting CPU 1 (1)
+000880ms FreeBSD/SMP: Multiprocessor System Detected: 2 CPUs
+000880ms random: unblocking device.
+000894ms random: entropy device external interface
+000894ms kbd0 at kbdmux0
+000894ms acpi0: <BOCHS BXPC>
+000894ms acpi0: Power Button (fixed)
+000894ms acpi0: Sleep Button (fixed)
+000894ms acpi0: Could not update all GPEs: AE_NOT_CONFIGURED
+000894ms psci0: <ARM Power State Co-ordination Interface Driver> on acpi0
+000894ms smccc0: <ARM SMCCC v1.0> on psci0
+000894ms gic0: <ARM Generic Interrupt Controller> iomem 0x8000000-0x8000fff,0x8010000-0x8010fff on acpi0
+000894ms gic0: pn 0x0, arch 0x2, rev 0x0, implementer 0x43b irqs 288
+000894ms gic0: frame: 0 8020000 1 64 80
+000894ms gicv2m0: <ARM Generic Interrupt Controller MSI/MSIX> mem 0x8020000-0x8020fff on gic0
+000909ms generic_timer0: <ARM Generic Timer> irq 34,35,36,37 on acpi0
+000909ms Timecounter "ARM MPCore Timecounter" frequency 24000000 Hz quality 1000
+000909ms Event timer "ARM MPCore Eventtimer" frequency 24000000 Hz quality 1000
+000909ms efirtc0: <EFI Realtime Clock>
+000909ms efirtc0: registered as a time-of-day clock, resolution 1.000000s
+000909ms smbios0: <System Management BIOS>
+000909ms smbios0: Entry point: v3 (64-bit), Version: 3.0
+000909ms pmu0: <Performance Monitoring Unit> on acpi0
+000909ms cpu0: <ACPI CPU> on acpi0
+000909ms uart0: <PrimeCell UART (PL011)> iomem 0x9000000-0x9000fff irq 0 on acpi0
+000909ms uart0: console (9600,n,8,1)
+000909ms pcib0: <Generic PCI host controller> on acpi0
+000909ms pci0: <ACPI PCI bus> on pcib0
+000928ms virtio_pci0: <VirtIO PCI (legacy) Network adapter> port 0x80-0x9f mem 0x8000000000-0x8000003fff at device 1.0 on pci0
+000940ms vtnet0: <VirtIO Networking Adapter> on virtio_pci0
+000940ms vtnet0: Ethernet address: 52:54:00:12:34:56
+000940ms vtnet0: netmap queues/slots: TX 1/256, RX 1/128
+000965ms 000.000060 [ 452] vtnet_netmap_attach       vtnet attached txq=1, txd=256 rxq=1, rxd=128
+000965ms virtio_pci1: <VirtIO PCI (legacy) Block adapter> mem 0x10040000-0x10040fff,0x8000004000-0x8000007fff at device 2.0 on pci0
+000979ms vtblk0: <VirtIO Block Adapter> on virtio_pci1
+001058ms vtblk0: 4095MB (8387712 512 byte sectors)
+001116ms acpi_ged0: <Generic Event Device> irq 33 on acpi0
+001116ms acpi_ged0: Raw IRQ 41
+001116ms acpi_button0: <Power Button> on acpi0
+001116ms armv8crypto0: <AES-CBC,AES-XTS,AES-GCM>
+001116ms Timecounters tick every 10.000 msec
+001116ms CPU  0: Apple Unknown CPU r0p0 (midr: 610f0000) affinity:  0
+001116ms                    Cache Type = <64 byte CWG,64 byte ERG,64 byte D-cacheline,PIPT I-cache,64 byte I-cacheline>
+001116ms  Instruction Set Attributes 0 = <TLBI-OSR,CondM-8.5,FHM,DP,SHA3,RDM,Atomic,CRC32,SHA2+SHA512,SHA1,AES+PMULL>
+001116ms  Instruction Set Attributes 1 = <PredInv v8.5,SB,FRINTTS,GPI,RCPC-8.4,FCMA,JSCVT,API EPAC,DCCVADP>
+001116ms  Instruction Set Attributes 2 = <>
+001116ms          Processor Features 0 = <CSV3,CSV2,PSTATE.DIT,RAS,AdvSIMD+HP,FP+HP,EL1,EL0>
+001116ms          Processor Features 1 = <MTE_frac>
+001116ms          Processor Features 2 = <>
+001116ms       Memory Model Features 0 = <ExS,TGran4,TGran16,8bit ASID,1TB PA>
+001116ms       Memory Model Features 1 = <XNX,SpecSEI,PAN+ATS1E1,LO,HPD+TTPBHA,8bit VMID>
+001116ms       Memory Model Features 2 = <E0PD,TTL,IDS,AT,32bit CCIDX,48bit VA,IESB,UAO,CnP>
+001116ms       Memory Model Features 3 = <>
+001116ms       Memory Model Features 4 = <>
+001116ms              Debug Features 0 = <DoubleLock,2 CTX BKPTs,4 Watchpoints,6 Breakpoints,Debugv8>
+001116ms              Debug Features 1 = <>
+001116ms          Auxiliary Features 0 = <>
+001116ms          Auxiliary Features 1 = <>
+001116ms AArch32 Instruction Set Attributes 5 = <>
+001116ms AArch32 Media and VFP Features 0 = <>
+001116ms AArch32 Media and VFP Features 1 = <>
+001116ms CPU  1: Apple Unknown CPU r0p0 (midr: 610f0000) affinity:  1
+001116ms gic0: using for IPIs
+001222ms Release APs...done
+001262ms Trying to mount root from ufs:/dev/gpt/rootfs [rw,noatime]...
+001791ms Setting hostuuid: 226909d5-2e00-4f8b-8ac2-219cb44b6f42.
+001791ms Setting hostid: 0x058ccd11.
+001804ms Starting file system checks:
+001833ms /dev/gpt/rootfs: FILE SYSTEM CLEAN; SKIPPING CHECKS
+001833ms /dev/gpt/rootfs: clean, 511767 free (23 frags, 63968 blocks, 0.0% fragmentation)
+001848ms /dev/gpt/efiboot0: FILESYSTEM CLEAN; SKIPPING CHECKS
+002227ms Mounting local filesystems:.
+002471ms ELF ldconfig path: /lib /usr/lib /usr/lib/compat
+002485ms Setting hostname: smolbsd-arm64.
+002535ms Setting up harvesting: RANDOMDEV,[CALLOUT],[UMA],[FS_ATIME],SWI,INTERRUPT,NET_NG,[NET_ETHER],NET_TUN,MOUSE,KEYBOARD,ATTACH,CACHED
+002561ms Feeding entropy: .
+002645ms lo0: link state changed to UP
+002693ms vtnet0: link state changed to UP
+002720ms Starting Network: lo0 vtnet0.
+002720ms lo0: flags=1008049<UP,LOOPBACK,RUNNING,MULTICAST,LOWER_UP> metric 0 mtu 16384
+002720ms options=680003<RXCSUM,TXCSUM,LINKSTATE,RXCSUM_IPV6,TXCSUM_IPV6>
+002720ms inet 127.0.0.1 netmask 0xff000000
+002720ms inet6 ::1 prefixlen 128
+002720ms inet6 fe80::1%lo0 prefixlen 64 scopeid 0x2
+002720ms groups: lo
+002720ms nd6 options=21<PERFORMNUD,AUTO_LINKLOCAL>
+002720ms vtnet0: flags=1008843<UP,BROADCAST,RUNNING,SIMPLEX,MULTICAST,LOWER_UP> metric 0 mtu 1500
+002720ms options=880028<VLAN_MTU,JUMBO_MTU,LINKSTATE,HWSTATS>
+002720ms ether 52:54:00:12:34:56
+002720ms media: Ethernet autoselect (10Gbase-T <full-duplex>)
+002720ms status: active
+002720ms nd6 options=29<PERFORMNUD,IFDISABLED,AUTO_LINKLOCAL>
+002940ms Starting devd.
+003269ms Starting dhclient.
+003295ms DHCPREQUEST on vtnet0 to 255.255.255.255 port 67
+003295ms DHCPACK from 10.0.2.2
+003477ms bound to 10.0.2.15 -- renewal in 43200 seconds.
+003509ms route: message indicates error: File exists
+003509ms add host 127.0.0.1: gateway lo0 fib 0: route already in table
+003559ms route: message indicates error: File exists
+003559ms add host ::1: gateway lo0 fib 0: route already in table
+003559ms add net fe80::: gateway ::1
+003559ms add net ff02::: gateway ::1
+003559ms add net ::ffff:0.0.0.0: gateway ::1
+003559ms add net ::0.0.0.0: gateway ::1
+003835ms Clearing /tmp (X related).
+003877ms Updating motd:.
+004003ms Updating /var/run/os-release done.
+004015ms Creating and/or trimming log files.
+004097ms Starting syslogd.
+004283ms Mounting late filesystems:.
+004392ms Performing sanity check on sshd configuration.
+004638ms Starting sshd.
+004800ms Starting cron.
+004814ms Starting background file system checks in 60 seconds.
+004827ms Wed Sep 23 08:36:49 UTC 2026
+004827ms FreeBSD/arm64 (smolbsd-arm64) (ttyu0)
+004827ms login: 