+000422ms UEFI firmware (version edk2-stable202408-prebuilt.qemu.org built at 16:28:50 on Sep 12 2024)
+000844ms ArmTrngLib could not be correctly initialized.
+000844ms Error: Image at 0004FDB6000 start failed: 00000001
+000844ms Error: Image at 0004FD6D000 start failed: Not Found
+000901ms Error: Image at 0004FCBA000 start failed: Unsupported
+000901ms Error: Image at 0004FC3F000 start failed: Not Found
+000901ms Error: Image at 0004FB65000 start failed: Aborted
+000926ms Tpm2SubmitCommand - Tcg2 - Not Found
+000926ms Tpm2GetCapabilityPcrs fail!
+000926ms Tpm2SubmitCommand - Tcg2 - Not Found
+000957ms Image type X64 can't be loaded on AARCH64 UEFI system.
+001127ms BdsDxe: loading Boot0001 "UEFI Misc Device" from PciRoot(0x0)/Pci(0x2,0x0)
+001127ms BdsDxe: starting Boot0001 "UEFI Misc Device" from PciRoot(0x0)/Pci(0x2,0x0)
+001127ms Consoles: EFI console  
+001158ms     Reading loader env vars from /efi/freebsd/loader.env
+001158ms Setting currdev to disk0p1:
+001158ms FreeBSD/arm64 EFI loader, Revision 3.0
+001158ms    Command line arguments: loader.efi
+001158ms    Image base: 0x4c69e000
+001158ms    EFI version: 2.70
+001158ms    EFI Firmware: EDK II (rev 1.00)
+001158ms    Console: efi (0x1000)
+001158ms    Load Path: \EFI\BOOT\BOOTAA64.EFI
+001158ms    Load Device: PciRoot(0x0)/Pci(0x2,0x0)/HD(1,GPT,410F6650-49C6-11F1-067B-FF9D86F8DCED,0x22,0x10418)
+001172ms    BootCurrent: 0001
+001172ms    BootOrder: 0000 0001[*] 0002
+001172ms    BootInfo Path: PciRoot(0x0)/Pci(0x2,0x0)
+001172ms Ignoring Boot0001: Only one DP found
+001172ms Trying ESP: PciRoot(0x0)/Pci(0x2,0x0)/HD(1,GPT,410F6650-49C6-11F1-067B-FF9D86F8DCED,0x22,0x10418)
+001172ms Setting currdev to disk0p1:
+001172ms |Trying: PciRoot(0x0)/Pci(0x2,0x0)/HD(2,GPT,410F665A-49C6-11F1-1D08-61407E6AF4DA,0x1043A,0x100000)
+001172ms Setting currdev to disk0p2:
+001195ms /Trying: PciRoot(0x0)/Pci(0x2,0x0)/HD(3,GPT,410F665A-49C6-11F1-17A5-D14FFF7C5968,0x11043A,0x6EF800)
+001195ms Setting currdev to disk0p3:
+001281ms -\|/-\|/-\|/-\|/-\|/-\Loading /boot/defaults/loader.conf
+001281ms Loading /boot/defaults/loader.conf
+001294ms Loading /boot/device.hints
+001294ms Loading /boot/loader.conf
+001294ms console uart0 is unavailable
+001294ms no valid consoles!
+001294ms Available consoles:
+001294ms     efi
+001294ms     eficom
+001294ms |Loading /boot/loader.conf.local
+001294ms /?c-Loading kernel...
+001340ms \|/boot/kernel/kernel text=0x318 text=0x765f28 /-\|text=0x1979d0 data=0xfa660 /data=0x0+0x2bf000 0x8+0xf3b70+0x8+0xd6e2d-
+001340ms Loading configured modules...
+001368ms /boot/entropy size=0x1000
+001368ms \/etc/hostid size=0x25
+001368ms Booting [/boot/kernel/kernel]...               
+001465ms Loading splash ok
+001465ms No valid device tree blob found!
+001465ms WARNING! Trying to fire up the kernel, but no device tree blob found!
+001481ms ---<<BOOT>>---
+001481ms Copyright (c) 1992-2025 The FreeBSD Project.
+001481ms Copyright (c) 1979, 1980, 1983, 1986, 1988, 1989, 1991, 1992, 1993, 1994
+001495ms The Regents of the University of California. All rights reserved.
+001495ms FreeBSD is a registered trademark of The FreeBSD Foundation.
+001495ms FreeBSD 15.0-RELEASE-p5 releng/15.0-0730d5233286 SMOLBSD arm64
+001495ms FreeBSD clang version 19.1.7 (https://github.com/llvm/llvm-project.git llvmorg-19.1.7-0-gcd708029e0b2)
+001495ms VT: init without driver.
+001495ms real memory  = 268435456 (256 MB)
+001495ms avail memory = 236445696 (225 MB)
+001495ms Starting CPU 1 (1)
+001495ms FreeBSD/SMP: Multiprocessor System Detected: 2 CPUs
+001495ms random: unblocking device.
+001511ms random: entropy device external interface
+001511ms kbd0 at kbdmux0
+001511ms acpi0: <BOCHS BXPC>
+001511ms acpi0: Power Button (fixed)
+001511ms acpi0: Sleep Button (fixed)
+001511ms acpi0: Could not update all GPEs: AE_NOT_CONFIGURED
+001511ms psci0: <ARM Power State Co-ordination Interface Driver> on acpi0
+001511ms smccc0: <ARM SMCCC v1.0> on psci0
+001511ms gic0: <ARM Generic Interrupt Controller> iomem 0x8000000-0x8000fff,0x8010000-0x8010fff on acpi0
+001511ms gic0: pn 0x0, arch 0x2, rev 0x0, implementer 0x43b irqs 288
+001511ms gic0: frame: 0 8020000 1 64 80
+001511ms gicv2m0: <ARM Generic Interrupt Controller MSI/MSIX> mem 0x8020000-0x8020fff on gic0
+001527ms generic_timer0: <ARM Generic Timer> irq 34,35,36,37 on acpi0
+001527ms Timecounter "ARM MPCore Timecounter" frequency 24000000 Hz quality 1000
+001527ms Event timer "ARM MPCore Eventtimer" frequency 24000000 Hz quality 1000
+001527ms efirtc0: <EFI Realtime Clock>
+001527ms efirtc0: registered as a time-of-day clock, resolution 1.000000s
+001527ms smbios0: <System Management BIOS>
+001527ms smbios0: Entry point: v3 (64-bit), Version: 3.0
+001527ms pmu0: <Performance Monitoring Unit> on acpi0
+001527ms cpu0: <ACPI CPU> on acpi0
+001527ms uart0: <PrimeCell UART (PL011)> iomem 0x9000000-0x9000fff irq 0 on acpi0
+001527ms uart0: console (9600,n,8,1)
+001540ms pcib0: <Generic PCI host controller> on acpi0
+001540ms pci0: <ACPI PCI bus> on pcib0
+001581ms virtio_pci0: <VirtIO PCI (legacy) Network adapter> port 0x80-0x9f mem 0x8000000000-0x8000003fff at device 1.0 on pci0
+001618ms vtnet0: <VirtIO Networking Adapter> on virtio_pci0
+001634ms vtnet0: Ethernet address: 52:54:00:12:34:56
+001634ms vtnet0: netmap queues/slots: TX 1/256, RX 1/128
+001634ms 000.000060 [ 452] vtnet_netmap_attach       vtnet attached txq=1, txd=256 rxq=1, rxd=128
+001634ms virtio_pci1: <VirtIO PCI (legacy) Block adapter> mem 0x10040000-0x10040fff,0x8000004000-0x8000007fff at device 2.0 on pci0
+001634ms vtblk0: <VirtIO Block Adapter> on virtio_pci1
+001649ms vtblk0: 4095MB (8387712 512 byte sectors)
+001649ms acpi_ged0: <Generic Event Device> irq 33 on acpi0
+001649ms acpi_ged0: Raw IRQ 41
+001649ms acpi_button0: <Power Button> on acpi0
+001649ms armv8crypto0: <AES-CBC,AES-XTS,AES-GCM>
+001649ms Timecounters tick every 10.000 msec
+001665ms CPU  0: Apple Unknown CPU r0p0 (midr: 610f0000) affinity:  0
+001665ms                    Cache Type = <64 byte CWG,64 byte ERG,64 byte D-cacheline,PIPT I-cache,64 byte I-cacheline>
+001665ms  Instruction Set Attributes 0 = <TLBI-OSR,CondM-8.5,FHM,DP,SHA3,RDM,Atomic,CRC32,SHA2+SHA512,SHA1,AES+PMULL>
+001665ms  Instruction Set Attributes 1 = <PredInv v8.5,SB,FRINTTS,GPI,RCPC-8.4,FCMA,JSCVT,API EPAC,DCCVADP>
+001665ms  Instruction Set Attributes 2 = <>
+001665ms          Processor Features 0 = <CSV3,CSV2,PSTATE.DIT,RAS,AdvSIMD+HP,FP+HP,EL1,EL0>
+001665ms          Processor Features 1 = <MTE_frac>
+001665ms          Processor Features 2 = <>
+001665ms       Memory Model Features 0 = <ExS,TGran4,TGran16,8bit ASID,1TB PA>
+001665ms       Memory Model Features 1 = <XNX,SpecSEI,PAN+ATS1E1,LO,HPD+TTPBHA,8bit VMID>
+001665ms       Memory Model Features 2 = <E0PD,TTL,IDS,AT,32bit CCIDX,48bit VA,IESB,UAO,CnP>
+001665ms       Memory Model Features 3 = <>
+001665ms       Memory Model Features 4 = <>
+001665ms              Debug Features 0 = <DoubleLock,2 CTX BKPTs,4 Watchpoints,6 Breakpoints,Debugv8>
+001665ms              Debug Features 1 = <>
+001665ms          Auxiliary Features 0 = <>
+001665ms          Auxiliary Features 1 = <>
+001665ms AArch32 Instruction Set Attributes 5 = <>
+001665ms AArch32 Media and VFP Features 0 = <>
+001665ms AArch32 Media and VFP Features 1 = <>
+001678ms CPU  1: Apple Unknown CPU r0p0 (midr: 610f0000) affinity:  1
+001678ms gic0: using for IPIs
+001691ms Release APs...done
+001691ms Trying to mount root from ufs:/dev/gpt/rootfs [rw,noatime]...
+004043ms Setting hostuuid: 226909d5-2e00-4f8b-8ac2-219cb44b6f42.
+004054ms Setting hostid: 0x058ccd11.
+004085ms Starting file system checks:
+004114ms /dev/gpt/rootfs: FILE SYSTEM CLEAN; SKIPPING CHECKS
+004114ms /dev/gpt/rootfs: clean, 511767 free (23 frags, 63968 blocks, 0.0% fragmentation)
+004129ms /dev/gpt/efiboot0: FILESYSTEM CLEAN; SKIPPING CHECKS
+004358ms Mounting local filesystems:.
+004744ms ELF ldconfig path: /lib /usr/lib /usr/lib/compat
+004774ms Setting hostname: smolbsd-arm64.
+004826ms Setting up harvesting: RANDOMDEV,[CALLOUT],[UMA],[FS_ATIME],SWI,INTERRUPT,NET_NG,[NET_ETHER],NET_TUN,MOUSE,KEYBOARD,ATTACH,CACHED
+004867ms Feeding entropy: .
+004993ms lo0: link state changed to UP
+005065ms vtnet0: link state changed to UP
+005081ms Starting Network: lo0 vtnet0.
+005094ms lo0: flags=1008049<UP,LOOPBACK,RUNNING,MULTICAST,LOWER_UP> metric 0 mtu 16384
+005094ms options=680003<RXCSUM,TXCSUM,LINKSTATE,RXCSUM_IPV6,TXCSUM_IPV6>
+005094ms inet 127.0.0.1 netmask 0xff000000
+005094ms inet6 ::1 prefixlen 128
+005094ms inet6 fe80::1%lo0 prefixlen 64 scopeid 0x2
+005094ms groups: lo
+005094ms nd6 options=21<PERFORMNUD,AUTO_LINKLOCAL>
+005094ms vtnet0: flags=1008843<UP,BROADCAST,RUNNING,SIMPLEX,MULTICAST,LOWER_UP> metric 0 mtu 1500
+005094ms options=880028<VLAN_MTU,JUMBO_MTU,LINKSTATE,HWSTATS>
+005094ms ether 52:54:00:12:34:56
+005094ms media: Ethernet autoselect (10Gbase-T <full-duplex>)
+005094ms status: active
+005094ms nd6 options=29<PERFORMNUD,IFDISABLED,AUTO_LINKLOCAL>
+005166ms Starting devd.
+009034ms Starting dhclient.
+009397ms route: message indicates error: File exists
+009397ms add host 127.0.0.1: gateway lo0 fib 0: route already in table
+009595ms route: message indicates error: File exists
+009608ms add host ::1: gateway lo0 fib 0: route already in table
+009608ms add net fe80::: gateway ::1
+009608ms add net ff02::: gateway ::1
+009622ms add net ::ffff:0.0.0.0: gateway ::1
+009622ms add net ::0.0.0.0: gateway ::1
+009845ms Clearing /tmp (X related).
+009923ms Updating motd:.
+010062ms Updating /var/run/os-release done.
+010100ms Creating and/or trimming log files.
+010115ms Starting syslogd.
+010323ms Mounting late filesystems:.
+010786ms Performing sanity check on sshd configuration.
+011348ms Starting sshd.
+011389ms Starting cron.
+011411ms Starting background file system checks in 60 seconds.
+011411ms Wed Sep 23 09:56:50 UTC 2026
+011429ms FreeBSD/arm64 (smolbsd-arm64) (ttyu0)
+011429ms login: 