+000141ms UEFI firmware (version edk2-stable202408-prebuilt.qemu.org built at 16:28:50 on Sep 12 2024)
+000282ms ArmTrngLib could not be correctly initialized.
+000282ms Error: Image at 0004FDB6000 start failed: 00000001
+000282ms Error: Image at 0004FD6D000 start failed: Not Found
+000323ms Error: Image at 0004FCBA000 start failed: Unsupported
+000339ms Error: Image at 0004FC3F000 start failed: Not Found
+000339ms Error: Image at 0004FB65000 start failed: Aborted
+000339ms Tpm2SubmitCommand - Tcg2 - Not Found
+000339ms Tpm2GetCapabilityPcrs fail!
+000339ms Tpm2SubmitCommand - Tcg2 - Not Found
+000355ms Image type X64 can't be loaded on AARCH64 UEFI system.
+000685ms BdsDxe: loading Boot0001 "UEFI Misc Device" from PciRoot(0x0)/Pci(0x2,0x0)
+000685ms BdsDxe: starting Boot0001 "UEFI Misc Device" from PciRoot(0x0)/Pci(0x2,0x0)
+000685ms Consoles: EFI console  
+000716ms     Reading loader env vars from /efi/freebsd/loader.env
+000716ms Setting currdev to disk0p1:
+000716ms FreeBSD/arm64 EFI loader, Revision 3.0
+000716ms    Command line arguments: loader.efi
+000716ms    Image base: 0x4c69e000
+000716ms    EFI version: 2.70
+000716ms    EFI Firmware: EDK II (rev 1.00)
+000716ms    Console: efi (0x1000)
+000716ms    Load Path: \EFI\BOOT\BOOTAA64.EFI
+000716ms    Load Device: PciRoot(0x0)/Pci(0x2,0x0)/HD(1,GPT,410F6650-49C6-11F1-067B-FF9D86F8DCED,0x22,0x10418)
+000716ms    BootCurrent: 0001
+000716ms    BootOrder: 0000 0001[*] 0002
+000716ms    BootInfo Path: PciRoot(0x0)/Pci(0x2,0x0)
+000716ms Ignoring Boot0001: Only one DP found
+000716ms Trying ESP: PciRoot(0x0)/Pci(0x2,0x0)/HD(1,GPT,410F6650-49C6-11F1-067B-FF9D86F8DCED,0x22,0x10418)
+000716ms Setting currdev to disk0p1:
+000716ms |Trying: PciRoot(0x0)/Pci(0x2,0x0)/HD(2,GPT,410F665A-49C6-11F1-1D08-61407E6AF4DA,0x1043A,0x100000)
+000716ms Setting currdev to disk0p2:
+000731ms /Trying: PciRoot(0x0)/Pci(0x2,0x0)/HD(3,GPT,410F665A-49C6-11F1-17A5-D14FFF7C5968,0x11043A,0x6EF800)
+000731ms Setting currdev to disk0p3:
+000756ms -\|/-\|/-\|/-\|/-\|/-\Loading /boot/defaults/loader.conf
+000756ms Loading /boot/defaults/loader.conf
+000756ms Loading /boot/device.hints
+000756ms Loading /boot/loader.conf
+000756ms console uart0 is unavailable
+000756ms no valid consoles!
+000756ms Available consoles:
+000756ms     efi
+000756ms     eficom
+000756ms |Loading /boot/loader.conf.local
+000756ms /?c-Loading kernel...
+000799ms \|/boot/kernel/kernel text=0x318 text=0x765f28 /-\|text=0x1979d0 data=0xfa660 /data=0x0+0x2bf000 0x8+0xf3b70+0x8+0xd6e2d-
+000799ms Loading configured modules...
+000799ms /boot/entropy size=0x1000
+000799ms \/etc/hostid size=0x25
+000799ms Booting [/boot/kernel/kernel]...               
+000799ms Loading splash ok
+000799ms No valid device tree blob found!
+000799ms WARNING! Trying to fire up the kernel, but no device tree blob found!
+000868ms ---<<BOOT>>---
+000868ms Copyright (c) 1992-2025 The FreeBSD Project.
+000868ms Copyright (c) 1979, 1980, 1983, 1986, 1988, 1989, 1991, 1992, 1993, 1994
+000868ms The Regents of the University of California. All rights reserved.
+000868ms FreeBSD is a registered trademark of The FreeBSD Foundation.
+000868ms FreeBSD 15.0-RELEASE-p5 releng/15.0-0730d5233286 SMOLBSD arm64
+000868ms FreeBSD clang version 19.1.7 (https://github.com/llvm/llvm-project.git llvmorg-19.1.7-0-gcd708029e0b2)
+000884ms VT: init without driver.
+000884ms real memory  = 268435456 (256 MB)
+000884ms avail memory = 236445696 (225 MB)
+000884ms Starting CPU 1 (1)
+000884ms FreeBSD/SMP: Multiprocessor System Detected: 2 CPUs
+000884ms random: unblocking device.
+000884ms random: entropy device external interface
+000884ms kbd0 at kbdmux0
+000884ms acpi0: <BOCHS BXPC>
+000896ms acpi0: Power Button (fixed)
+000896ms acpi0: Sleep Button (fixed)
+000896ms acpi0: Could not update all GPEs: AE_NOT_CONFIGURED
+000896ms psci0: <ARM Power State Co-ordination Interface Driver> on acpi0
+000896ms smccc0: <ARM SMCCC v1.0> on psci0
+000896ms gic0: <ARM Generic Interrupt Controller> iomem 0x8000000-0x8000fff,0x8010000-0x8010fff on acpi0
+000896ms gic0: pn 0x0, arch 0x2, rev 0x0, implementer 0x43b irqs 288
+000896ms gic0: frame: 0 8020000 1 64 80
+000896ms gicv2m0: <ARM Generic Interrupt Controller MSI/MSIX> mem 0x8020000-0x8020fff on gic0
+000908ms generic_timer0: <ARM Generic Timer> irq 34,35,36,37 on acpi0
+000908ms Timecounter "ARM MPCore Timecounter" frequency 24000000 Hz quality 1000
+000908ms Event timer "ARM MPCore Eventtimer" frequency 24000000 Hz quality 1000
+000908ms efirtc0: <EFI Realtime Clock>
+000908ms efirtc0: registered as a time-of-day clock, resolution 1.000000s
+000908ms smbios0: <System Management BIOS>
+000908ms smbios0: Entry point: v3 (64-bit), Version: 3.0
+000908ms pmu0: <Performance Monitoring Unit> on acpi0
+000920ms cpu0: <ACPI CPU> on acpi0
+000920ms uart0: <PrimeCell UART (PL011)> iomem 0x9000000-0x9000fff irq 0 on acpi0
+000920ms uart0: console (9600,n,8,1)
+000920ms pcib0: <Generic PCI host controller> on acpi0
+000920ms pci0: <ACPI PCI bus> on pcib0
+000964ms virtio_pci0: <VirtIO PCI (legacy) Network adapter> port 0x80-0x9f mem 0x8000000000-0x8000003fff at device 1.0 on pci0
+000964ms vtnet0: <VirtIO Networking Adapter> on virtio_pci0
+000978ms vtnet0: Ethernet address: 52:54:00:12:34:56
+000978ms vtnet0: netmap queues/slots: TX 1/256, RX 1/128
+000978ms 000.000060 [ 452] vtnet_netmap_attach       vtnet attached txq=1, txd=256 rxq=1, rxd=128
+000992ms virtio_pci1: <VirtIO PCI (legacy) Block adapter> mem 0x10040000-0x10040fff,0x8000004000-0x8000007fff at device 2.0 on pci0
+000992ms vtblk0: <VirtIO Block Adapter> on virtio_pci1
+001008ms vtblk0: 4095MB (8387712 512 byte sectors)
+001008ms acpi_ged0: <Generic Event Device> irq 33 on acpi0
+001008ms acpi_ged0: Raw IRQ 41
+001008ms acpi_button0: <Power Button> on acpi0
+001008ms armv8crypto0: <AES-CBC,AES-XTS,AES-GCM>
+001022ms Timecounters tick every 10.000 msec
+001022ms CPU  0: Apple Unknown CPU r0p0 (midr: 610f0000) affinity:  0
+001022ms                    Cache Type = <64 byte CWG,64 byte ERG,64 byte D-cacheline,PIPT I-cache,64 byte I-cacheline>
+001022ms  Instruction Set Attributes 0 = <TLBI-OSR,CondM-8.5,FHM,DP,SHA3,RDM,Atomic,CRC32,SHA2+SHA512,SHA1,AES+PMULL>
+001022ms  Instruction Set Attributes 1 = <PredInv v8.5,SB,FRINTTS,GPI,RCPC-8.4,FCMA,JSCVT,API EPAC,DCCVADP>
+001022ms  Instruction Set Attributes 2 = <>
+001022ms          Processor Features 0 = <CSV3,CSV2,PSTATE.DIT,RAS,AdvSIMD+HP,FP+HP,EL1,EL0>
+001022ms          Processor Features 1 = <MTE_frac>
+001022ms          Processor Features 2 = <>
+001022ms       Memory Model Features 0 = <ExS,TGran4,TGran16,8bit ASID,1TB PA>
+001022ms       Memory Model Features 1 = <XNX,SpecSEI,PAN+ATS1E1,LO,HPD+TTPBHA,8bit VMID>
+001022ms       Memory Model Features 2 = <E0PD,TTL,IDS,AT,32bit CCIDX,48bit VA,IESB,UAO,CnP>
+001022ms       Memory Model Features 3 = <>
+001022ms       Memory Model Features 4 = <>
+001022ms              Debug Features 0 = <DoubleLock,2 CTX BKPTs,4 Watchpoints,6 Breakpoints,Debugv8>
+001022ms              Debug Features 1 = <>
+001022ms          Auxiliary Features 0 = <>
+001022ms          Auxiliary Features 1 = <>
+001022ms AArch32 Instruction Set Attributes 5 = <>
+001022ms AArch32 Media and VFP Features 0 = <>
+001022ms AArch32 Media and VFP Features 1 = <>
+001022ms CPU  1: Apple Unknown CPU r0p0 (midr: 610f0000) affinity:  1
+001022ms gic0: using for IPIs
+001022ms Release APs...done
+001022ms Trying to mount root from ufs:/dev/gpt/rootfs [rw,noatime]...
+001423ms Setting hostuuid: 226909d5-2e00-4f8b-8ac2-219cb44b6f42.
+001437ms Setting hostid: 0x058ccd11.
+001453ms Starting file system checks:
+001495ms /dev/gpt/rootfs: FILE SYSTEM CLEAN; SKIPPING CHECKS
+001495ms /dev/gpt/rootfs: clean, 511767 free (23 frags, 63968 blocks, 0.0% fragmentation)
+001509ms /dev/gpt/efiboot0: FILESYSTEM CLEAN; SKIPPING CHECKS
+001728ms Mounting local filesystems:.
+001912ms ELF ldconfig path: /lib /usr/lib /usr/lib/compat
+001978ms Setting hostname: smolbsd-arm64.
+002302ms Setting up harvesting: RANDOMDEV,[CALLOUT],[UMA],[FS_ATIME],SWI,INTERRUPT,NET_NG,[NET_ETHER],NET_TUN,MOUSE,KEYBOARD,ATTACH,CACHED
+002348ms Feeding entropy: .
+002474ms lo0: link state changed to UP
+002592ms vtnet0: link state changed to UP
+002633ms Starting Network: lo0 vtnet0.
+002633ms lo0: flags=1008049<UP,LOOPBACK,RUNNING,MULTICAST,LOWER_UP> metric 0 mtu 16384
+002633ms options=680003<RXCSUM,TXCSUM,LINKSTATE,RXCSUM_IPV6,TXCSUM_IPV6>
+002633ms inet 127.0.0.1 netmask 0xff000000
+002633ms inet6 ::1 prefixlen 128
+002633ms inet6 fe80::1%lo0 prefixlen 64 scopeid 0x2
+002633ms groups: lo
+002633ms nd6 options=21<PERFORMNUD,AUTO_LINKLOCAL>
+002655ms vtnet0: flags=1008843<UP,BROADCAST,RUNNING,SIMPLEX,MULTICAST,LOWER_UP> metric 0 mtu 1500
+002655ms options=880028<VLAN_MTU,JUMBO_MTU,LINKSTATE,HWSTATS>
+002655ms ether 52:54:00:12:34:56
+002655ms media: Ethernet autoselect (10Gbase-T <full-duplex>)
+002655ms status: active
+002655ms nd6 options=29<PERFORMNUD,IFDISABLED,AUTO_LINKLOCAL>
+002766ms Starting devd.
+005223ms Starting dhclient.
+006286ms Waiting 30s for the default route interface: (vtnet0)
+006301ms route: message indicates error: File exists
+006301ms add host 127.0.0.1: gateway lo0 fib 0: route already in table
+006315ms route: message indicates error: File exists
+006329ms add host ::1: gateway lo0 fib 0: route already in table
+006329ms add net fe80::: gateway ::1
+006329ms add net ff02::: gateway ::1
+006329ms add net ::ffff:0.0.0.0: gateway ::1
+006329ms add net ::0.0.0.0: gateway ::1
+006440ms Clearing /tmp (X related).
+006477ms Updating motd:.
+006609ms Updating /var/run/os-release done.
+006645ms Creating and/or trimming log files.
+006656ms Starting syslogd.
+006824ms Mounting late filesystems:.
+006980ms Performing sanity check on sshd configuration.
+007369ms Starting sshd.
+007421ms Starting cron.
+007436ms Starting background file system checks in 60 seconds.
+007452ms Wed Sep 23 10:00:58 UTC 2026
+007452ms FreeBSD/arm64 (smolbsd-arm64) (ttyu0)
+007452ms login: 