+000107ms UEFI firmware (version edk2-stable202408-prebuilt.qemu.org built at 16:28:50 on Sep 12 2024)
+000201ms ArmTrngLib could not be correctly initialized.
+000201ms Error: Image at 0004FDB6000 start failed: 00000001
+000201ms Error: Image at 0004FD6D000 start failed: Not Found
+000227ms Error: Image at 0004FCBA000 start failed: Unsupported
+000227ms Error: Image at 0004FC3F000 start failed: Not Found
+000244ms Error: Image at 0004FB65000 start failed: Aborted
+000244ms Tpm2SubmitCommand - Tcg2 - Not Found
+000244ms Tpm2GetCapabilityPcrs fail!
+000244ms Tpm2SubmitCommand - Tcg2 - Not Found
+000244ms Image type X64 can't be loaded on AARCH64 UEFI system.
+000286ms BdsDxe: loading Boot0001 "UEFI Misc Device" from PciRoot(0x0)/Pci(0x2,0x0)
+000286ms BdsDxe: starting Boot0001 "UEFI Misc Device" from PciRoot(0x0)/Pci(0x2,0x0)
+000286ms Consoles: EFI console  
+000302ms     Reading loader env vars from /efi/freebsd/loader.env
+000302ms Setting currdev to disk0p1:
+000302ms FreeBSD/arm64 EFI loader, Revision 3.0
+000302ms    Command line arguments: loader.efi
+000302ms    Image base: 0x4c69e000
+000302ms    EFI version: 2.70
+000302ms    EFI Firmware: EDK II (rev 1.00)
+000302ms    Console: efi (0x1000)
+000302ms    Load Path: \EFI\BOOT\BOOTAA64.EFI
+000302ms    Load Device: PciRoot(0x0)/Pci(0x2,0x0)/HD(1,GPT,410F6650-49C6-11F1-067B-FF9D86F8DCED,0x22,0x10418)
+000302ms    BootCurrent: 0001
+000302ms    BootOrder: 0000 0001[*] 0002
+000302ms    BootInfo Path: PciRoot(0x0)/Pci(0x2,0x0)
+000302ms Ignoring Boot0001: Only one DP found
+000302ms Trying ESP: PciRoot(0x0)/Pci(0x2,0x0)/HD(1,GPT,410F6650-49C6-11F1-067B-FF9D86F8DCED,0x22,0x10418)
+000302ms Setting currdev to disk0p1:
+000302ms |Trying: PciRoot(0x0)/Pci(0x2,0x0)/HD(2,GPT,410F665A-49C6-11F1-1D08-61407E6AF4DA,0x1043A,0x100000)
+000302ms Setting currdev to disk0p2:
+000302ms /Trying: PciRoot(0x0)/Pci(0x2,0x0)/HD(3,GPT,410F665A-49C6-11F1-17A5-D14FFF7C5968,0x11043A,0x6EF800)
+000302ms Setting currdev to disk0p3:
+000328ms -\|/-\|/-\|/-\|/-\|/-\Loading /boot/defaults/loader.conf
+000328ms Loading /boot/defaults/loader.conf
+000328ms Loading /boot/device.hints
+000343ms Loading /boot/loader.conf
+000343ms console uart0 is unavailable
+000343ms no valid consoles!
+000343ms Available consoles:
+000343ms     efi
+000343ms     eficom
+000343ms |Loading /boot/loader.conf.local
+000343ms /?c-Loading kernel...
+000436ms \|/boot/kernel/kernel text=0x318 text=0x765f28 /-\|text=0x1979d0 data=0xfa660 /data=0x0+0x2bf000 0x8+0xf3b70+0x8+0xd6e2d-
+000436ms Loading configured modules...
+000436ms /boot/entropy size=0x1000
+000451ms \/etc/hostid size=0x25
+000451ms Booting [/boot/kernel/kernel]...               
+000467ms Loading splash ok
+000467ms No valid device tree blob found!
+000467ms WARNING! Trying to fire up the kernel, but no device tree blob found!
+000467ms ---<<BOOT>>---
+000467ms Copyright (c) 1992-2025 The FreeBSD Project.
+000467ms Copyright (c) 1979, 1980, 1983, 1986, 1988, 1989, 1991, 1992, 1993, 1994
+000467ms The Regents of the University of California. All rights reserved.
+000467ms FreeBSD is a registered trademark of The FreeBSD Foundation.
+000467ms FreeBSD 15.0-RELEASE-p5 releng/15.0-0730d5233286 SMOLBSD arm64
+000467ms FreeBSD clang version 19.1.7 (https://github.com/llvm/llvm-project.git llvmorg-19.1.7-0-gcd708029e0b2)
+000480ms VT: init without driver.
+000480ms real memory  = 268435456 (256 MB)
+000480ms avail memory = 236453888 (225 MB)
+000480ms Starting CPU 1 (1)
+000480ms FreeBSD/SMP: Multiprocessor System Detected: 2 CPUs
+000480ms random: unblocking device.
+000480ms random: entropy device external interface
+000480ms kbd0 at kbdmux0
+000480ms acpi0: <BOCHS BXPC>
+000480ms acpi0: Power Button (fixed)
+000480ms acpi0: Sleep Button (fixed)
+000480ms acpi0: Could not update all GPEs: AE_NOT_CONFIGURED
+000480ms psci0: <ARM Power State Co-ordination Interface Driver> on acpi0
+000480ms smccc0: <ARM SMCCC v1.0> on psci0
+000480ms gic0: <ARM Generic Interrupt Controller> iomem 0x8000000-0x8000fff,0x8010000-0x8010fff on acpi0
+000480ms gic0: pn 0x0, arch 0x2, rev 0x0, implementer 0x43b irqs 288
+000480ms gic0: frame: 0 8020000 1 64 80
+000480ms gicv2m0: <ARM Generic Interrupt Controller MSI/MSIX> mem 0x8020000-0x8020fff on gic0
+000494ms generic_timer0: <ARM Generic Timer> irq 34,35,36,37 on acpi0
+000494ms Timecounter "ARM MPCore Timecounter" frequency 24000000 Hz quality 1000
+000494ms Event timer "ARM MPCore Eventtimer" frequency 24000000 Hz quality 1000
+000537ms efirtc0: <EFI Realtime Clock>
+000537ms efirtc0: registered as a time-of-day clock, resolution 1.000000s
+000537ms smbios0: <System Management BIOS>
+000537ms smbios0: Entry point: v3 (64-bit), Version: 3.0
+000537ms pmu0: <Performance Monitoring Unit> on acpi0
+000537ms cpu0: <ACPI CPU> on acpi0
+000537ms uart0: <PrimeCell UART (PL011)> iomem 0x9000000-0x9000fff irq 0 on acpi0
+000537ms uart0: console (9600,n,8,1)
+000629ms pcib0: <Generic PCI host controller> on acpi0
+000629ms pci0: <ACPI PCI bus> on pcib0
+000629ms virtio_pci0: <VirtIO PCI (legacy) Network adapter> port 0x80-0x9f mem 0x8000000000-0x8000003fff at device 1.0 on pci0
+000641ms vtnet0: <VirtIO Networking Adapter> on virtio_pci0
+000641ms vtnet0: Ethernet address: 52:54:00:12:34:56
+000641ms vtnet0: netmap queues/slots: TX 1/256, RX 1/128
+000641ms 000.000060 [ 452] vtnet_netmap_attach       vtnet attached txq=1, txd=256 rxq=1, rxd=128
+000641ms virtio_pci1: <VirtIO PCI (legacy) Block adapter> mem 0x10040000-0x10040fff,0x8000004000-0x8000007fff at device 2.0 on pci0
+000641ms vtblk0: <VirtIO Block Adapter> on virtio_pci1
+000641ms vtblk0: 4095MB (8387712 512 byte sectors)
+000641ms acpi_ged0: <Generic Event Device> irq 33 on acpi0
+000641ms acpi_ged0: Raw IRQ 41
+000641ms acpi_button0: <Power Button> on acpi0
+000641ms armv8crypto0: <AES-CBC,AES-XTS,AES-GCM>
+000657ms Timecounters tick every 10.000 msec
+000657ms CPU  0: Apple Unknown CPU r0p0 (midr: 610f0000) affinity:  0
+000657ms                    Cache Type = <64 byte CWG,64 byte ERG,64 byte D-cacheline,PIPT I-cache,64 byte I-cacheline>
+000657ms  Instruction Set Attributes 0 = <TLBI-OSR,CondM-8.5,FHM,DP,SHA3,RDM,Atomic,CRC32,SHA2+SHA512,SHA1,AES+PMULL>
+000668ms  Instruction Set Attributes 1 = <PredInv v8.5,SB,FRINTTS,GPI,RCPC-8.4,FCMA,JSCVT,API EPAC,DCCVADP>
+000730ms Trying to mount root from ufs:/dev/gpt/rootfs [rw,noatime]...
+000730ms  Instruction Set Attributes 2 = <>
+000744ms          Processor Features 0 = <CSV3,CSV2,PSTATE.DIT,RAS,AdvSIMD+HP,FP+HP,EL1,EL0>
+000744ms          Processor Features 1 = <MTE_frac>
+000744ms          Processor Features 2 = <>
+000744ms       Memory Model Features 0 = <ExS,TGran4,TGran16,8bit ASID,1TB PA>
+000744ms       Memory Model Features 1 = <XNX,SpecSEI,PAN+ATS1E1,LO,HPD+TTPBHA,8bit VMID>
+000744ms       Memory Model Features 2 = <E0PD,TTL,IDS,AT,32bit CCIDX,48bit VA,IESB,UAO,CnP>
+000744ms       Memory Model Features 3 = <>
+000744ms       Memory Model Features 4 = <>
+000744ms              Debug Features 0 = <DoubleLock,2 CTX BKPTs,4 Watchpoints,6 Breakpoints,Debugv8>
+000744ms              Debug Features 1 = <>
+000744ms          Auxiliary Features 0 = <>
+000744ms          Auxiliary Features 1 = <>
+000744ms AArch32 Instruction Set Attributes 5 = <>
+000744ms AArch32 Media and VFP Features 0 = <>
+000744ms AArch32 Media and VFP Features 1 = <>
+000744ms CPU  1: Apple Unknown CPU r0p0 (midr: 610f0000) affinity:  1
+000744ms gic0: using for IPIs
+000759ms Release APs...done
+001586ms Setting hostuuid: 226909d5-2e00-4f8b-8ac2-219cb44b6f42.
+001586ms Setting hostid: 0x058ccd11.
+001598ms Starting file system checks:
+001626ms /dev/gpt/rootfs: FILE SYSTEM CLEAN; SKIPPING CHECKS
+001626ms /dev/gpt/rootfs: clean, 511767 free (23 frags, 63968 blocks, 0.0% fragmentation)
+001642ms /dev/gpt/efiboot0: FILESYSTEM CLEAN; SKIPPING CHECKS
+001717ms Mounting local filesystems:.
+002114ms ELF ldconfig path: /lib /usr/lib /usr/lib/compat
+002156ms Setting hostname: smolbsd-arm64.
+002202ms Setting up harvesting: RANDOMDEV,[CALLOUT],[UMA],[FS_ATIME],SWI,INTERRUPT,NET_NG,[NET_ETHER],NET_TUN,MOUSE,KEYBOARD,ATTACH,CACHED
+002247ms Feeding entropy: .
+002370ms lo0: link state changed to UP
+002440ms vtnet0: link state changed to UP
+002486ms Starting Network: lo0 vtnet0.
+002486ms lo0: flags=1008049<UP,LOOPBACK,RUNNING,MULTICAST,LOWER_UP> metric 0 mtu 16384
+002486ms options=680003<RXCSUM,TXCSUM,LINKSTATE,RXCSUM_IPV6,TXCSUM_IPV6>
+002486ms inet 127.0.0.1 netmask 0xff000000
+002486ms inet6 ::1 prefixlen 128
+002486ms inet6 fe80::1%lo0 prefixlen 64 scopeid 0x2
+002486ms groups: lo
+002497ms nd6 options=21<PERFORMNUD,AUTO_LINKLOCAL>
+002497ms vtnet0: flags=1008843<UP,BROADCAST,RUNNING,SIMPLEX,MULTICAST,LOWER_UP> metric 0 mtu 1500
+002497ms options=880028<VLAN_MTU,JUMBO_MTU,LINKSTATE,HWSTATS>
+002497ms ether 52:54:00:12:34:56
+002497ms media: Ethernet autoselect (10Gbase-T <full-duplex>)
+002497ms status: active
+002497ms nd6 options=29<PERFORMNUD,IFDISABLED,AUTO_LINKLOCAL>
+002601ms Starting devd.
+005517ms Starting dhclient.
+005588ms DHCPREQUEST on vtnet0 to 255.255.255.255 port 67
+005605ms DHCPACK from 10.0.2.2
+005824ms bound to 10.0.2.15 -- renewal in 43200 seconds.
+005915ms route: message indicates error: File exists
+005915ms add host 127.0.0.1: gateway lo0 fib 0: route already in table
+005957ms route: message indicates error: File exists
+005957ms add host ::1: gateway lo0 fib 0: route already in table
+005957ms add net fe80::: gateway ::1
+005957ms add net ff02::: gateway ::1
+005957ms add net ::ffff:0.0.0.0: gateway ::1
+005957ms add net ::0.0.0.0: gateway ::1
+006144ms Clearing /tmp (X related).
+006309ms Updating motd:.
+006467ms Updating /var/run/os-release done.
+006510ms Creating and/or trimming log files.
+006522ms Starting syslogd.
+006939ms Mounting late filesystems:.
+007029ms Performing sanity check on sshd configuration.
+007296ms Starting sshd.
+007340ms Starting cron.
+007352ms Starting background file system checks in 60 seconds.
+007383ms Wed Sep 23 1
+007399ms FreeBSD/arm64 (smolbsd-arm64) (ttyu0)
+007399ms login: 