+000520ms UEFI firmware (version edk2-stable202408-prebuilt.qemu.org built at 16:28:50 on Sep 12 2024)
+000520ms ArmTrngLib could not be correctly initialized.
+000520ms Error: Image at 0004FDB6000 start failed: 00000001
+000520ms Error: Image at 0004FD6D000 start failed: Not Found
+000723ms Error: Image at 0004FCBA000 start failed: Unsupported
+000723ms Error: Image at 0004FC3F000 start failed: Not Found
+000723ms Error: Image at 0004FB65000 start failed: Aborted
+000864ms Tpm2SubmitCommand - Tcg2 - Not Found
+000864ms Tpm2GetCapabilityPcrs fail!
+000864ms Tpm2SubmitCommand - Tcg2 - Not Found
+000864ms Image type X64 can't be loaded on AARCH64 UEFI system.
+001211ms BdsDxe: loading Boot0001 "UEFI Misc Device" from PciRoot(0x0)/Pci(0x2,0x0)
+001269ms BdsDxe: starting Boot0001 "UEFI Misc Device" from PciRoot(0x0)/Pci(0x2,0x0)
+001269ms Consoles: EFI console  
+001377ms     Reading loader env vars from /efi/freebsd/loader.env
+001377ms Setting currdev to disk0p1:
+001377ms FreeBSD/arm64 EFI loader, Revision 3.0
+001377ms    Command line arguments: loader.efi
+001377ms    Image base: 0x4c69e000
+001377ms    EFI version: 2.70
+001377ms    EFI Firmware: EDK II (rev 1.00)
+001377ms    Console: efi (0x1000)
+001377ms    Load Path: \EFI\BOOT\BOOTAA64.EFI
+001377ms    Load Device: PciRoot(0x0)/Pci(0x2,0x0)/HD(1,GPT,410F6650-49C6-11F1-067B-FF9D86F8DCED,0x22,0x10418)
+001377ms    BootCurrent: 0001
+001457ms    BootOrder: 0000 0001[*] 0002
+001502ms    BootInfo Path: PciRoot(0x0)/Pci(0x2,0x0)
+001502ms Ignoring Boot0001: Only one DP found
+001515ms Trying ESP: PciRoot(0x0)/Pci(0x2,0x0)/HD(1,GPT,410F6650-49C6-11F1-067B-FF9D86F8DCED,0x22,0x10418)
+001515ms Setting currdev to disk0p1:
+001569ms |Trying: PciRoot(0x0)/Pci(0x2,0x0)/HD(2,GPT,410F665A-49C6-11F1-1D08-61407E6AF4DA,0x1043A,0x100000)
+001569ms Setting currdev to disk0p2:
+001569ms /Trying: PciRoot(0x0)/Pci(0x2,0x0)/HD(3,GPT,410F665A-49C6-11F1-17A5-D14FFF7C5968,0x11043A,0x6EF800)
+001569ms Setting currdev to disk0p3:
+001617ms -\|/-\|/-\|/-\|/-\|/-\Loading /boot/defaults/loader.conf
+001628ms Loading /boot/defaults/loader.conf
+001628ms Loading /boot/device.hints
+001628ms Loading /boot/loader.conf
+001628ms console uart0 is unavailable
+001628ms no valid consoles!
+001628ms Available consoles:
+001628ms     efi
+001628ms     eficom
+001644ms |Loading /boot/loader.conf.local
+001658ms /?c-Loading kernel...
+001957ms \|/boot/kernel/kernel text=0x318 text=0x765f28 /-\|text=0x1979d0 data=0xfa660 /data=0x0+0x2bf000 0x8+0xf3b70+0x8+0xd6e2d-
+001957ms Loading configured modules...
+002024ms /etc/hostid size=0x25
+002038ms \/boot/entropy size=0x1000
+002038ms Booting [/boot/kernel/kernel]...               
+002076ms Loading splash ok
+002076ms No valid device tree blob found!
+002076ms WARNING! Trying to fire up the kernel, but no device tree blob found!
+002101ms ---<<BOOT>>---
+002101ms Copyright (c) 1992-2025 The FreeBSD Project.
+002117ms Copyright (c) 1979, 1980, 1983, 1986, 1988, 1989, 1991, 1992, 1993, 1994
+002117ms The Regents of the University of California. All rights reserved.
+002117ms FreeBSD is a registered trademark of The FreeBSD Foundation.
+002117ms FreeBSD 15.0-RELEASE-p5 releng/15.0-0730d5233286 SMOLBSD arm64
+002164ms FreeBSD clang version 19.1.7 (https://github.com/llvm/llvm-project.git llvmorg-19.1.7-0-gcd708029e0b2)
+002197ms VT: init without driver.
+002197ms real memory  = 268435456 (256 MB)
+002197ms avail memory = 236445696 (225 MB)
+002270ms Starting CPU 1 (1)
+002270ms FreeBSD/SMP: Multiprocessor System Detected: 2 CPUs
+002270ms random: unblocking device.
+002270ms random: entropy device external interface
+002270ms kbd0 at kbdmux0
+002270ms acpi0: <BOCHS BXPC>
+002301ms acpi0: Power Button (fixed)
+002301ms acpi0: Sleep Button (fixed)
+002391ms acpi0: Could not update all GPEs: AE_NOT_CONFIGURED
+002391ms psci0: <ARM Power State Co-ordination Interface Driver> on acpi0
+002391ms smccc0: <ARM SMCCC v1.0> on psci0
+002391ms gic0: <ARM Generic Interrupt Controller> iomem 0x8000000-0x8000fff,0x8010000-0x8010fff on acpi0
+002391ms gic0: pn 0x0, arch 0x2, rev 0x0, implementer 0x43b irqs 288
+002391ms gic0: frame: 0 8020000 1 64 80
+002391ms gicv2m0: <ARM Generic Interrupt Controller MSI/MSIX> mem 0x8020000-0x8020fff on gic0
+002391ms generic_timer0: <ARM Generic Timer> irq 34,35,36,37 on acpi0
+002421ms Timecounter "ARM MPCore Timecounter" frequency 24000000 Hz quality 1000
+002464ms Event timer "ARM MPCore Eventtimer" frequency 24000000 Hz quality 1000
+002598ms efirtc0: <EFI Realtime Clock>
+002598ms efirtc0: registered as a time-of-day clock, resolution 1.000000s
+002598ms smbios0: <System Management BIOS>
+002598ms smbios0: Entry point: v3 (64-bit), Version: 3.0
+002598ms pmu0: <Performance Monitoring Unit> on acpi0
+002598ms cpu0: <ACPI CPU> on acpi0
+002598ms uart0: <PrimeCell UART (PL011)> iomem 0x9000000-0x9000fff irq 0 on acpi0
+002598ms uart0: console (9600,n,8,1)
+002598ms pcib0: <Generic PCI host controller> on acpi0
+002598ms pci0: <ACPI PCI bus> on pcib0
+002598ms virtio_pci0: <VirtIO PCI (legacy) Network adapter> port 0x80-0x9f mem 0x8000000000-0x8000003fff at device 1.0 on pci0
+002706ms vtnet0: <VirtIO Networking Adapter> on virtio_pci0
+002706ms vtnet0: Ethernet address: 52:54:00:12:34:56
+002734ms vtnet0: netmap queues/slots: TX 1/256, RX 1/128
+002760ms 000.000060 [ 452] vtnet_netmap_attach       vtnet attached txq=1, txd=256 rxq=1, rxd=128
+002760ms virtio_pci1: <VirtIO PCI (legacy) Block adapter> mem 0x10040000-0x10040fff,0x8000004000-0x8000007fff at device 2.0 on pci0
+002760ms vtblk0: <VirtIO Block Adapter> on virtio_pci1
+002772ms vtblk0: 4095MB (8387712 512 byte sectors)
+002772ms acpi_ged0: <Generic Event Device> irq 33 on acpi0
+002788ms acpi_ged0: Raw IRQ 41
+002788ms acpi_button0: <Power Button> on acpi0
+002826ms armv8crypto0: <AES-CBC,AES-XTS,AES-GCM>
+002858ms Timecounters tick every 10.000 msec
+002908ms CPU  0: Apple Unknown CPU r0p0 (midr: 610f0000) affinity:  0
+002943ms                    Cache Type = <64 byte CWG,64 byte ERG,64 byte D-cacheline,PIPT I-cache,64 byte I-cacheline>
+002943ms  Instruction Set Attributes 0 = <TLBI-OSR,CondM-8.5,FHM,DP,SHA3,RDM,Atomic,CRC32,SHA2+SHA512,SHA1,AES+PMULL>
+002957ms  Instruction Set Attributes 1 = <PredInv v8.5,SB,FRINTTS,GPI,RCPC-8.4,FCMA,JSCVT,API EPAC,DCCVADP>
+002957ms  Instruction Set Attributes 2 = <>
+002957ms          Processor Features 0 = <CSV3,CSV2,PSTATE.DIT,RAS,AdvSIMD+HP,FP+HP,EL1,EL0>
+002957ms          Processor Features 1 = <MTE_frac>
+002957ms          Processor Features 2 = <>
+002957ms       Memory Model Features 0 = <ExS,TGran4,TGran16,8bit ASID,1TB PA>
+002957ms       Memory Model Features 1 = <XNX,SpecSEI,PAN+ATS1E1,LO,HPD+TTPBHA,8bit VMID>
+002957ms       Memory Model Features 2 = <E0PD,TTL,IDS,AT,32bit CCIDX,48bit VA,IESB,UAO,CnP>
+002957ms       Memory Model Features 3 = <>
+002957ms       Memory Model Features 4 = <>
+002957ms              Debug Features 0 = <DoubleLock,2 CTX BKPTs,4 Watchpoints,6 Breakpoints,Debugv8>
+002957ms              Debug Features 1 = <>
+002957ms          Auxiliary Features 0 = <>
+002957ms          Auxiliary Features 1 = <>
+002957ms AArch32 Instruction Set Attributes 5 = <>
+002957ms AArch32 Media and VFP Features 0 = <>
+002957ms AArch32 Media and VFP Features 1 = <>
+002990ms CPU  1: Apple Unknown CPU r0p0 (midr: 610f0000) affinity:  1
+002990ms gic0: using for IPIs
+002990ms Release APs...done
+003005ms Trying to mount root from ufs:/dev/gpt/rootfs [rw,noatime]...
+004007ms /etc/rc: DEBUG: checkyesno: dumpon_svcj is set to NO.
+004007ms /etc/rc: DEBUG: run_rc_command: doit:  dumpon_start 
+004021ms /etc/rc: DEBUG: checkyesno: sysctl_svcj is set to NO.
+004053ms /etc/rc: DEBUG: run_rc_command: doit:  sysctl_start 
+004106ms /etc/rc: DEBUG: checkyesno: dnctl_enable is set to NO.
+004136ms /etc/rc: DEBUG: checkyesno: ddb_enable is set to NO.
+004136ms /etc/rc: DEBUG: checkyesno: hostid_enable is set to YES.
+004157ms /etc/rc: DEBUG: checkyesno: hostid_svcj is set to NO.
+004157ms /etc/rc: DEBUG: run_rc_command: doit:  hostid_start 
+004221ms /etc/rc: DEBUG: checkyesno: rc_startmsgs is set to YES.
+004221ms Setting hostuuid: 226909d5-2e00-4f8b-8ac2-219cb44b6f42.
+004221ms /etc/rc: DEBUG: checkyesno: rc_startmsgs is set to YES.
+004221ms Setting hostid: 0x058ccd11.
+004237ms /etc/rc: DEBUG: checkyesno: ccd_svcj is set to NO.
+004302ms /etc/rc: DEBUG: run_rc_command: doit:  ccd_start 
+004331ms /etc/rc: DEBUG: run_rc_command: start_precmd: [ -n "$(geli_make_list)" -o -n "${geli_groups}" ] 
+004363ms /etc/rc: DEBUG: checkyesno: swap_svcj is set to NO.
+004363ms /etc/rc: DEBUG: run_rc_command: doit:  /sbin/swapon -aq 
+004413ms /etc/rc: DEBUG: checkyesno: fsck_svcj is set to NO.
+004439ms /etc/rc: DEBUG: run_rc_command: doit:  fsck_start 
+004439ms /etc/rc: DEBUG: checkyesno: rc_startmsgs is set to YES.
+004439ms Starting file system checks:
+004459ms /etc/rc: DEBUG: checkyesno: background_fsck is set to YES.
+004630ms /dev/gpt/rootfs: FILE SYSTEM CLEAN; SKIPPING CHECKS
+004630ms /dev/gpt/rootfs: clean, 511762 free (26 frags, 63967 blocks, 0.0% fragmentation)
+004732ms /dev/gpt/efiboot0: FILESYSTEM CLEAN; SKIPPING CHECKS
+004811ms /etc/rc: DEBUG: checkyesno: root_svcj is set to NO.
+004827ms /etc/rc: DEBUG: run_rc_command: doit:  root_start 
+005077ms /etc/rc: DEBUG: checkyesno: hostid_enable is set to YES.
+005107ms /etc/rc: DEBUG: checkyesno: hostid_save_svcj is set to NO.
+005107ms /etc/rc: DEBUG: run_rc_command: doit:  hostid_save 
+005209ms /etc/rc: DEBUG: run_rc_command: start_precmd: [ -n "${_mdconfig_list}" ] 
+005270ms /etc/rc: DEBUG: checkyesno: mountcritlocal_svcj is set to NO.
+005270ms /etc/rc: DEBUG: run_rc_command: doit:  mountcritlocal_start 
+005270ms /etc/rc: DEBUG: checkyesno: rc_startmsgs is set to YES.
+005385ms Mounting local filesystems:/etc/rc: DEBUG: checkyesno: rc_startmsgs is set to YES.
+005385ms .
+005456ms /etc/rc: DEBUG: checkyesno: var_run_enable is set to YES.
+005473ms /etc/rc: DEBUG: checkyesno: var_run_svcj is set to NO.
+005521ms /etc/rc: DEBUG: run_rc_command: doit:  _var_run_start 
+005537ms /etc/rc: DEBUG: checkyesno: zfs_enable is set to NO.
+005611ms /etc/rc: DEBUG: checkyesno: zfs_enable is set to NO.
+005874ms /etc/rc: DEBUG: checkyesno: kldxref_enable is set to YES.
+005874ms /etc/rc: DEBUG: checkyesno: kldxref_svcj is set to NO.
+005908ms /etc/rc: DEBUG: run_rc_command: doit:  kldxref_start 
+005924ms /etc/rc: DEBUG: checkyesno: kldxref_clobber is set to NO.
+005956ms /etc/rc: DEBUG: checkyesno: kldxref_clobber is set to NO.
+005975ms /etc/rc: DEBUG: checkyesno: kldxref_clobber is set to NO.
+005992ms /etc/rc: DEBUG: checkyesno: kldxref_clobber is set to NO.
+006009ms /etc/rc: DEBUG: checkyesno: kldxref_clobber is set to NO.
+006024ms /etc/rc: DEBUG: checkyesno: sysvipc_enable is set to NO.
+006110ms /etc/rc: DEBUG: checkyesno: zfskeys_enable is set to NO.
+006177ms /etc/rc: DEBUG: checkyesno: kld_svcj is set to NO.
+006218ms /etc/rc: DEBUG: run_rc_command: doit:  kld_start 
+006264ms /etc/rc: DEBUG: checkyesno: zfs_enable is set to NO.
+006278ms /etc/rc: DEBUG: checkyesno: zfs_enable is set to NO.
+006292ms /etc/rc: DEBUG: checkyesno: devmatch_enable is set to YES.
+006304ms /etc/rc: DEBUG: checkyesno: devmatch_svcj is set to NO.
+006316ms /etc/rc: DEBUG: run_rc_command: doit:  devmatch_start 
+006316ms /etc/rc: DEBUG: checkyesno: boot_safe is set to NO.
+006550ms /etc/rc: DEBUG: checkyesno: linux_enable is set to NO.
+006563ms /etc/rc: DEBUG: checkyesno: localpkg_svcj is set to NO.
+006577ms /etc/rc: DEBUG: run_rc_command: doit:  pkg_start 
+006589ms /etc/rc: DEBUG: checkyesno: cleanvar_enable is set to YES.
+006605ms /etc/rc: DEBUG: run_rc_command: start_precmd: cleanvar_prestart 
+006623ms /etc/rc: DEBUG: checkyesno: cleanvar_svcj is set to NO.
+006641ms /etc/rc: DEBUG: run_rc_command: doit:  cleanvar_start 
+006934ms /etc/rc: DEBUG: checkyesno: precious_machine is set to NO.
+006960ms /etc/rc: DEBUG: checkyesno: cfumass_enable is set to NO.
+006999ms /etc/rc: DEBUG: checkyesno: mixer_enable is set to YES.
+007012ms /etc/rc: DEBUG: checkyesno: mixer_svcj is set to NO.
+007030ms /etc/rc: DEBUG: run_rc_command: doit:  mixer_start 
+007048ms /etc/rc: DEBUG: checkyesno: rctl_enable is set to YES.
+007048ms /etc/rc: DEBUG: checkyesno: rctl_svcj is set to NO.
+007080ms /etc/rc: DEBUG: run_rc_command: doit:  rctl_start 
+007080ms /etc/rc: DEBUG: checkyesno: ldconfig_svcj is set to NO.
+007080ms /etc/rc: DEBUG: run_rc_command: doit:  ldconfig_start 
+007119ms /etc/rc: DEBUG: checkyesno: ldconfig_insecure is set to NO.
+007119ms /etc/rc: DEBUG: checkyesno: rc_startmsgs is set to YES.
+007119ms ELF ldconfig path: /lib /usr/lib /usr/lib/compat
+007217ms /etc/rc: DEBUG: checkyesno: adjkerntz_svcj is set to NO.
+007233ms /etc/rc: DEBUG: run_rc_command: doit:  adjkerntz -i 
+007248ms /etc/rc: DEBUG: checkyesno: hostname_svcj is set to NO.
+007248ms /etc/rc: DEBUG: run_rc_command: doit:  hostname_start 
+007264ms /etc/rc: DEBUG: checkyesno: rc_startmsgs is set to YES.
+007278ms Setting hostname: smolbsd-arm64/etc/rc: DEBUG: checkyesno: rc_startmsgs is set to YES.
+007278ms .
+007328ms /etc/rc: DEBUG: set_rcvar_obsolete: $ipv6_enable(old) -> $ipv6_activate_all_interfaces(new) is defined
+007328ms /etc/rc: DEBUG: set_rcvar_obsolete: $ipv6_prefer(old) -> $ip6addrctl_policy(new) is defined
+007345ms /etc/rc: DEBUG: checkyesno: ip6addrctl_enable is set to YES.
+007379ms /etc/rc: DEBUG: checkyesno: ip6addrctl_svcj is set to NO.
+007391ms /etc/rc: DEBUG: run_rc_command: doit:  ip6addrctl_start 
+007391ms /etc/rc: DEBUG: checkyesno: ipv6_activate_all_interfaces is set to NO.
+007409ms /etc/rc: DEBUG: checkyesno: ip6addrctl_verbose is set to NO.
+007425ms /etc/rc: DEBUG: checkyesno: ippool_enable is set to NO.
+007440ms /etc/rc: DEBUG: checkyesno: netoptions_svcj is set to NO.
+007454ms /etc/rc: DEBUG: run_rc_command: doit:  netoptions_start 
+007471ms /etc/rc: DEBUG: checkyesno: tcp_extensions is set to YES.
+007541ms /etc/rc: DEBUG: checkyesno: tcp_keepalive is set to YES.
+007541ms /etc/rc: DEBUG: checkyesno: tcp_drop_synfin is set to NO.
+007554ms /etc/rc: DEBUG: checkyesno: ipv6_ipv4mapping is set to NO.
+007585ms /etc/rc: DEBUG: checkyesno: ipv6_privacy is set to NO.
+007675ms /etc/rc: DEBUG: checkyesno: random_svcj is set to NO.
+007714ms /etc/rc: DEBUG: run_rc_command: doit:  random_start 
+007744ms Setting up harvesting: RANDOMDEV,[CALLOUT],[UMA],[FS_ATIME],SWI,INTERRUPT,NET_NG,[NET_ETHER],NET_TUN,MOUSE,KEYBOARD,ATTACH,CACHED
+007757ms Feeding entropy: /etc/rc: DEBUG: entropy read from /entropy
+007771ms /etc/rc: DEBUG: saving entropy to /entropy
+007821ms /etc/rc: DEBUG: saving entropy to /boot/entropy
+007865ms .
+007883ms /etc/rc: DEBUG: checkyesno: iovctl_svcj is set to NO.
+007935ms /etc/rc: DEBUG: run_rc_command: doit:  iovctl_start 
+007989ms /etc/rc: DEBUG: checkyesno: ipsec_enable is set to NO.
+008008ms /etc/rc: DEBUG: checkyesno: autofs_enable is set to NO.
+008028ms /etc/rc: DEBUG: checkyesno: geli2_svcj is set to NO.
+008044ms /etc/rc: DEBUG: run_rc_command: doit:  geli2_start 
+008079ms /etc/rc: DEBUG: checkyesno: ugidfw_enable is set to NO.
+008095ms /etc/rc: DEBUG: checkyesno: ipfilter_enable is set to NO.
+008111ms /etc/rc: DEBUG: checkyesno: ipnat_enable is set to NO.
+008127ms /etc/rc: DEBUG: checkyesno: ipmon_enable is set to NO.
+008143ms /etc/rc: DEBUG: checkyesno: ipfs_enable is set to NO.
+008167ms /etc/rc: DEBUG: set_rcvar_obsolete: $ipv6_enable(old) -> $ipv6_activate_all_interfaces(new) is defined
+008167ms /etc/rc: DEBUG: set_rcvar_obsolete: $ipv6_prefer(old) -> $(new) is defined
+008183ms /etc/rc: DEBUG: checkyesno: netif_enable is set to YES.
+008196ms /etc/rc: DEBUG: checkyesno: netif_svcj is set to NO.
+008212ms /etc/rc: DEBUG: run_rc_command: doit:  netif_start 
+008231ms /etc/rc: DEBUG: Created wlan(4)s: 
+008243ms /etc/rc: DEBUG: Cloned: 
+008304ms /etc/rc: DEBUG: checkyesno: ipv6_activate_all_interfaces is set to NO.
+008347ms lo0: link state changed to UP
+008414ms /etc/rc: DEBUG: checkyesno: ipv6_activate_all_interfaces is set to NO.
+008553ms vtnet0: link state changed to UP
+008584ms /etc/rc: DEBUG: checkyesno: synchronous_dhclient is set to NO.
+008600ms /etc/rc: DEBUG: checkyesno: rc_startmsgs is set to YES.
+008600ms Starting Network: lo0 vtnet0.
+008629ms /etc/rc: DEBUG: checkyesno: rc_startmsgs is set to YES.
+008629ms lo0: flags=1008049<UP,LOOPBACK,RUNNING,MULTICAST,LOWER_UP> metric 0 mtu 16384
+008629ms options=680003<RXCSUM,TXCSUM,LINKSTATE,RXCSUM_IPV6,TXCSUM_IPV6>
+008629ms inet 127.0.0.1 netmask 0xff000000
+008629ms inet6 ::1 prefixlen 128
+008629ms inet6 fe80::1%lo0 prefixlen 64 scopeid 0x2
+008629ms groups: lo
+008643ms nd6 options=21<PERFORMNUD,AUTO_LINKLOCAL>
+008643ms vtnet0: flags=1008843<UP,BROADCAST,RUNNING,SIMPLEX,MULTICAST,LOWER_UP> metric 0 mtu 1500
+008643ms options=880028<VLAN_MTU,JUMBO_MTU,LINKSTATE,HWSTATS>
+008643ms ether 52:54:00:12:34:56
+008643ms media: Ethernet autoselect (10Gbase-T <full-duplex>)
+008643ms status: active
+008643ms nd6 options=29<PERFORMNUD,IFDISABLED,AUTO_LINKLOCAL>
+008643ms /etc/rc: DEBUG: The following interfaces were not configured: 
+008736ms /etc/rc.d/ipfilter: DEBUG: checkyesno: ipfilter_svcj is set to NO.
+008804ms /etc/rc.d/ipfilter: DEBUG: checkyesno: ipfilter_enable is set to NO.
+008911ms /etc/rc: DEBUG: checkyesno: static_ndp_svcj is set to NO.
+009066ms /etc/rc: DEBUG: run_rc_command: doit:  static_ndp_start 
+009080ms /etc/rc: DEBUG: checkyesno: static_arp_svcj is set to NO.
+009117ms /etc/rc: DEBUG: run_rc_command: doit:  static_arp_start 
+009133ms /etc/rc: DEBUG: checkyesno: resolv_enable is set to YES.
+009133ms /etc/rc: DEBUG: checkyesno: resolv_svcj is set to NO.
+009133ms /etc/rc: DEBUG: run_rc_command: doit:  resolv_start 
+009149ms /etc/rc: DEBUG: checkyesno: ppp_enable is set to NO.
+009149ms /etc/rc: DEBUG: checkyesno: pflog_enable is set to NO.
+009149ms /etc/rc: DEBUG: checkyesno: stf_svcj is set to NO.
+009149ms /etc/rc: DEBUG: run_rc_command: doit:  stf_up 
+009165ms /etc/rc: DEBUG: checkyesno: pfsync_enable is set to NO.
+009214ms /etc/rc: DEBUG: checkyesno: devd_enable is set to YES.
+009313ms /etc/rc: DEBUG: run_rc_command: start_precmd: find_pidfile 
+009357ms /etc/rc: DEBUG: checkyesno: devd_svcj is set to NO.
+009495ms /etc/rc: DEBUG: checkyesno: rc_startmsgs is set to YES.
+009495ms Starting devd.
+009495ms /etc/rc: DEBUG: checkyesno: devd_svcj is set to NO.
+009495ms /etc/rc: DEBUG: run_rc_command: doit:  limits -C daemon   /sbin/devd  
+009858ms /etc/rc.d/devmatch: DEBUG: checkyesno: devmatch_enable is set to YES.
+009931ms /etc/rc.d/devmatch: DEBUG: checkyesno: devmatch_svcj is set to NO.
+009931ms /etc/rc.d/devmatch: DEBUG: run_rc_command: doit:  devmatch_start 
+009931ms /etc/rc.d/devmatch: DEBUG: checkyesno: boot_safe is set to NO.
+010052ms /etc/rc.d/devmatch: DEBUG: checkyesno: devmatch_enable is set to YES.
+010067ms /etc/rc.d/devmatch: DEBUG: checkyesno: devmatch_svcj is set to NO.
+010110ms /etc/rc.d/devmatch: DEBUG: run_rc_command: doit:  devmatch_start 
+010163ms /etc/rc.d/devmatch: DEBUG: checkyesno: boot_safe is set to NO.
+010402ms /etc/rc.d/devmatch: DEBUG: checkyesno: devmatch_enable is set to YES.
+010402ms /etc/rc.d/devmatch: DEBUG: checkyesno: devmatch_svcj is set to NO.
+010402ms /etc/rc.d/devmatch: DEBUG: run_rc_command: doit:  devmatch_start 
+010421ms /etc/rc.d/devmatch: DEBUG: checkyesno: boot_safe is set to NO.
+010518ms /etc/rc.d/devmatch: DEBUG: checkyesno: devmatch_enable is set to YES.
+010538ms /etc/rc.d/devmatch: DEBUG: checkyesno: devmatch_svcj is set to NO.
+010556ms /etc/rc.d/devmatch: DEBUG: run_rc_command: doit:  devmatch_start 
+010556ms /etc/rc.d/devmatch: DEBUG: checkyesno: boot_safe is set to NO.
+010812ms /etc/rc.d/devmatch: DEBUG: checkyesno: devmatch_enable is set to YES.
+010812ms /etc/rc.d/devmatch: DEBUG: checkyesno: devmatch_svcj is set to NO.
+010828ms /etc/rc.d/devmatch: DEBUG: run_rc_command: doit:  devmatch_start 
+010847ms /etc/rc.d/devmatch: DEBUG: checkyesno: boot_safe is set to NO.
+010946ms /etc/rc.d/devmatch: DEBUG: checkyesno: devmatch_enable is set to YES.
+010946ms /etc/rc.d/devmatch: DEBUG: checkyesno: devmatch_svcj is set to NO.
+010976ms /etc/rc.d/devmatch: DEBUG: run_rc_command: doit:  devmatch_start 
+011036ms /etc/rc.d/devmatch: DEBUG: checkyesno: boot_safe is set to NO.
+011181ms /etc/rc.d/devmatch: DEBUG: checkyesno: devmatch_enable is set to YES.
+011181ms /etc/rc.d/devmatch: DEBUG: checkyesno: devmatch_svcj is set to NO.
+011181ms /etc/rc.d/devmatch: DEBUG: run_rc_command: doit:  devmatch_start 
+011231ms /etc/rc.d/devmatch: DEBUG: checkyesno: boot_safe is set to NO.
+011622ms /etc/rc.d/devmatch: DEBUG: checkyesno: devmatch_enable is set to YES.
+011622ms /etc/rc.d/devmatch: DEBUG: checkyesno: devmatch_svcj is set to NO.
+011622ms /etc/rc.d/devmatch: DEBUG: run_rc_command: doit:  devmatch_start 
+011657ms /etc/rc.d/devmatch: DEBUG: checkyesno: boot_safe is set to NO.
+011829ms /etc/rc.d/devmatch: DEBUG: checkyesno: devmatch_enable is set to YES.
+011829ms /etc/rc.d/devmatch: DEBUG: checkyesno: devmatch_svcj is set to NO.
+011877ms /etc/rc.d/devmatch: DEBUG: run_rc_command: doit:  devmatch_start 
+011927ms /etc/rc.d/devmatch: DEBUG: checkyesno: boot_safe is set to NO.
+012240ms /etc/rc.d/devmatch: DEBUG: checkyesno: devmatch_enable is set to YES.
+012268ms /etc/rc.d/devmatch: DEBUG: checkyesno: devmatch_svcj is set to NO.
+012268ms /etc/rc.d/devmatch: DEBUG: run_rc_command: doit:  devmatch_start 
+012297ms /etc/rc.d/devmatch: DEBUG: checkyesno: boot_safe is set to NO.
+012414ms /etc/rc.d/devmatch: DEBUG: checkyesno: devmatch_enable is set to YES.
+012430ms /etc/rc.d/devmatch: DEBUG: checkyesno: devmatch_svcj is set to NO.
+012445ms /etc/rc.d/devmatch: DEBUG: run_rc_command: doit:  devmatch_start 
+012461ms /etc/rc.d/devmatch: DEBUG: checkyesno: boot_safe is set to NO.
+012513ms /etc/rc.d/devmatch: DEBUG: checkyesno: devmatch_enable is set to YES.
+012529ms /etc/rc.d/devmatch: DEBUG: checkyesno: devmatch_svcj is set to NO.
+012529ms /etc/rc.d/devmatch: DEBUG: run_rc_command: doit:  devmatch_start 
+012554ms /etc/rc.d/devmatch: DEBUG: checkyesno: boot_safe is set to NO.
+012726ms /etc/rc.d/devmatch: DEBUG: checkyesno: devmatch_enable is set to YES.
+012745ms /etc/rc.d/devmatch: DEBUG: checkyesno: devmatch_svcj is set to NO.
+012771ms /etc/rc.d/devmatch: DEBUG: run_rc_command: doit:  devmatch_start 
+012787ms /etc/rc.d/devmatch: DEBUG: checkyesno: boot_safe is set to NO.
+013135ms /etc/rc.d/devmatch: DEBUG: checkyesno: devmatch_enable is set to YES.
+013201ms /etc/rc.d/devmatch: DEBUG: checkyesno: devmatch_svcj is set to NO.
+013261ms /etc/rc.d/devmatch: DEBUG: run_rc_command: doit:  devmatch_start 
+013276ms /etc/rc.d/devmatch: DEBUG: checkyesno: boot_safe is set to NO.
+013462ms /etc/rc.d/devmatch: DEBUG: checkyesno: devmatch_enable is set to YES.
+013462ms /etc/rc.d/devmatch: DEBUG: checkyesno: devmatch_svcj is set to NO.
+013501ms /etc/rc.d/devmatch: DEBUG: run_rc_command: doit:  devmatch_start 
+013501ms /etc/rc.d/devmatch: DEBUG: checkyesno: boot_safe is set to NO.
+013990ms /etc/rc.d/devmatch: DEBUG: checkyesno: devmatch_enable is set to YES.
+014100ms /etc/rc.d/devmatch: DEBUG: checkyesno: devmatch_svcj is set to NO.
+014258ms /etc/rc.d/devmatch: DEBUG: run_rc_command: doit:  devmatch_start 
+014291ms /etc/rc.d/devmatch: DEBUG: checkyesno: boot_safe is set to NO.
+014620ms /etc/rc.d/devmatch: DEBUG: checkyesno: devmatch_enable is set to YES.
+014637ms /etc/rc.d/devmatch: DEBUG: checkyesno: devmatch_svcj is set to NO.
+014637ms /etc/rc.d/devmatch: DEBUG: run_rc_command: doit:  devmatch_start 
+014650ms /etc/rc.d/devmatch: DEBUG: checkyesno: boot_safe is set to NO.
+014842ms /etc/rc.d/devmatch: DEBUG: checkyesno: devmatch_enable is set to YES.
+014854ms /etc/rc.d/devmatch: DEBUG: checkyesno: devmatch_svcj is set to NO.
+014948ms /etc/rc.d/devmatch: DEBUG: run_rc_command: doit:  devmatch_start 
+014948ms /etc/rc.d/devmatch: DEBUG: checkyesno: boot_safe is set to NO.
+015625ms /etc/rc.d/devmatch: DEBUG: checkyesno: devmatch_enable is set to YES.
+015625ms /etc/rc.d/devmatch: DEBUG: checkyesno: devmatch_svcj is set to NO.
+015625ms /etc/rc.d/devmatch: DEBUG: run_rc_command: doit:  devmatch_start 
+015659ms /etc/rc.d/devmatch: DEBUG: checkyesno: boot_safe is set to NO.
+016066ms /etc/rc.d/devmatch: DEBUG: checkyesno: devmatch_enable is set to YES.
+016113ms /etc/rc.d/devmatch: DEBUG: checkyesno: devmatch_svcj is set to NO.
+016113ms /etc/rc.d/devmatch: DEBUG: run_rc_command: doit:  devmatch_start 
+016130ms /etc/rc.d/devmatch: DEBUG: checkyesno: boot_safe is set to NO.
+016325ms /etc/rc.d/devmatch: DEBUG: checkyesno: devmatch_enable is set to YES.
+016336ms /etc/rc.d/devmatch: DEBUG: checkyesno: devmatch_svcj is set to NO.
+016452ms /etc/rc.d/devmatch: DEBUG: run_rc_command: doit:  devmatch_start 
+016642ms /etc/rc.d/devmatch: DEBUG: checkyesno: boot_safe is set to NO.
+016958ms /etc/rc.d/devmatch: DEBUG: checkyesno: devmatch_enable is set to YES.
+016992ms /etc/rc.d/devmatch: DEBUG: checkyesno: devmatch_svcj is set to NO.
+017083ms /etc/rc.d/devmatch: DEBUG: run_rc_command: doit:  devmatch_start 
+017094ms /etc/rc.d/devmatch: DEBUG: checkyesno: boot_safe is set to NO.
+017263ms /etc/rc.d/devmatch: DEBUG: checkyesno: devmatch_enable is set to YES.
+017263ms /etc/rc.d/devmatch: DEBUG: checkyesno: devmatch_svcj is set to NO.
+017286ms /etc/rc.d/devmatch: DEBUG: run_rc_command: doit:  devmatch_start 
+017286ms /etc/rc.d/devmatch: DEBUG: checkyesno: boot_safe is set to NO.
+017465ms /etc/rc.d/devmatch: DEBUG: checkyesno: devmatch_enable is set to YES.
+017465ms /etc/rc.d/devmatch: DEBUG: checkyesno: devmatch_svcj is set to NO.
+017484ms /etc/rc.d/devmatch: DEBUG: run_rc_command: doit:  devmatch_start 
+017503ms /etc/rc.d/devmatch: DEBUG: checkyesno: boot_safe is set to NO.
+017777ms /etc/rc.d/devmatch: DEBUG: checkyesno: devmatch_enable is set to YES.
+017865ms /etc/rc.d/devmatch: DEBUG: checkyesno: devmatch_svcj is set to NO.
+017921ms /etc/rc.d/devmatch: DEBUG: run_rc_command: doit:  devmatch_start 
+017969ms /etc/rc.d/devmatch: DEBUG: checkyesno: boot_safe is set to NO.
+018135ms /etc/rc.d/devmatch: DEBUG: checkyesno: devmatch_enable is set to YES.
+018135ms /etc/rc.d/devmatch: DEBUG: checkyesno: devmatch_svcj is set to NO.
+018152ms /etc/rc.d/devmatch: DEBUG: run_rc_command: doit:  devmatch_start 
+018152ms /etc/rc.d/devmatch: DEBUG: checkyesno: boot_safe is set to NO.
+018527ms /etc/rc.d/devmatch: DEBUG: checkyesno: devmatch_enable is set to YES.
+018527ms /etc/rc.d/devmatch: DEBUG: checkyesno: devmatch_svcj is set to NO.
+018571ms /etc/rc.d/devmatch: DEBUG: run_rc_command: doit:  devmatch_start 
+018571ms /etc/rc.d/devmatch: DEBUG: checkyesno: boot_safe is set to NO.
+018848ms /etc/rc.d/devmatch: DEBUG: checkyesno: devmatch_enable is set to YES.
+018942ms /etc/rc.d/devmatch: DEBUG: checkyesno: devmatch_svcj is set to NO.
+018988ms /etc/rc.d/devmatch: DEBUG: run_rc_command: doit:  devmatch_start 
+019028ms /etc/rc.d/devmatch: DEBUG: checkyesno: boot_safe is set to NO.
+019197ms /etc/rc.d/devmatch: DEBUG: checkyesno: devmatch_enable is set to YES.
+019243ms /etc/rc.d/devmatch: DEBUG: checkyesno: devmatch_svcj is set to NO.
+019363ms /etc/rc.d/devmatch: DEBUG: run_rc_command: doit:  devmatch_start 
+019363ms /etc/rc.d/devmatch: DEBUG: checkyesno: boot_safe is set to NO.
+019641ms /etc/rc.d/devmatch: DEBUG: checkyesno: devmatch_enable is set to YES.
+019669ms /etc/rc.d/devmatch: DEBUG: checkyesno: devmatch_svcj is set to NO.
+019692ms /etc/rc.d/devmatch: DEBUG: run_rc_command: doit:  devmatch_start 
+019705ms /etc/rc.d/devmatch: DEBUG: checkyesno: boot_safe is set to NO.
+019969ms /etc/rc.d/devmatch: DEBUG: checkyesno: devmatch_enable is set to YES.
+019969ms /etc/rc.d/devmatch: DEBUG: checkyesno: devmatch_svcj is set to NO.
+019985ms /etc/rc.d/devmatch: DEBUG: run_rc_command: doit:  devmatch_start 
+020046ms /etc/rc.d/devmatch: DEBUG: checkyesno: boot_safe is set to NO.
+020326ms /etc/rc.d/devmatch: DEBUG: checkyesno: devmatch_enable is set to YES.
+020385ms /etc/rc.d/devmatch: DEBUG: checkyesno: devmatch_svcj is set to NO.
+020385ms /etc/rc.d/devmatch: DEBUG: run_rc_command: doit:  devmatch_start 
+020422ms /etc/rc.d/devmatch: DEBUG: checkyesno: boot_safe is set to NO.
+020722ms /etc/rc.d/devmatch: DEBUG: checkyesno: devmatch_enable is set to YES.
+020722ms /etc/rc.d/devmatch: DEBUG: checkyesno: devmatch_svcj is set to NO.
+020783ms /etc/rc.d/devmatch: DEBUG: run_rc_command: doit:  devmatch_start 
+020783ms /etc/rc.d/devmatch: DEBUG: checkyesno: boot_safe is set to NO.
+020853ms /etc/pccard_ether: DEBUG: run_rc_command: start_precmd: checkauto 
+020853ms /etc/pccard_ether: DEBUG: checkyesno: pccard_ether_svcj is set to NO.
+020853ms /etc/pccard_ether: DEBUG: run_rc_command: doit:  pccard_ether_start 
+021324ms /etc/rc.d/devmatch: DEBUG: checkyesno: devmatch_enable is set to YES.
+021339ms /etc/rc.d/devmatch: DEBUG: checkyesno: devmatch_svcj is set to NO.
+021356ms /etc/rc.d/devmatch: DEBUG: run_rc_command: doit:  devmatch_start 
+021386ms /etc/rc.d/devmatch: DEBUG: checkyesno: boot_safe is set to NO.
+021520ms /etc/pccard_ether: DEBUG: run_rc_command: start_precmd: checkauto 
+021520ms /etc/pccard_ether: DEBUG: checkyesno: pccard_ether_svcj is set to NO.
+021520ms /etc/pccard_ether: DEBUG: run_rc_command: doit:  pccard_ether_start 
+022011ms /etc/rc.d/dhclient: DEBUG: pid file (/var/run/dhclient/dhclient.vtnet0.pid): not readable.
+022023ms /etc/rc.d/dhclient: DEBUG: run_rc_command: start_precmd: dhclient_prestart 
+022065ms /etc/rc.d/dhclient: DEBUG: checkyesno: background_dhclient is set to NO.
+022078ms /etc/rc.d/dhclient: DEBUG: checkyesno: dhclient_arpwait is set to YES.
+022094ms /etc/rc.d/dhclient: DEBUG: checkyesno: dhclient_svcj is set to NO.
+022110ms /etc/rc.d/dhclient: DEBUG: checkyesno: rc_startmsgs is set to YES.
+022110ms Starting dhclient.
+022126ms /etc/rc.d/dhclient: DEBUG: checkyesno: dhclient_svcj is set to NO.
+022145ms /etc/rc.d/dhclient: DEBUG: run_rc_command: doit:  limits -C daemon   /sbin/dhclient  vtnet0 
+022159ms DHCPREQUEST on vtnet0 to 255.255.255.255 port 67
+022159ms DHCPACK from 10.0.2.2
+022304ms bound to 10.0.2.15 -- renewal in 43200 seconds.
+022339ms /etc/rc: DEBUG: checkyesno: rtsold_enable is set to NO.
+022339ms /etc/rc: DEBUG: set_rcvar_obsolete: $ipv6_firewall_enable(old) -> $(new) is defined
+022372ms /etc/rc: DEBUG: checkyesno: firewall_enable is set to NO.
+022430ms /etc/rc: DEBUG: checkyesno: defaultroute_svcj is set to NO.
+022452ms /etc/rc: DEBUG: run_rc_command: doit:  defaultroute_start 
+022516ms /etc/rc: DEBUG: checkyesno: bridge_svcj is set to NO.
+022557ms /etc/rc: DEBUG: run_rc_command: doit:  bridge_start 
+022676ms /etc/rc: DEBUG: checkyesno: routing_svcj is set to NO.
+022749ms /etc/rc: DEBUG: run_rc_command: doit:  routing_start doall 
+022779ms route: message indicates error: File exists
+022779ms add host 127.0.0.1: gateway lo0 fib 0: route already in table
+022795ms /etc/rc: DEBUG: checkyesno: icmp_bmcastecho is set to NO.
+022888ms /etc/rc: DEBUG: set_rcvar_obsolete: $router_enable(old) -> $routed_enable(new) is defined
+022888ms /etc/rc: DEBUG: set_rcvar_obsolete: $router(old) -> $routed_program(new) is defined
+022904ms /etc/rc: DEBUG: set_rcvar_obsolete: $router_flags(old) -> $routed_flags(new) is defined
+022918ms /etc/rc: DEBUG: checkyesno: routed_enable is set to NO.
+022934ms /etc/rc: DEBUG: checkyesno: _icmp_drop_redirect is set to no.
+022934ms /etc/rc: DEBUG: checkyesno: icmp_log_redirect is set to NO.
+023016ms /etc/rc: DEBUG: checkyesno: gateway_enable is set to NO.
+023016ms /etc/rc: DEBUG: checkyesno: forward_sourceroute is set to NO.
+023045ms /etc/rc: DEBUG: checkyesno: accept_sourceroute is set to NO.
+023062ms /etc/rc: DEBUG: checkyesno: arpproxy_all is set to NO.
+023122ms route: message indicates error: File exists
+023122ms add host ::1: gateway lo0 fib 0: route already in table
+023122ms add net fe80::: gateway ::1
+023134ms add net ff02::: gateway ::1
+023166ms add net ::ffff:0.0.0.0: gateway ::1
+023166ms add net ::0.0.0.0: gateway ::1
+023205ms /etc/rc: DEBUG: checkyesno: ipv6_gateway_enable is set to NO.
+023241ms /etc/rc: DEBUG: checkyesno: ipv6_gateway_enable is set to NO.
+023257ms /etc/rc: DEBUG: checkyesno: zfsd_enable is set to NO.
+023284ms /etc/rc: DEBUG: set_rcvar_obsolete: $router_enable(old) -> $routed_enable(new) is defined
+023284ms /etc/rc: DEBUG: set_rcvar_obsolete: $router(old) -> $routed_program(new) is defined
+023306ms /etc/rc: DEBUG: set_rcvar_obsolete: $router_flags(old) -> $routed_flags(new) is defined
+023376ms /etc/rc: DEBUG: checkyesno: routed_enable is set to NO.
+023407ms /etc/rc: DEBUG: set_rcvar_obsolete: $ipv6_router_enable(old) -> $route6d_enable(new) is defined
+023423ms /etc/rc: DEBUG: set_rcvar_obsolete: $ipv6_router(old) -> $route6d_program(new) is defined
+023440ms /etc/rc: DEBUG: set_rcvar_obsolete: $ipv6_router_flags(old) -> $route6d_flags(new) is defined
+023465ms /etc/rc: DEBUG: checkyesno: route6d_enable is set to NO.
+023499ms /etc/rc: DEBUG: checkyesno: pf_enable is set to NO.
+023535ms /etc/rc: DEBUG: checkyesno: ipfw_netflow_enable is set to NO.
+023630ms /etc/rc: DEBUG: checkyesno: blacklistd_enable is set to NO.
+023646ms /etc/rc: DEBUG: checkyesno: blocklistd_enable is set to NO.
+023663ms /etc/rc: DEBUG: checkyesno: netwait_enable is set to NO.
+023680ms /etc/rc: DEBUG: checkyesno: local_unbound_enable is set to NO.
+023700ms /etc/rc: DEBUG: checkyesno: ctld_enable is set to NO.
+023727ms /etc/rc: DEBUG: checkyesno: tlsservd_enable is set to NO.
+023748ms /etc/rc: DEBUG: checkyesno: ggated_enable is set to NO.
+023793ms /etc/rc: DEBUG: set_rcvar_obsolete: $kerberos5_server_enable(old) -> $kdc_enable(new) is defined
+023809ms /etc/rc: DEBUG: set_rcvar_obsolete: $kerberos5_server(old) -> $kdc_program(new) is defined
+023809ms /etc/rc: DEBUG: set_rcvar_obsolete: $kerberos5_server_flags(old) -> $kdc_flags(new) is defined
+023829ms /etc/rc: DEBUG: checkyesno: kdc_enable is set to NO.
+023846ms /etc/rc: DEBUG: checkyesno: pppoed_enable is set to NO.
+023846ms /etc/rc: DEBUG: checkyesno: iscsid_enable is set to NO.
+023876ms /etc/rc: DEBUG: checkyesno: tlsclntd_enable is set to NO.
+023876ms /etc/rc: DEBUG: checkyesno: virtual_oss_enable is set to NO.
+023917ms /etc/rc: DEBUG: checkyesno: nfsuserd_enable is set to NO.
+023956ms /etc/rc: DEBUG: set_rcvar_obsolete: $kadmind5_server_enable(old) -> $kadmind_enable(new) is defined
+023956ms /etc/rc: DEBUG: set_rcvar_obsolete: $kadmind5_server(old) -> $kadmind_program(new) is defined
+023956ms /etc/rc: DEBUG: set_rcvar_obsolete: $kerberos5_server_enable(old) -> $kdc_enable(new) is defined
+023997ms /etc/rc: DEBUG: checkyesno: kadmind_enable is set to NO.
+024087ms /etc/rc: DEBUG: checkyesno: gssd_enable is set to NO.
+024105ms /etc/rc: DEBUG: checkyesno: nfscbd_enable is set to NO.
+024134ms /etc/rc: DEBUG: checkyesno: iscsictl_enable is set to NO.
+024134ms /etc/rc: DEBUG: run_rc_command: start_precmd: mountcritremote_precmd 
+024134ms /etc/rc: DEBUG: checkyesno: mountcritremote_svcj is set to NO.
+024152ms /etc/rc: DEBUG: run_rc_command: doit:  mountcritremote_start 
+024203ms /etc/rc: DEBUG: checkyesno: accounting_enable is set to NO.
+024258ms /etc/rc: DEBUG: checkyesno: virecover_enable is set to YES.
+024258ms /etc/rc: DEBUG: checkyesno: virecover_svcj is set to NO.
+024295ms /etc/rc: DEBUG: run_rc_command: doit:  virecover_start 
+024406ms /etc/rc: DEBUG: checkyesno: cleartmp_svcj is set to NO.
+024433ms /etc/rc: DEBUG: run_rc_command: doit:  cleartmp_start 
+024433ms /etc/rc: DEBUG: checkyesno: clear_tmp_enable is set to NO.
+024444ms /etc/rc: DEBUG: checkyesno: clear_tmp_X is set to YES.
+024444ms /etc/rc: DEBUG: checkyesno: rc_startmsgs is set to YES.
+024444ms Clearing /tmp (X related).
+024465ms /etc/rc: DEBUG: checkyesno: clear_tmp_X is set to YES.
+024465ms /etc/rc: DEBUG: checkyesno: dmesg_enable is set to YES.
+024494ms /etc/rc: DEBUG: checkyesno: dmesg_svcj is set to NO.
+024494ms /etc/rc: DEBUG: run_rc_command: doit:  do_dmesg 
+024512ms /etc/rc: DEBUG: checkyesno: update_motd is set to YES.
+024525ms /etc/rc: DEBUG: checkyesno: motd_svcj is set to NO.
+024525ms /etc/rc: DEBUG: run_rc_command: doit:  motd_start 
+024525ms /etc/rc: DEBUG: checkyesno: rc_startmsgs is set to YES.
+024561ms Updating motd:/etc/rc: DEBUG: checkyesno: rc_startmsgs is set to YES.
+024561ms .
+024643ms /etc/rc: DEBUG: run_rc_command: start_precmd: [ -n "${_mdconfig2_list}" ] 
+024660ms /etc/rc: DEBUG: checkyesno: devfs_svcj is set to NO.
+024676ms /etc/rc: DEBUG: run_rc_command: doit:  devfs_start 
+024691ms /etc/rc: DEBUG: checkyesno: devfs_load_rulesets is set to YES.
+024710ms /etc/rc: DEBUG: reading rulesets from file (/etc/defaults/devfs.rules)
+024738ms /etc/rc: DEBUG: found ruleset: devfsrules_hide_all=1
+024770ms /etc/rc: DEBUG: adding rule (add hide)
+024770ms /etc/rc: DEBUG: found ruleset: devfsrules_unhide_basic=2
+024790ms /etc/rc: DEBUG: adding rule (add path null unhide)
+024790ms /etc/rc: DEBUG: adding rule (add path zero unhide)
+024808ms /etc/rc: DEBUG: adding rule (add path crypto unhide)
+024808ms /etc/rc: DEBUG: adding rule (add path random unhide)
+024808ms /etc/rc: DEBUG: adding rule (add path urandom unhide)
+025042ms /etc/rc: DEBUG: found ruleset: devfsrules_unhide_login=3
+025099ms /etc/rc: DEBUG: adding rule (add path 'ptyp*' unhide)
+025167ms /etc/rc: DEBUG: adding rule (add path 'ptyq*' unhide)
+025243ms /etc/rc: DEBUG: adding rule (add path 'ptyr*' unhide)
+025289ms /etc/rc: DEBUG: adding rule (add path 'ptys*' unhide)
+025445ms /etc/rc: DEBUG: adding rule (add path 'ptyP*' unhide)
+025471ms /etc/rc: DEBUG: adding rule (add path 'ptyQ*' unhide)
+025497ms /etc/rc: DEBUG: adding rule (add path 'ptyR*' unhide)
+025497ms /etc/rc: DEBUG: adding rule (add path 'ptyS*' unhide)
+025519ms /etc/rc: DEBUG: adding rule (add path 'ptyl*' unhide)
+025519ms /etc/rc: DEBUG: adding rule (add path 'ptym*' unhide)
+025617ms /etc/rc: DEBUG: adding rule (add path 'ptyn*' unhide)
+025617ms /etc/rc: DEBUG: adding rule (add path 'ptyo*' unhide)
+025633ms /etc/rc: DEBUG: adding rule (add path 'ptyL*' unhide)
+025633ms /etc/rc: DEBUG: adding rule (add path 'ptyM*' unhide)
+025674ms /etc/rc: DEBUG: adding rule (add path 'ptyN*' unhide)
+025712ms /etc/rc: DEBUG: adding rule (add path 'ptyO*' unhide)
+025712ms /etc/rc: DEBUG: adding rule (add path 'ttyp*' unhide)
+025743ms /etc/rc: DEBUG: adding rule (add path 'ttyq*' unhide)
+025743ms /etc/rc: DEBUG: adding rule (add path 'ttyr*' unhide)
+025795ms /etc/rc: DEBUG: adding rule (add path 'ttys*' unhide)
+025827ms /etc/rc: DEBUG: adding rule (add path 'ttyP*' unhide)
+025960ms /etc/rc: DEBUG: adding rule (add path 'ttyQ*' unhide)
+025960ms /etc/rc: DEBUG: adding rule (add path 'ttyR*' unhide)
+025976ms /etc/rc: DEBUG: adding rule (add path 'ttyS*' unhide)
+025976ms /etc/rc: DEBUG: adding rule (add path 'ttyl*' unhide)
+025989ms /etc/rc: DEBUG: adding rule (add path 'ttym*' unhide)
+026007ms /etc/rc: DEBUG: adding rule (add path 'ttyn*' unhide)
+026033ms /etc/rc: DEBUG: adding rule (add path 'ttyo*' unhide)
+026095ms /etc/rc: DEBUG: adding rule (add path 'ttyL*' unhide)
+026113ms /etc/rc: DEBUG: adding rule (add path 'ttyM*' unhide)
+026130ms /etc/rc: DEBUG: adding rule (add path 'ttyN*' unhide)
+026142ms /etc/rc: DEBUG: adding rule (add path 'ttyO*' unhide)
+026231ms /etc/rc: DEBUG: adding rule (add path ptmx unhide)
+026253ms /etc/rc: DEBUG: adding rule (add path pts unhide)
+026270ms /etc/rc: DEBUG: adding rule (add path 'pts/*' unhide)
+026328ms /etc/rc: DEBUG: adding rule (add path fd unhide)
+026328ms /etc/rc: DEBUG: adding rule (add path 'fd/*' unhide)
+026328ms /etc/rc: DEBUG: adding rule (add path stdin unhide)
+026346ms /etc/rc: DEBUG: adding rule (add path stdout unhide)
+026366ms /etc/rc: DEBUG: adding rule (add path stderr unhide)
+026381ms /etc/rc: DEBUG: found ruleset: devfsrules_jail=4
+026381ms /etc/rc: DEBUG: adding rule (add include $devfsrules_hide_all)
+026381ms /etc/rc: DEBUG: adding rule (add include $devfsrules_unhide_basic)
+026381ms /etc/rc: DEBUG: adding rule (add include $devfsrules_unhide_login)
+026436ms /etc/rc: DEBUG: adding rule (add path fuse unhide)
+026470ms /etc/rc: DEBUG: adding rule (add path zfs unhide)
+026528ms /etc/rc: DEBUG: found ruleset: devfsrules_jail_vnet=5
+026528ms /etc/rc: DEBUG: adding rule (add include $devfsrules_hide_all)
+026555ms /etc/rc: DEBUG: adding rule (add include $devfsrules_unhide_basic)
+026609ms /etc/rc: DEBUG: adding rule (add include $devfsrules_unhide_login)
+026671ms /etc/rc: DEBUG: adding rule (add include $devfsrules_jail)
+026688ms /etc/rc: DEBUG: adding rule (add path pf unhide)
+026715ms /etc/rc: DEBUG: devfs_rulesets_from_file: no such file (/etc/devfs.rules)
+026765ms /etc/rc: DEBUG: devfs_init_rulesets: devfs rulesets initialized
+026777ms /etc/rc: DEBUG: checkyesno: gptboot_enable is set to YES.
+026794ms /etc/rc: DEBUG: checkyesno: gptboot_svcj is set to NO.
+026794ms /etc/rc: DEBUG: run_rc_command: doit:  gptboot_report 
+026890ms /etc/rc: DEBUG: checkyesno: osrelease_enable is set to YES.
+026914ms /etc/rc: DEBUG: checkyesno: osrelease_svcj is set to NO.
+026914ms /etc/rc: DEBUG: run_rc_command: doit:  osrelease_start 
+026935ms /etc/rc: DEBUG: checkyesno: rc_startmsgs is set to YES.
+026970ms Updating /var/run/os-release /etc/rc: DEBUG: checkyesno: rc_startmsgs is set to YES.
+026970ms done.
+027015ms /etc/rc: DEBUG: checkyesno: hostapd_enable is set to NO.
+027031ms /etc/rc: DEBUG: checkyesno: newsyslog_enable is set to YES.
+027058ms /etc/rc: DEBUG: checkyesno: newsyslog_svcj is set to NO.
+027116ms /etc/rc: DEBUG: run_rc_command: doit:  newsyslog_start 
+027168ms /etc/rc: DEBUG: checkyesno: rc_startmsgs is set to YES.
+027214ms Creating and/or trimming log files/etc/rc: DEBUG: checkyesno: rc_startmsgs is set to YES.
+027214ms .
+027258ms /etc/rc: DEBUG: checkyesno: syslogd_enable is set to YES.
+027258ms /etc/rc: DEBUG: run_rc_command: start_precmd: syslogd_precmd 
+027325ms /etc/rc: DEBUG: checkyesno: syslogd_svcj is set to NO.
+027325ms /etc/rc: DEBUG: checkyesno: rc_startmsgs is set to YES.
+027325ms Starting syslogd.
+027325ms /etc/rc: DEBUG: checkyesno: syslogd_svcj is set to NO.
+027325ms /etc/rc: DEBUG: run_rc_command: doit:  limits -C daemon   /usr/sbin/syslogd -s 
+027518ms /etc/rc: DEBUG: checkyesno: syslogd_svcj is set to NO.
+027536ms /etc/rc: DEBUG: checkyesno: auditd_enable is set to NO.
+027552ms /etc/rc: DEBUG: checkyesno: ntpdate_enable is set to NO.
+027645ms /etc/rc: DEBUG: checkyesno: watchdogd_enable is set to NO.
+027659ms /etc/rc: DEBUG: checkyesno: pwcheck_svcj is set to NO.
+027720ms /etc/rc: DEBUG: run_rc_command: doit:  pwcheck_start 
+027915ms /etc/rc: DEBUG: checkyesno: bsnmpd_enable is set to NO.
+027939ms /etc/rc: DEBUG: checkyesno: savecore_enable is set to YES.
+027972ms /etc/rc: DEBUG: run_rc_command: start_precmd: savecore_prestart 
+027987ms /etc/rc: DEBUG: No dump device. Quitting.
+028001ms /etc/rc: DEBUG: checkyesno: hastd_enable is set to NO.
+028015ms /etc/rc: DEBUG: checkyesno: auditdistd_enable is set to NO.
+028068ms /etc/rc: DEBUG: checkyesno: rpcbind_enable is set to NO.
+028068ms /etc/rc: DEBUG: checkyesno: nfs_client_enable is set to NO.
+028101ms /etc/rc: DEBUG: checkyesno: nisdomain_svcj is set to NO.
+028126ms /etc/rc: DEBUG: run_rc_command: doit:  nisdomain_start 
+028229ms /etc/rc: DEBUG: checkyesno: rpc_statd_enable is set to NO.
+028248ms /etc/rc: DEBUG: checkyesno: nis_server_enable is set to NO.
+028264ms /etc/rc: DEBUG: checkyesno: nis_ypldap_enable is set to NO.
+028281ms /etc/rc: DEBUG: checkyesno: nis_ypxfrd_enable is set to NO.
+028281ms /etc/rc: DEBUG: checkyesno: rpc_ypupdated_enable is set to NO.
+028281ms /etc/rc: DEBUG: checkyesno: nis_client_enable is set to NO.
+028302ms /etc/rc: DEBUG: checkyesno: rpc_lockd_enable is set to NO.
+028352ms /etc/rc: DEBUG: checkyesno: nis_ypset_enable is set to NO.
+028389ms /etc/rc: DEBUG: checkyesno: nis_yppasswdd_enable is set to NO.
+028389ms /etc/rc: DEBUG: checkyesno: autofs_enable is set to NO.
+028425ms /etc/rc: DEBUG: checkyesno: quota_enable is set to NO.
+028442ms /etc/rc: DEBUG: checkyesno: autofs_enable is set to NO.
+028465ms /etc/rc: DEBUG: checkyesno: local_svcj is set to NO.
+028465ms /etc/rc: DEBUG: run_rc_command: doit:  local_start 
+028482ms /etc/rc: DEBUG: checkyesno: sdpd_enable is set to NO.
+028533ms /etc/rc: DEBUG: checkyesno: rtadvd_enable is set to NO.
+028533ms /etc/rc: DEBUG: checkyesno: rwhod_enable is set to NO.
+028555ms /etc/rc: DEBUG: checkyesno: mountlate_svcj is set to NO.
+028555ms /etc/rc: DEBUG: run_rc_command: doit:  mountlate_start 
+028571ms Mounting late filesystems:.
+028571ms /etc/rc: DEBUG: checkyesno: nscd_enable is set to NO.
+028590ms /etc/rc: DEBUG: checkyesno: ntpd_enable is set to NO.
+028590ms /etc/rc: DEBUG: checkyesno: lpd_enable is set to NO.
+028649ms /etc/rc: DEBUG: checkyesno: powerd_enable is set to NO.
+028726ms /etc/rc: DEBUG: checkyesno: rarpd_enable is set to NO.
+028745ms /etc/rc: DEBUG: checkyesno: moused_enable is set to NO.
+028959ms /etc/rc: DEBUG: checkyesno: hcsecd_enable is set to NO.
+028979ms /etc/rc: DEBUG: checkyesno: bootparamd_enable is set to NO.
+029129ms /etc/rc: DEBUG: checkyesno: apm_enable is set to NO.
+029147ms /etc/rc: DEBUG: checkyesno: ubthidhci_enable is set to NO.
+029147ms /etc/rc: DEBUG: checkyesno: utx_enable is set to YES.
+029182ms /etc/rc: DEBUG: checkyesno: utx_svcj is set to NO.
+029182ms /etc/rc: DEBUG: run_rc_command: doit:  utx boot 
+029285ms /etc/rc: DEBUG: checkyesno: ftpproxy_enable is set to NO.
+029328ms /etc/rc: DEBUG: checkyesno: swaplate_svcj is set to NO.
+029380ms /etc/rc: DEBUG: run_rc_command: doit:  /sbin/swapon -aLq 
+029410ms /etc/rc: DEBUG: checkyesno: mountd_enable is set to NO.
+029432ms /etc/rc: DEBUG: checkyesno: bthidd_enable is set to NO.
+029474ms /etc/rc: DEBUG: checkyesno: rfcomm_pppd_server_enable is set to NO.
+029512ms /etc/rc: DEBUG: checkyesno: nfs_server_enable is set to NO.
+029512ms /etc/rc: DEBUG: checkyesno: msgs_svcj is set to NO.
+029512ms /etc/rc: DEBUG: run_rc_command: doit:  msgs_start 
+029547ms /etc/rc: DEBUG: checkyesno: inetd_enable is set to NO.
+029547ms /etc/rc: DEBUG: checkyesno: sshd_enable is set to YES.
+029586ms /etc/rc: DEBUG: run_rc_command: start_precmd: sshd_precmd 
+029586ms /etc/rc: DEBUG: checkyesno: sshd_enable is set to YES.
+029586ms /etc/rc: DEBUG: checkyesno: sshd_svcj is set to NO.
+029598ms /etc/rc: DEBUG: run_rc_command: doit:  sshd_keygen 
+029615ms /etc/rc: DEBUG: checkyesno: sshd_rsa_enable is set to yes.
+029673ms /etc/rc: DEBUG: checkyesno: sshd_ecdsa_enable is set to yes.
+029718ms /etc/rc: DEBUG: checkyesno: sshd_ed25519_enable is set to yes.
+029718ms /etc/rc: DEBUG: checkyesno: sshd_enable is set to YES.
+029812ms /etc/rc: DEBUG: checkyesno: sshd_svcj is set to NO.
+029812ms /etc/rc: DEBUG: run_rc_command: doit:  sshd_configtest 
+029829ms Performing sanity check on sshd configuration.
+030250ms /etc/rc: DEBUG: checkyesno: sshd_svcj is set to NO.
+030438ms /etc/rc: DEBUG: checkyesno: rc_startmsgs is set to YES.
+030438ms Starting sshd.
+030476ms /etc/rc: DEBUG: checkyesno: sshd_svcj is set to NO.
+030499ms /etc/rc: DEBUG: run_rc_command: doit:  limits -C daemon   /usr/sbin/sshd  
+030514ms /etc/rc: DEBUG: run_rc_command: start_precmd: syscons_precmd 
+030530ms /etc/rc: DEBUG: checkyesno: sysctl_lastload_svcj is set to NO.
+030571ms /etc/rc: DEBUG: run_rc_command: doit:  /etc/rc.d/sysctl lastload 
+030814ms /etc/rc.d/sysctl: DEBUG: checkyesno: sysctl_svcj is set to NO.
+030836ms /etc/rc.d/sysctl: DEBUG: checkyesno: sysctl_svcj is set to NO.
+030936ms /etc/rc.d/sysctl: DEBUG: run_rc_command: doit:  sysctl_start last 
+030936ms /etc/rc: DEBUG: checkyesno: sendmail_enable is set to NO.
+030999ms /etc/rc: DEBUG: checkyesno: sendmail_submit_enable is set to NO.
+030999ms /etc/rc: DEBUG: checkyesno: sendmail_outbound_enable is set to NO.
+031030ms /etc/rc: DEBUG: checkyesno: sendmail_msp_queue_enable is set to NO.
+031030ms /etc/rc: DEBUG: checkyesno: sendmail_enable is set to NO.
+031030ms /etc/rc: DEBUG: checkyesno: cron_dst is set to YES.
+031057ms /etc/rc: DEBUG: checkyesno: cron_enable is set to YES.
+031057ms /etc/rc: DEBUG: checkyesno: cron_svcj is set to NO.
+031080ms /etc/rc: DEBUG: checkyesno: rc_startmsgs is set to YES.
+031113ms Starting cron.
+031113ms /etc/rc: DEBUG: checkyesno: cron_svcj is set to NO.
+031148ms /etc/rc: DEBUG: run_rc_command: doit:  limits -C daemon   /usr/sbin/cron  -s 
+031238ms /etc/rc: DEBUG: checkyesno: background_fsck is set to YES.
+031301ms /etc/rc: DEBUG: run_rc_command: start_precmd: bgfsck_start_precmd 
+031405ms /etc/rc: DEBUG: checkyesno: background_fsck_svcj is set to NO.
+031438ms /etc/rc: DEBUG: run_rc_command: doit:  bgfsck_start 
+031466ms /etc/rc: DEBUG: checkyesno: rc_startmsgs is set to YES.
+031466ms Starting background file system checks in 60 seconds.
+031544ms /etc/rc: DEBUG: checkyesno: jail_enable is set to NO.
+031570ms /etc/rc: DEBUG: checkyesno: kern_securelevel_enable is set to NO.
+031570ms Wed Sep 23 10:03:16 UTC 2026
+031570ms FreeBSD/arm64 (smolbsd-arm64) (ttyu0)
+031570ms login: 