+000106ms UEFI firmware (version edk2-stable202408-prebuilt.qemu.org built at 16:28:50 on Sep 12 2024)
+000208ms ArmTrngLib could not be correctly initialized.
+000208ms Error: Image at 0004FDB6000 start failed: 00000001
+000224ms Error: Image at 0004FD6D000 start failed: Not Found
+000239ms Error: Image at 0004FCBA000 start failed: Unsupported
+000239ms Error: Image at 0004FC3F000 start failed: Not Found
+000239ms Error: Image at 0004FB65000 start failed: Aborted
+000266ms Tpm2SubmitCommand - Tcg2 - Not Found
+000266ms Tpm2GetCapabilityPcrs fail!
+000266ms Tpm2SubmitCommand - Tcg2 - Not Found
+000266ms Image type X64 can't be loaded on AARCH64 UEFI system.
+000716ms BdsDxe: loading Boot0001 "UEFI Misc Device" from PciRoot(0x0)/Pci(0x2,0x0)
+000716ms BdsDxe: starting Boot0001 "UEFI Misc Device" from PciRoot(0x0)/Pci(0x2,0x0)
+000730ms Consoles: EFI console  
+000744ms     Reading loader env vars from /efi/freebsd/loader.env
+000744ms Setting currdev to disk0p1:
+000744ms FreeBSD/arm64 EFI loader, Revision 3.0
+000744ms    Command line arguments: loader.efi
+000744ms    Image base: 0x4c69e000
+000744ms    EFI version: 2.70
+000744ms    EFI Firmware: EDK II (rev 1.00)
+000744ms    Console: efi (0x1000)
+000744ms    Load Path: \EFI\BOOT\BOOTAA64.EFI
+000744ms    Load Device: PciRoot(0x0)/Pci(0x2,0x0)/HD(1,GPT,410F6650-49C6-11F1-067B-FF9D86F8DCED,0x22,0x10418)
+000744ms    BootCurrent: 0001
+000744ms    BootOrder: 0000 0001[*] 0002
+000744ms    BootInfo Path: PciRoot(0x0)/Pci(0x2,0x0)
+000744ms Ignoring Boot0001: Only one DP found
+000761ms Trying ESP: PciRoot(0x0)/Pci(0x2,0x0)/HD(1,GPT,410F6650-49C6-11F1-067B-FF9D86F8DCED,0x22,0x10418)
+000761ms Setting currdev to disk0p1:
+000761ms |Trying: PciRoot(0x0)/Pci(0x2,0x0)/HD(2,GPT,410F665A-49C6-11F1-1D08-61407E6AF4DA,0x1043A,0x100000)
+000761ms Setting currdev to disk0p2:
+000761ms /Trying: PciRoot(0x0)/Pci(0x2,0x0)/HD(3,GPT,410F665A-49C6-11F1-17A5-D14FFF7C5968,0x11043A,0x6EF800)
+000761ms Setting currdev to disk0p3:
+000861ms -\|/-\|/-\|/-\|/-\|/-\Loading /boot/defaults/loader.conf
+000885ms Loading /boot/defaults/loader.conf
+000885ms Loading /boot/device.hints
+000923ms Loading /boot/loader.conf
+000923ms console uart0 is unavailable
+000923ms no valid consoles!
+000923ms Available consoles:
+000923ms     efi
+000923ms     eficom
+000923ms |Loading /boot/loader.conf.local
+000923ms /?c-Loading kernel...
+001057ms \|/boot/kernel/kernel text=0x318 text=0x765f28 /-\|text=0x1979d0 data=0xfa660 /data=0x0+0x2bf000 0x8+0xf3b70+0x8+0xd6e2d-
+001057ms Loading configured modules...
+001057ms /boot/entropy size=0x1000
+001073ms \/etc/hostid size=0x25
+001073ms Booting [/boot/kernel/kernel]...               
+001073ms Loading splash ok
+001073ms No valid device tree blob found!
+001073ms WARNING! Trying to fire up the kernel, but no device tree blob found!
+001116ms ---<<BOOT>>---
+001116ms Copyright (c) 1992-2025 The FreeBSD Project.
+001116ms Copyright (c) 1979, 1980, 1983, 1986, 1988, 1989, 1991, 1992, 1993, 1994
+001116ms The Regents of the University of California. All rights reserved.
+001116ms FreeBSD is a registered trademark of The FreeBSD Foundation.
+001116ms FreeBSD 15.0-RELEASE-p5 releng/15.0-0730d5233286 SMOLBSD arm64
+001116ms FreeBSD clang version 19.1.7 (https://github.com/llvm/llvm-project.git llvmorg-19.1.7-0-gcd708029e0b2)
+001116ms VT: init without driver.
+001116ms real memory  = 268435456 (256 MB)
+001116ms avail memory = 236445696 (225 MB)
+001116ms Starting CPU 1 (1)
+001116ms FreeBSD/SMP: Multiprocessor System Detected: 2 CPUs
+001116ms random: unblocking device.
+001116ms random: entropy device external interface
+001116ms kbd0 at kbdmux0
+001116ms acpi0: <BOCHS BXPC>
+001116ms acpi0: Power Button (fixed)
+001116ms acpi0: Sleep Button (fixed)
+001133ms acpi0: Could not update all GPEs: AE_NOT_CONFIGURED
+001133ms psci0: <ARM Power State Co-ordination Interface Driver> on acpi0
+001133ms smccc0: <ARM SMCCC v1.0> on psci0
+001133ms gic0: <ARM Generic Interrupt Controller> iomem 0x8000000-0x8000fff,0x8010000-0x8010fff on acpi0
+001133ms gic0: pn 0x0, arch 0x2, rev 0x0, implementer 0x43b irqs 288
+001133ms gic0: frame: 0 8020000 1 64 80
+001133ms gicv2m0: <ARM Generic Interrupt Controller MSI/MSIX> mem 0x8020000-0x8020fff on gic0
+001161ms generic_timer0: <ARM Generic Timer> irq 34,35,36,37 on acpi0
+001161ms Timecounter "ARM MPCore Timecounter" frequency 24000000 Hz quality 1000
+001161ms Event timer "ARM MPCore Eventtimer" frequency 24000000 Hz quality 1000
+001177ms efirtc0: <EFI Realtime Clock>
+001177ms efirtc0: registered as a time-of-day clock, resolution 1.000000s
+001177ms smbios0: <System Management BIOS>
+001177ms smbios0: Entry point: v3 (64-bit), Version: 3.0
+001177ms pmu0: <Performance Monitoring Unit> on acpi0
+001177ms cpu0: <ACPI CPU> on acpi0
+001193ms uart0: <PrimeCell UART (PL011)> iomem 0x9000000-0x9000fff irq 0 on acpi0
+001193ms uart0: console (9600,n,8,1)
+001204ms pcib0: <Generic PCI host controller> on acpi0
+001204ms pci0: <ACPI PCI bus> on pcib0
+001204ms virtio_pci0: <VirtIO PCI (legacy) Network adapter> port 0x80-0x9f mem 0x8000000000-0x8000003fff at device 1.0 on pci0
+001204ms vtnet0: <VirtIO Networking Adapter> on virtio_pci0
+001215ms vtnet0: Ethernet address: 52:54:00:12:34:56
+001215ms vtnet0: netmap queues/slots: TX 1/256, RX 1/128
+001215ms 000.000060 [ 452] vtnet_netmap_attach       vtnet attached txq=1, txd=256 rxq=1, rxd=128
+001215ms virtio_pci1: <VirtIO PCI (legacy) Block adapter> mem 0x10040000-0x10040fff,0x8000004000-0x8000007fff at device 2.0 on pci0
+001215ms vtblk0: <VirtIO Block Adapter> on virtio_pci1
+001215ms vtblk0: 4095MB (8387712 512 byte sectors)
+001230ms acpi_ged0: <Generic Event Device> irq 33 on acpi0
+001230ms acpi_ged0: Raw IRQ 41
+001245ms acpi_button0: <Power Button> on acpi0
+001245ms armv8crypto0: <AES-CBC,AES-XTS,AES-GCM>
+001245ms Timecounters tick every 10.000 msec
+001245ms CPU  0: Apple Unknown CPU r0p0 (midr: 610f0000) affinity:  0
+001245ms                    Cache Type = <64 byte CWG,64 byte ERG,64 byte D-cacheline,PIPT I-cache,64 byte I-cacheline>
+001245ms  Instruction Set Attributes 0 = <TLBI-OSR,CondM-8.5,FHM,DP,SHA3,RDM,Atomic,CRC32,SHA2+SHA512,SHA1,AES+PMULL>
+001245ms  Instruction Set Attributes 1 = <PredInv v8.5,SB,FRINTTS,GPI,RCPC-8.4,FCMA,JSCVT,API EPAC,DCCVADP>
+001245ms  Instruction Set Attributes 2 = <>
+001245ms          Processor Features 0 = <CSV3,CSV2,PSTATE.DIT,RAS,AdvSIMD+HP,FP+HP,EL1,EL0>
+001245ms          Processor Features 1 = <MTE_frac>
+001245ms          Processor Features 2 = <>
+001245ms       Memory Model Features 0 = <ExS,TGran4,TGran16,8bit ASID,1TB PA>
+001245ms       Memory Model Features 1 = <XNX,SpecSEI,PAN+ATS1E1,LO,HPD+TTPBHA,8bit VMID>
+001245ms       Memory Model Features 2 = <E0PD,TTL,IDS,AT,32bit CCIDX,48bit VA,IESB,UAO,CnP>
+001245ms       Memory Model Features 3 = <>
+001245ms       Memory Model Features 4 = <>
+001245ms              Debug Features 0 = <DoubleLock,2 CTX BKPTs,4 Watchpoints,6 Breakpoints,Debugv8>
+001245ms              Debug Features 1 = <>
+001245ms          Auxiliary Features 0 = <>
+001245ms          Auxiliary Features 1 = <>
+001245ms AArch32 Instruction Set Attributes 5 = <>
+001257ms AArch32 Media and VFP Features 0 = <>
+001257ms AArch32 Media and VFP Features 1 = <>
+001257ms CPU  1: Apple Unknown CPU r0p0 (midr: 610f0000) affinity:  1
+001257ms gic0: using for IPIs
+001271ms Release APs...done
+001271ms Trying to mount root from ufs:/dev/gpt/rootfs [rw,noatime]...
+002562ms Setting hostuuid: 226909d5-2e00-4f8b-8ac2-219cb44b6f42.
+002562ms Setting hostid: 0x058ccd11.
+002592ms Starting file system checks:
+002624ms /dev/gpt/rootfs: FILE SYSTEM CLEAN; SKIPPING CHECKS
+002624ms /dev/gpt/rootfs: clean, 511767 free (23 frags, 63968 blocks, 0.0% fragmentation)
+002711ms /dev/gpt/efiboot0: FILESYSTEM CLEAN; SKIPPING CHECKS
+003047ms Mounting local filesystems:.
+003443ms ELF ldconfig path: /lib /usr/lib /usr/lib/compat
+003490ms Setting hostname: smolbsd-arm64.
+003635ms Setting up harvesting: RANDOMDEV,[CALLOUT],[UMA],[FS_ATIME],SWI,INTERRUPT,NET_NG,[NET_ETHER],NET_TUN,MOUSE,KEYBOARD,ATTACH,CACHED
+003682ms Feeding entropy: .
+003839ms lo0: link state changed to UP
+003884ms vtnet0: link state changed to UP
+003900ms Starting Network: lo0 vtnet0.
+003900ms lo0: flags=1008049<UP,LOOPBACK,RUNNING,MULTICAST,LOWER_UP> metric 0 mtu 16384
+003900ms options=680003<RXCSUM,TXCSUM,LINKSTATE,RXCSUM_IPV6,TXCSUM_IPV6>
+003900ms inet 127.0.0.1 netmask 0xff000000
+003900ms inet6 ::1 prefixlen 128
+003900ms inet6 fe80::1%lo0 prefixlen 64 scopeid 0x2
+003900ms groups: lo
+003900ms nd6 options=21<PERFORMNUD,AUTO_LINKLOCAL>
+003900ms vtnet0: flags=1008843<UP,BROADCAST,RUNNING,SIMPLEX,MULTICAST,LOWER_UP> metric 0 mtu 1500
+003900ms options=880028<VLAN_MTU,JUMBO_MTU,LINKSTATE,HWSTATS>
+003900ms ether 52:54:00:12:34:56
+003900ms media: Ethernet autoselect (10Gbase-T <full-duplex>)
+003900ms status: active
+003900ms nd6 options=29<PERFORMNUD,IFDISABLED,AUTO_LINKLOCAL>
+004000ms Starting devd.
+006516ms Starting dhclient.
+006546ms DHCPREQUEST on vtnet0 to 255.255.255.255 port 67
+006546ms DHCPACK from 10.0.2.2
+006751ms bound to 10.0.2.15 -- renewal in 43200 seconds.
+006805ms route: message indicates error: File exists
+006805ms add host 127.0.0.1: gateway lo0 fib 0: route already in table
+006862ms route: message indicates error: File exists
+006862ms add host ::1: gateway lo0 fib 0: route already in table
+006862ms add net fe80::: gateway ::1
+006873ms add net ff02::: gateway ::1
+006873ms add net ::ffff:0.0.0.0: gateway ::1
+006885ms add net ::0.0.0.0: gateway ::1
+007033ms Clearing /tmp (X related).
+007139ms Updating motd:.
+007383ms Updating /var/run/os-release done.
+007409ms Creating and/or trimming log files.
+007437ms Starting syslogd.
+007659ms Mounting late filesystems:.
+007753ms Performing sanity check on sshd configuration.
+008316ms Starting sshd.
+008391ms Starting cron.
+008406ms Starting background file system checks in 60 seconds.
+008434ms Wed Sep 23 10:00:01 UTC 
+008434ms FreeBSD/arm64 (smolbsd-arm64) (ttyu0)
+008434ms login: 