+000443ms UEFI firmware (version edk2-stable202408-prebuilt.qemu.org built at 16:28:50 on Sep 12 2024)
+001260ms ArmTrngLib could not be correctly initialized.
+001260ms Error: Image at 0004FDB6000 start failed: 00000001
+001260ms Error: Image at 0004FD6D000 start failed: Not Found
+001287ms Error: Image at 0004FCBA000 start failed: Unsupported
+001287ms Error: Image at 0004FC3F000 start failed: Not Found
+001313ms Error: Image at 0004FB65000 start failed: Aborted
+001445ms Tpm2SubmitCommand - Tcg2 - Not Found
+001445ms Tpm2GetCapabilityPcrs fail!
+001445ms Tpm2SubmitCommand - Tcg2 - Not Found
+001462ms Image type X64 can't be loaded on AARCH64 UEFI system.
+002585ms BdsDxe: loading Boot0001 "UEFI Misc Device" from PciRoot(0x0)/Pci(0x2,0x0)
+002585ms BdsDxe: starting Boot0001 "UEFI Misc Device" from PciRoot(0x0)/Pci(0x2,0x0)
+002585ms Consoles: EFI console  
+002614ms     Reading loader env vars from /efi/freebsd/loader.env
+002614ms Setting currdev to disk0p1:
+002971ms FreeBSD/arm64 EFI loader, Revision 3.0
+002971ms    Command line arguments: loader.efi
+002971ms    Image base: 0x4c69e000
+002971ms    EFI version: 2.70
+002971ms    EFI Firmware: EDK II (rev 1.00)
+002971ms    Console: efi (0x1000)
+002971ms    Load Path: \EFI\BOOT\BOOTAA64.EFI
+002971ms    Load Device: PciRoot(0x0)/Pci(0x2,0x0)/HD(1,GPT,410F6650-49C6-11F1-067B-FF9D86F8DCED,0x22,0x10418)
+002971ms    BootCurrent: 0001
+002971ms    BootOrder: 0000 0001[*] 0002
+002971ms    BootInfo Path: PciRoot(0x0)/Pci(0x2,0x0)
+002971ms Ignoring Boot0001: Only one DP found
+002971ms Trying ESP: PciRoot(0x0)/Pci(0x2,0x0)/HD(1,GPT,410F6650-49C6-11F1-067B-FF9D86F8DCED,0x22,0x10418)
+002971ms Setting currdev to disk0p1:
+002971ms |Trying: PciRoot(0x0)/Pci(0x2,0x0)/HD(2,GPT,410F665A-49C6-11F1-1D08-61407E6AF4DA,0x1043A,0x100000)
+002971ms Setting currdev to disk0p2:
+002987ms /Trying: PciRoot(0x0)/Pci(0x2,0x0)/HD(3,GPT,410F665A-49C6-11F1-17A5-D14FFF7C5968,0x11043A,0x6EF800)
+002987ms Setting currdev to disk0p3:
+003018ms -\|/-\|/-\|/-\|/-\|/-\Loading /boot/defaults/loader.conf
+003018ms Loading /boot/defaults/loader.conf
+003018ms Loading /boot/device.hints
+003018ms Loading /boot/loader.conf
+003018ms console uart0 is unavailable
+003018ms no valid consoles!
+003018ms Available consoles:
+003018ms     efi
+003018ms     eficom
+003018ms |Loading /boot/loader.conf.local
+003018ms /?c-Loading kernel...
+003329ms \|/boot/kernel/kernel text=0x318 text=0x765f28 /-\|text=0x1979d0 data=0xfa660 /data=0x0+0x2bf000 0x8+0xf3b70+0x8+0xd6e2d-
+003329ms Loading configured modules...
+003329ms /etc/hostid size=0x25
+003329ms \/boot/entropy size=0x1000
+003329ms Booting [/boot/kernel/kernel]...               
+003329ms Loading splash ok
+003329ms No valid device tree blob found!
+003329ms WARNING! Trying to fire up the kernel, but no device tree blob found!
+003360ms ---<<BOOT>>---
+003360ms Copyright (c) 1992-2025 The FreeBSD Project.
+003360ms Copyright (c) 1979, 1980, 1983, 1986, 1988, 1989, 1991, 1992, 1993, 1994
+003360ms The Regents of the University of California. All rights reserved.
+003376ms FreeBSD is a registered trademark of The FreeBSD Foundation.
+003376ms FreeBSD 15.0-RELEASE-p5 releng/15.0-0730d5233286 SMOLBSD arm64
+003440ms FreeBSD clang version 19.1.7 (https://github.com/llvm/llvm-project.git llvmorg-19.1.7-0-gcd708029e0b2)
+003440ms VT: init without driver.
+003455ms real memory  = 268435456 (256 MB)
+003455ms avail memory = 236445696 (225 MB)
+003455ms Starting CPU 1 (1)
+003455ms FreeBSD/SMP: Multiprocessor System Detected: 2 CPUs
+003455ms random: unblocking device.
+003455ms random: entropy device external interface
+003455ms kbd0 at kbdmux0
+003455ms acpi0: <BOCHS BXPC>
+003472ms acpi0: Power Button (fixed)
+003472ms acpi0: Sleep Button (fixed)
+003472ms acpi0: Could not update all GPEs: AE_NOT_CONFIGURED
+003564ms psci0: <ARM Power State Co-ordination Interface Driver> on acpi0
+003564ms smccc0: <ARM SMCCC v1.0> on psci0
+003564ms gic0: <ARM Generic Interrupt Controller> iomem 0x8000000-0x8000fff,0x8010000-0x8010fff on acpi0
+003564ms gic0: pn 0x0, arch 0x2, rev 0x0, implementer 0x43b irqs 288
+003564ms gic0: frame: 0 8020000 1 64 80
+003564ms gicv2m0: <ARM Generic Interrupt Controller MSI/MSIX> mem 0x8020000-0x8020fff on gic0
+003577ms generic_timer0: <ARM Generic Timer> irq 34,35,36,37 on acpi0
+003577ms Timecounter "ARM MPCore Timecounter" frequency 24000000 Hz quality 1000
+003577ms Event timer "ARM MPCore Eventtimer" frequency 24000000 Hz quality 1000
+003577ms efirtc0: <EFI Realtime Clock>
+003577ms efirtc0: registered as a time-of-day clock, resolution 1.000000s
+003577ms smbios0: <System Management BIOS>
+003577ms smbios0: Entry point: v3 (64-bit), Version: 3.0
+003577ms pmu0: <Performance Monitoring Unit> on acpi0
+003577ms cpu0: <ACPI CPU> on acpi0
+003593ms uart0: <PrimeCell UART (PL011)> iomem 0x9000000-0x9000fff irq 0 on acpi0
+003593ms uart0: console (9600,n,8,1)
+003593ms pcib0: <Generic PCI host controller> on acpi0
+003593ms pci0: <ACPI PCI bus> on pcib0
+003593ms virtio_pci0: <VirtIO PCI (legacy) Network adapter> port 0x80-0x9f mem 0x8000000000-0x8000003fff at device 1.0 on pci0
+003593ms vtnet0: <VirtIO Networking Adapter> on virtio_pci0
+003739ms vtnet0: Ethernet address: 52:54:00:12:34:56
+003739ms vtnet0: netmap queues/slots: TX 1/256, RX 1/128
+003739ms 000.000060 [ 452] vtnet_netmap_attach       vtnet attached txq=1, txd=256 rxq=1, rxd=128
+003771ms virtio_pci1: <VirtIO PCI (legacy) Block adapter> mem 0x10040000-0x10040fff,0x8000004000-0x8000007fff at device 2.0 on pci0
+003771ms vtblk0: <VirtIO Block Adapter> on virtio_pci1
+003771ms vtblk0: 4095MB (8387712 512 byte sectors)
+003771ms acpi_ged0: <Generic Event Device> irq 33 on acpi0
+003771ms acpi_ged0: Raw IRQ 41
+003771ms acpi_button0: <Power Button> on acpi0
+003771ms armv8crypto0: <AES-CBC,AES-XTS,AES-GCM>
+003908ms Timecounters tick every 10.000 msec
+003908ms CPU  0: Apple Unknown CPU r0p0 (midr: 610f0000) affinity:  0
+003908ms                    Cache Type = <64 byte CWG,64 byte ERG,64 byte D-cacheline,PIPT I-cache,64 byte I-cacheline>
+003908ms  Instruction Set Attributes 0 = <TLBI-OSR,CondM-8.5,FHM,DP,SHA3,RDM,Atomic,CRC32,SHA2+SHA512,SHA1,AES+PMULL>
+003908ms  Instruction Set Attributes 1 = <PredInv v8.5,SB,FRINTTS,GPI,RCPC-8.4,FCMA,JSCVT,API EPAC,DCCVADP>
+003921ms  Instruction Set Attributes 2 = <>
+003921ms          Processor Features 0 = <CSV3,CSV2,PSTATE.DIT,RAS,AdvSIMD+HP,FP+HP,EL1,EL0>
+003921ms          Processor Features 1 = <MTE_frac>
+003921ms          Processor Features 2 = <>
+003921ms       Memory Model Features 0 = <ExS,TGran4,TGran16,8bit ASID,1TB PA>
+003921ms       Memory Model Features 1 = <XNX,SpecSEI,PAN+ATS1E1,LO,HPD+TTPBHA,8bit VMID>
+003921ms       Memory Model Features 2 = <E0PD,TTL,IDS,AT,32bit CCIDX,48bit VA,IESB,UAO,CnP>
+003921ms       Memory Model Features 3 = <>
+003921ms       Memory Model Features 4 = <>
+003921ms              Debug Features 0 = <DoubleLock,2 CTX BKPTs,4 Watchpoints,6 Breakpoints,Debugv8>
+003921ms              Debug Features 1 = <>
+003921ms          Auxiliary Features 0 = <>
+003921ms          Auxiliary Features 1 = <>
+003921ms AArch32 Instruction Set Attributes 5 = <>
+003921ms AArch32 Media and VFP Features 0 = <>
+003921ms AArch32 Media and VFP Features 1 = <>
+003921ms CPU  1: Apple Unknown CPU r0p0 (midr: 610f0000) affinity:  1
+003921ms gic0: using for IPIs
+004004ms Release APs...done
+004020ms Trying to mount root from ufs:/dev/gpt/rootfs [rw,noatime]...
+004779ms Setting hostuuid: 226909d5-2e00-4f8b-8ac2-219cb44b6f42.
+004779ms Setting hostid: 0x058ccd11.
+004810ms Starting file system checks:
+004840ms /dev/gpt/rootfs: FILE SYSTEM CLEAN; SKIPPING CHECKS
+004840ms /dev/gpt/rootfs: clean, 511767 free (23 frags, 63968 blocks, 0.0% fragmentation)
+004902ms /dev/gpt/efiboot0: FILESYSTEM CLEAN; SKIPPING CHECKS
+005065ms Mounting local filesystems:.
+005604ms ELF ldconfig path: /lib /usr/lib /usr/lib/compat
+005681ms Setting hostname: smolbsd-arm64.
+005855ms Setting up harvesting: RANDOMDEV,[CALLOUT],[UMA],[FS_ATIME],SWI,INTERRUPT,NET_NG,[NET_ETHER],NET_TUN,MOUSE,KEYBOARD,ATTACH,CACHED
+005941ms Feeding entropy: .
+006233ms lo0: link state changed to UP
+006373ms vtnet0: link state changed to UP
+006417ms Starting Network: lo0 vtnet0.
+006448ms lo0: flags=1008049<UP,LOOPBACK,RUNNING,MULTICAST,LOWER_UP> metric 0 mtu 16384
+006448ms options=680003<RXCSUM,TXCSUM,LINKSTATE,RXCSUM_IPV6,TXCSUM_IPV6>
+006448ms inet 127.0.0.1 netmask 0xff000000
+006448ms inet6 ::1 prefixlen 128
+006448ms inet6 fe80::1%lo0 prefixlen 64 scopeid 0x2
+006448ms groups: lo
+006448ms nd6 options=21<PERFORMNUD,AUTO_LINKLOCAL>
+006448ms vtnet0: flags=1008843<UP,BROADCAST,RUNNING,SIMPLEX,MULTICAST,LOWER_UP> metric 0 mtu 1500
+006448ms options=880028<VLAN_MTU,JUMBO_MTU,LINKSTATE,HWSTATS>
+006448ms ether 52:54:00:12:34:56
+006448ms media: Ethernet autoselect (10Gbase-T <full-duplex>)
+006448ms status: active
+006448ms nd6 options=29<PERFORMNUD,IFDISABLED,AUTO_LINKLOCAL>
+006633ms Starting devd.
+011128ms Starting dhclient.
+011153ms DHCPREQUEST on vtnet0 to 255.255.255.255 port 67
+011153ms DHCPACK from 10.0.2.2
+011266ms bound to 10.0.2.15 -- renewal in 43200 seconds.
+011492ms route: message indicates error: File exists
+011492ms add host 127.0.0.1: gateway lo0 fib 0: route already in table
+011537ms route: message indicates error: File exists
+011537ms add host ::1: gateway lo0 fib 0: route already in table
+011553ms add net fe80::: gateway ::1
+011553ms add net ff02::: gateway ::1
+011553ms add net ::ffff:0.0.0.0: gateway ::1
+011569ms add net ::0.0.0.0: gateway ::1
+011935ms Clearing /tmp (X related).
+012073ms Updating motd:.
+012344ms Updating /var/run/os-release done.
+012358ms Creating and/or trimming log files.
+012386ms Starting syslogd.
+012721ms Mounting late filesystems:.
+013201ms Performing sanity check on sshd configuration.
+013608ms Starting sshd.
+013909ms Starting cron.
+013925ms Starting background file system checks in 60 seconds.
+013925ms Wed Sep 23 09:56:04 UTC 
+013937ms FreeBSD/arm64 (smolbsd-arm64) (ttyu0)
+013937ms login: 