+000354ms UEFI firmware (version edk2-stable202408-prebuilt.qemu.org built at 16:28:50 on Sep 12 2024)
+001162ms ArmTrngLib could not be correctly initialized.
+001177ms Error: Image at 0004FDB6000 start failed: 00000001
+001177ms Error: Image at 0004FD6D000 start failed: Not Found
+001268ms Error: Image at 0004FCBA000 start failed: Unsupported
+001299ms Error: Image at 0004FC3F000 start failed: Not Found
+001327ms Error: Image at 0004FB65000 start failed: Aborted
+001427ms Tpm2SubmitCommand - Tcg2 - Not Found
+001427ms Tpm2GetCapabilityPcrs fail!
+001427ms Tpm2SubmitCommand - Tcg2 - Not Found
+001440ms Image type X64 can't be loaded on AARCH64 UEFI system.
+001702ms BdsDxe: loading Boot0001 "UEFI Misc Device" from PciRoot(0x0)/Pci(0x2,0x0)
+001702ms BdsDxe: starting Boot0001 "UEFI Misc Device" from PciRoot(0x0)/Pci(0x2,0x0)
+001702ms Consoles: EFI console  
+001774ms     Reading loader env vars from /efi/freebsd/loader.env
+001774ms Setting currdev to disk0p1:
+001787ms FreeBSD/arm64 EFI loader, Revision 3.0
+001787ms    Command line arguments: loader.efi
+001787ms    Image base: 0x4c69e000
+001787ms    EFI version: 2.70
+001787ms    EFI Firmware: EDK II (rev 1.00)
+001787ms    Console: efi (0x1000)
+001787ms    Load Path: \EFI\BOOT\BOOTAA64.EFI
+001787ms    Load Device: PciRoot(0x0)/Pci(0x2,0x0)/HD(1,GPT,410F6650-49C6-11F1-067B-FF9D86F8DCED,0x22,0x10418)
+001787ms    BootCurrent: 0001
+001787ms    BootOrder: 0000 0001[*] 0002
+001787ms    BootInfo Path: PciRoot(0x0)/Pci(0x2,0x0)
+001787ms Ignoring Boot0001: Only one DP found
+001787ms Trying ESP: PciRoot(0x0)/Pci(0x2,0x0)/HD(1,GPT,410F6650-49C6-11F1-067B-FF9D86F8DCED,0x22,0x10418)
+001787ms Setting currdev to disk0p1:
+001787ms |Trying: PciRoot(0x0)/Pci(0x2,0x0)/HD(2,GPT,410F665A-49C6-11F1-1D08-61407E6AF4DA,0x1043A,0x100000)
+001787ms Setting currdev to disk0p2:
+001787ms /Trying: PciRoot(0x0)/Pci(0x2,0x0)/HD(3,GPT,410F665A-49C6-11F1-17A5-D14FFF7C5968,0x11043A,0x6EF800)
+001787ms Setting currdev to disk0p3:
+001915ms -\|/-\|/-\|/-\|/-\|/-\Loading /boot/defaults/loader.conf
+001915ms Loading /boot/defaults/loader.conf
+001915ms Loading /boot/device.hints
+001915ms Loading /boot/loader.conf
+001915ms console uart0 is unavailable
+001915ms no valid consoles!
+001915ms Available consoles:
+001915ms     efi
+001915ms     eficom
+001933ms |Loading /boot/loader.conf.local
+001933ms /?c-Loading kernel...
+002208ms \|/boot/kernel/kernel text=0x318 text=0x765f28 /-\|text=0x1979d0 data=0xfa660 /data=0x0+0x2bf000 0x8+0xf3b70+0x8+0xd6e2d-
+002208ms Loading configured modules...
+002305ms /etc/hostid size=0x25
+002320ms \/boot/entropy size=0x1000
+002320ms Booting [/boot/kernel/kernel]...               
+002354ms Loading splash ok
+002354ms No valid device tree blob found!
+002470ms WARNING! Trying to fire up the kernel, but no device tree blob found!
+002551ms ---<<BOOT>>---
+002551ms Copyright (c) 1992-2025 The FreeBSD Project.
+002570ms Copyright (c) 1979, 1980, 1983, 1986, 1988, 1989, 1991, 1992, 1993, 1994
+002604ms The Regents of the University of California. All rights reserved.
+002642ms FreeBSD is a registered trademark of The FreeBSD Foundation.
+002666ms FreeBSD 15.0-RELEASE-p5 releng/15.0-0730d5233286 SMOLBSD arm64
+002699ms FreeBSD clang version 19.1.7 (https://github.com/llvm/llvm-project.git llvmorg-19.1.7-0-gcd708029e0b2)
+002719ms VT: init without driver.
+002719ms real memory  = 268435456 (256 MB)
+002719ms avail memory = 236445696 (225 MB)
+002750ms Starting CPU 1 (1)
+002750ms FreeBSD/SMP: Multiprocessor System Detected: 2 CPUs
+002750ms random: unblocking device.
+002750ms random: entropy device external interface
+002750ms kbd0 at kbdmux0
+002750ms acpi0: <BOCHS BXPC>
+002750ms acpi0: Power Button (fixed)
+002750ms acpi0: Sleep Button (fixed)
+002765ms acpi0: Could not update all GPEs: AE_NOT_CONFIGURED
+002765ms psci0: <ARM Power State Co-ordination Interface Driver> on acpi0
+002765ms smccc0: <ARM SMCCC v1.0> on psci0
+002765ms gic0: <ARM Generic Interrupt Controller> iomem 0x8000000-0x8000fff,0x8010000-0x8010fff on acpi0
+002765ms gic0: pn 0x0, arch 0x2, rev 0x0, implementer 0x43b irqs 288
+002765ms gic0: frame: 0 8020000 1 64 80
+002765ms gicv2m0: <ARM Generic Interrupt Controller MSI/MSIX> mem 0x8020000-0x8020fff on gic0
+002806ms generic_timer0: <ARM Generic Timer> irq 34,35,36,37 on acpi0
+002806ms Timecounter "ARM MPCore Timecounter" frequency 24000000 Hz quality 1000
+002806ms Event timer "ARM MPCore Eventtimer" frequency 24000000 Hz quality 1000
+002838ms efirtc0: <EFI Realtime Clock>
+002857ms efirtc0: registered as a time-of-day clock, resolution 1.000000s
+002910ms smbios0: <System Management BIOS>
+002910ms smbios0: Entry point: v3 (64-bit), Version: 3.0
+002952ms pmu0: <Performance Monitoring Unit> on acpi0
+002952ms cpu0: <ACPI CPU> on acpi0
+002952ms uart0: <PrimeCell UART (PL011)> iomem 0x9000000-0x9000fff irq 0 on acpi0
+002952ms uart0: console (9600,n,8,1)
+003107ms pcib0: <Generic PCI host controller> on acpi0
+003107ms pci0: <ACPI PCI bus> on pcib0
+003107ms virtio_pci0: <VirtIO PCI (legacy) Network adapter> port 0x80-0x9f mem 0x8000000000-0x8000003fff at device 1.0 on pci0
+003107ms vtnet0: <VirtIO Networking Adapter> on virtio_pci0
+003107ms vtnet0: Ethernet address: 52:54:00:12:34:56
+003107ms vtnet0: netmap queues/slots: TX 1/256, RX 1/128
+003107ms 000.000060 [ 452] vtnet_netmap_attach       vtnet attached txq=1, txd=256 rxq=1, rxd=128
+003119ms virtio_pci1: <VirtIO PCI (legacy) Block adapter> mem 0x10040000-0x10040fff,0x8000004000-0x8000007fff at device 2.0 on pci0
+003119ms vtblk0: <VirtIO Block Adapter> on virtio_pci1
+003136ms vtblk0: 4095MB (8387712 512 byte sectors)
+003153ms acpi_ged0: <Generic Event Device> irq 33 on acpi0
+003169ms acpi_ged0: Raw IRQ 41
+003169ms acpi_button0: <Power Button> on acpi0
+003169ms armv8crypto0: <AES-CBC,AES-XTS,AES-GCM>
+003181ms Timecounters tick every 10.000 msec
+003197ms CPU  0: Apple Unknown CPU r0p0 (midr: 610f0000) affinity:  0
+003197ms                    Cache Type = <64 byte CWG,64 byte ERG,64 byte D-cacheline,PIPT I-cache,64 byte I-cacheline>
+003216ms Trying to mount root from ufs:/dev/gpt/rootfs [rw,noatime]...
+003216ms  Instruction Set Attributes 0 = <TLBI-OSR,CondM-8.5,FHM,DP,SHA3,RDM,Atomic,CRC32,SHA2+SHA512,SHA1,AES+PMULL>
+003216ms  Instruction Set Attributes 1 = <PredInv v8.5,SB,FRINTTS,GPI,RCPC-8.4,FCMA,JSCVT,API EPAC,DCCVADP>
+003216ms  Instruction Set Attributes 2 = <>
+003237ms          Processor Features 0 = <CSV3,CSV2,PSTATE.DIT,RAS,AdvSIMD+HP,FP+HP,EL1,EL0>
+003237ms          Processor Features 1 = <MTE_frac>
+003256ms          Processor Features 2 = <>
+003279ms       Memory Model Features 0 = <ExS,TGran4,TGran16,8bit ASID,1TB PA>
+003311ms       Memory Model Features 1 = <XNX,SpecSEI,PAN+ATS1E1,LO,HPD+TTPBHA,8bit VMID>
+003311ms       Memory Model Features 2 = <E0PD,TTL,IDS,AT,32bit CCIDX,48bit VA,IESB,UAO,CnP>
+003326ms       Memory Model Features 3 = <>
+003351ms       Memory Model Features 4 = <>
+003351ms              Debug Features 0 = <DoubleLock,2 CTX BKPTs,4 Watchpoints,6 Breakpoints,Debugv8>
+003351ms              Debug Features 1 = <>
+003351ms          Auxiliary Features 0 = <>
+003351ms          Auxiliary Features 1 = <>
+003351ms AArch32 Instruction Set Attributes 5 = <>
+003351ms AArch32 Media and VFP Features 0 = <>
+003351ms AArch32 Media and VFP Features 1 = <>
+003367ms CPU  1: Apple Unknown CPU r0p0 (midr: 610f0000) affinity:  1
+003367ms gic0: using for IPIs
+003380ms Release APs...done
+004438ms Setting hostuuid: 226909d5-2e00-4f8b-8ac2-219cb44b6f42.
+004438ms Setting hostid: 0x058ccd11.
+004494ms Starting file system checks:
+004559ms /dev/gpt/rootfs: FILE SYSTEM CLEAN; SKIPPING CHECKS
+004559ms /dev/gpt/rootfs: clean, 511767 free (23 frags, 63968 blocks, 0.0% fragmentation)
+004576ms /dev/gpt/efiboot0: FILESYSTEM CLEAN; SKIPPING CHECKS
+004668ms Mounting local filesystems:.
+005122ms ELF ldconfig path: /lib /usr/lib /usr/lib/compat
+005150ms Setting hostname: smolbsd-arm64.
+005326ms Setting up harvesting: RANDOMDEV,[CALLOUT],[UMA],[FS_ATIME],SWI,INTERRUPT,NET_NG,[NET_ETHER],NET_TUN,MOUSE,KEYBOARD,ATTACH,CACHED
+005440ms Feeding entropy: .
+005761ms lo0: link state changed to UP
+006056ms vtnet0: link state changed to UP
+006146ms Starting Network: lo0 vtnet0.
+006188ms lo0: flags=1008049<UP,LOOPBACK,RUNNING,MULTICAST,LOWER_UP> metric 0 mtu 16384
+006188ms options=680003<RXCSUM,TXCSUM,LINKSTATE,RXCSUM_IPV6,TXCSUM_IPV6>
+006188ms inet 127.0.0.1 netmask 0xff000000
+006203ms inet6 ::1 prefixlen 128
+006203ms inet6 fe80::1%lo0 prefixlen 64 scopeid 0x2
+006203ms groups: lo
+006203ms nd6 options=21<PERFORMNUD,AUTO_LINKLOCAL>
+006229ms vtnet0: flags=1008843<UP,BROADCAST,RUNNING,SIMPLEX,MULTICAST,LOWER_UP> metric 0 mtu 1500
+006229ms options=880028<VLAN_MTU,JUMBO_MTU,LINKSTATE,HWSTATS>
+006229ms ether 52:54:00:12:34:56
+006262ms media: Ethernet autoselect (10Gbase-T <full-duplex>)
+006262ms status: active
+006262ms nd6 options=29<PERFORMNUD,IFDISABLED,AUTO_LINKLOCAL>
+006709ms Starting devd.
+017629ms Starting dhclient.
+018225ms DHCPREQUEST on vtnet0 to 255.255.255.255 port 67
+018290ms DHCPACK from 10.0.2.2
+018742ms bound to 10.0.2.15 -- renewal in 43200 seconds.
+018775ms route: message indicates error: File exists
+018775ms add host 127.0.0.1: gateway lo0 fib 0: route already in table
+018884ms route: message indicates error: File exists
+018898ms add host ::1: gateway lo0 fib 0: route already in table
+018898ms add net fe80::: gateway ::1
+018911ms add net ff02::: gateway ::1
+018911ms add net ::ffff:0.0.0.0: gateway ::1
+018929ms add net ::0.0.0.0: gateway ::1
+019754ms Clearing /tmp (X related).
+019807ms Updating motd:.
+020326ms Updating /var/run/os-release done.
+020354ms Creating and/or trimming log files.
+020370ms Starting syslogd.
+021052ms Mounting late filesystems:.
+021637ms Performing sanity check on sshd configuration.
+022142ms Starting sshd.
+022309ms Starting cron.
+022337ms Starting background file system checks in 60 seconds.
+022377ms Wed Sep 23 1
+022377ms FreeBSD/arm64 (smolbsd-arm64) (ttyu0)
+022377ms login: 