+000416ms UEFI firmware (version edk2-stable202408-prebuilt.qemu.org built at 16:28:50 on Sep 12 2024)
+001018ms ArmTrngLib could not be correctly initialized.
+001018ms Error: Image at 0004FDB6000 start failed: 00000001
+001033ms Error: Image at 0004FD6D000 start failed: Not Found
+001258ms Error: Image at 0004FCBA000 start failed: Unsupported
+001258ms Error: Image at 0004FC3F000 start failed: Not Found
+001277ms Error: Image at 0004FB65000 start failed: Aborted
+001354ms Tpm2SubmitCommand - Tcg2 - Not Found
+001354ms Tpm2GetCapabilityPcrs fail!
+001354ms Tpm2SubmitCommand - Tcg2 - Not Found
+001354ms Image type X64 can't be loaded on AARCH64 UEFI system.
+001926ms BdsDxe: loading Boot0001 "UEFI Misc Device" from PciRoot(0x0)/Pci(0x2,0x0)
+001926ms BdsDxe: starting Boot0001 "UEFI Misc Device" from PciRoot(0x0)/Pci(0x2,0x0)
+001955ms Consoles: EFI console  
+002326ms     Reading loader env vars from /efi/freebsd/loader.env
+002326ms Setting currdev to disk0p1:
+002453ms FreeBSD/arm64 EFI loader, Revision 3.0
+002453ms    Command line arguments: loader.efi
+002453ms    Image base: 0x4c69e000
+002453ms    EFI version: 2.70
+002469ms    EFI Firmware: EDK II (rev 1.00)
+002469ms    Console: efi (0x1000)
+002469ms    Load Path: \EFI\BOOT\BOOTAA64.EFI
+002469ms    Load Device: PciRoot(0x0)/Pci(0x2,0x0)/HD(1,GPT,410F6650-49C6-11F1-067B-FF9D86F8DCED,0x22,0x10418)
+002469ms    BootCurrent: 0001
+002469ms    BootOrder: 0000 0001[*] 0002
+002469ms    BootInfo Path: PciRoot(0x0)/Pci(0x2,0x0)
+002469ms Ignoring Boot0001: Only one DP found
+002469ms Trying ESP: PciRoot(0x0)/Pci(0x2,0x0)/HD(1,GPT,410F6650-49C6-11F1-067B-FF9D86F8DCED,0x22,0x10418)
+002469ms Setting currdev to disk0p1:
+002486ms |Trying: PciRoot(0x0)/Pci(0x2,0x0)/HD(2,GPT,410F665A-49C6-11F1-1D08-61407E6AF4DA,0x1043A,0x100000)
+002486ms Setting currdev to disk0p2:
+002498ms /Trying: PciRoot(0x0)/Pci(0x2,0x0)/HD(3,GPT,410F665A-49C6-11F1-17A5-D14FFF7C5968,0x11043A,0x6EF800)
+002498ms Setting currdev to disk0p3:
+002740ms -\|/-\|/-\|/-\|/-\|/-\Loading /boot/defaults/loader.conf
+002756ms Loading /boot/defaults/loader.conf
+002756ms Loading /boot/device.hints
+002756ms Loading /boot/loader.conf
+002756ms console uart0 is unavailable
+002756ms no valid consoles!
+002756ms Available consoles:
+002756ms     efi
+002756ms     eficom
+002756ms |Loading /boot/loader.conf.local
+002756ms /?c-Loading kernel...
+003136ms \|/boot/kernel/kernel text=0x318 text=0x765f28 /-\|text=0x1979d0 data=0xfa660 /data=0x0+0x2bf000 0x8+0xf3b70+0x8+0xd6e2d-
+003136ms Loading configured modules...
+003150ms /etc/hostid size=0x25
+003150ms \/boot/entropy size=0x1000
+003150ms Booting [/boot/kernel/kernel]...               
+003327ms Loading splash ok
+003327ms No valid device tree blob found!
+003327ms WARNING! Trying to fire up the kernel, but no device tree blob found!
+003339ms ---<<BOOT>>---
+003339ms Copyright (c) 1992-2025 The FreeBSD Project.
+003339ms Copyright (c) 1979, 1980, 1983, 1986, 1988, 1989, 1991, 1992, 1993, 1994
+003339ms The Regents of the University of California. All rights reserved.
+003339ms FreeBSD is a registered trademark of The FreeBSD Foundation.
+003339ms FreeBSD 15.0-RELEASE-p5 releng/15.0-0730d5233286 SMOLBSD arm64
+003351ms FreeBSD clang version 19.1.7 (https://github.com/llvm/llvm-project.git llvmorg-19.1.7-0-gcd708029e0b2)
+003351ms VT: init without driver.
+003351ms real memory  = 268435456 (256 MB)
+003351ms avail memory = 236445696 (225 MB)
+003351ms Starting CPU 1 (1)
+003351ms FreeBSD/SMP: Multiprocessor System Detected: 2 CPUs
+003351ms random: unblocking device.
+003351ms random: entropy device external interface
+003366ms kbd0 at kbdmux0
+003366ms acpi0: <BOCHS BXPC>
+003366ms acpi0: Power Button (fixed)
+003366ms acpi0: Sleep Button (fixed)
+003366ms acpi0: Could not update all GPEs: AE_NOT_CONFIGURED
+003366ms psci0: <ARM Power State Co-ordination Interface Driver> on acpi0
+003366ms smccc0: <ARM SMCCC v1.0> on psci0
+003366ms gic0: <ARM Generic Interrupt Controller> iomem 0x8000000-0x8000fff,0x8010000-0x8010fff on acpi0
+003366ms gic0: pn 0x0, arch 0x2, rev 0x0, implementer 0x43b irqs 288
+003366ms gic0: frame: 0 8020000 1 64 80
+003366ms gicv2m0: <ARM Generic Interrupt Controller MSI/MSIX> mem 0x8020000-0x8020fff on gic0
+003503ms generic_timer0: <ARM Generic Timer> irq 34,35,36,37 on acpi0
+003503ms Timecounter "ARM MPCore Timecounter" frequency 24000000 Hz quality 1000
+003503ms Event timer "ARM MPCore Eventtimer" frequency 24000000 Hz quality 1000
+003503ms efirtc0: <EFI Realtime Clock>
+003503ms efirtc0: registered as a time-of-day clock, resolution 1.000000s
+003503ms smbios0: <System Management BIOS>
+003519ms smbios0: Entry point: v3 (64-bit), Version: 3.0
+003519ms pmu0: <Performance Monitoring Unit> on acpi0
+003519ms cpu0: <ACPI CPU> on acpi0
+003519ms uart0: <PrimeCell UART (PL011)> iomem 0x9000000-0x9000fff irq 0 on acpi0
+003519ms uart0: console (9600,n,8,1)
+003519ms pcib0: <Generic PCI host controller> on acpi0
+003519ms pci0: <ACPI PCI bus> on pcib0
+003519ms virtio_pci0: <VirtIO PCI (legacy) Network adapter> port 0x80-0x9f mem 0x8000000000-0x8000003fff at device 1.0 on pci0
+003519ms vtnet0: <VirtIO Networking Adapter> on virtio_pci0
+003535ms vtnet0: Ethernet address: 52:54:00:12:34:56
+003535ms vtnet0: netmap queues/slots: TX 1/256, RX 1/128
+003535ms 000.000060 [ 452] vtnet_netmap_attach       vtnet attached txq=1, txd=256 rxq=1, rxd=128
+003581ms virtio_pci1: <VirtIO PCI (legacy) Block adapter> mem 0x10040000-0x10040fff,0x8000004000-0x8000007fff at device 2.0 on pci0
+003581ms vtblk0: <VirtIO Block Adapter> on virtio_pci1
+003619ms vtblk0: 4095MB (8387712 512 byte sectors)
+003619ms acpi_ged0: <Generic Event Device> irq 33 on acpi0
+003619ms acpi_ged0: Raw IRQ 41
+003619ms acpi_button0: <Power Button> on acpi0
+003619ms armv8crypto0: <AES-CBC,AES-XTS,AES-GCM>
+003619ms Timecounters tick every 10.000 msec
+003619ms CPU  0: Apple Unknown CPU r0p0 (midr: 610f0000) affinity:  0
+003619ms                    Cache Type = <64 byte CWG,64 byte ERG,64 byte D-cacheline,PIPT I-cache,64 byte I-cacheline>
+003619ms  Instruction Set Attributes 0 = <TLBI-OSR,CondM-8.5,FHM,DP,SHA3,RDM,Atomic,CRC32,SHA2+SHA512,SHA1,AES+PMULL>
+003619ms  Instruction Set Attributes 1 = <PredInv v8.5,SB,FRINTTS,GPI,RCPC-8.4,FCMA,JSCVT,API EPAC,DCCVADP>
+003619ms  Instruction Set Attributes 2 = <>
+003619ms          Processor Features 0 = <CSV3,CSV2,PSTATE.DIT,RAS,AdvSIMD+HP,FP+HP,EL1,EL0>
+003619ms          Processor Features 1 = <MTE_frac>
+003619ms          Processor Features 2 = <>
+003619ms       Memory Model Features 0 = <ExS,TGran4,TGran16,8bit ASID,1TB PA>
+003619ms       Memory Model Features 1 = <XNX,SpecSEI,PAN+ATS1E1,LO,HPD+TTPBHA,8bit VMID>
+003619ms       Memory Model Features 2 = <E0PD,TTL,IDS,AT,32bit CCIDX,48bit VA,IESB,UAO,CnP>
+003631ms       Memory Model Features 3 = <>
+003631ms       Memory Model Features 4 = <>
+003631ms              Debug Features 0 = <DoubleLock,2 CTX BKPTs,4 Watchpoints,6 Breakpoints,Debugv8>
+003631ms              Debug Features 1 = <>
+003631ms          Auxiliary Features 0 = <>
+003631ms          Auxiliary Features 1 = <>
+003631ms AArch32 Instruction Set Attributes 5 = <>
+003631ms AArch32 Media and VFP Features 0 = <>
+003631ms AArch32 Media and VFP Features 1 = <>
+003631ms CPU  1: Apple Unknown CPU r0p0 (midr: 610f0000) affinity:  1
+003631ms gic0: using for IPIs
+003649ms Release APs...done
+003677ms Trying to mount root from ufs:/dev/gpt/rootfs [rw,noatime]...
+004360ms Setting hostuuid: 226909d5-2e00-4f8b-8ac2-219cb44b6f42.
+004360ms Setting hostid: 0x058ccd11.
+004388ms Starting file system checks:
+004404ms /dev/gpt/rootfs: FILE SYSTEM CLEAN; SKIPPING CHECKS
+004404ms /dev/gpt/rootfs: clean, 511767 free (23 frags, 63968 blocks, 0.0% fragmentation)
+004418ms /dev/gpt/efiboot0: FILESYSTEM CLEAN; SKIPPING CHECKS
+004683ms Mounting local filesystems:.
+005012ms ELF ldconfig path: /lib /usr/lib /usr/lib/compat
+005104ms Setting hostname: smolbsd-arm64.
+005216ms Setting up harvesting: RANDOMDEV,[CALLOUT],[UMA],[FS_ATIME],SWI,INTERRUPT,NET_NG,[NET_ETHER],NET_TUN,MOUSE,KEYBOARD,ATTACH,CACHED
+005273ms Feeding entropy: .
+005409ms lo0: link state changed to UP
+005507ms vtnet0: link state changed to UP
+005523ms Starting Network: lo0 vtnet0.
+005523ms lo0: flags=1008049<UP,LOOPBACK,RUNNING,MULTICAST,LOWER_UP> metric 0 mtu 16384
+005523ms options=680003<RXCSUM,TXCSUM,LINKSTATE,RXCSUM_IPV6,TXCSUM_IPV6>
+005523ms inet 127.0.0.1 netmask 0xff000000
+005523ms inet6 ::1 prefixlen 128
+005523ms inet6 fe80::1%lo0 prefixlen 64 scopeid 0x2
+005523ms groups: lo
+005537ms nd6 options=21<PERFORMNUD,AUTO_LINKLOCAL>
+005552ms vtnet0: flags=1008843<UP,BROADCAST,RUNNING,SIMPLEX,MULTICAST,LOWER_UP> metric 0 mtu 1500
+005552ms options=880028<VLAN_MTU,JUMBO_MTU,LINKSTATE,HWSTATS>
+005552ms ether 52:54:00:12:34:56
+005552ms media: Ethernet autoselect (10Gbase-T <full-duplex>)
+005552ms status: active
+005552ms nd6 options=29<PERFORMNUD,IFDISABLED,AUTO_LINKLOCAL>
+005649ms Starting devd.
+008815ms Starting dhclient.
+008876ms DHCPREQUEST on vtnet0 to 255.255.255.255 port 67
+008889ms DHCPACK from 10.0.2.2
+009008ms bound to 10.0.2.15 -- renewal in 43200 seconds.
+009087ms route: message indicates error: File exists
+009087ms add host 127.0.0.1: gateway lo0 fib 0: route already in table
+009174ms route: message indicates error: File exists
+009174ms add host ::1: gateway lo0 fib 0: route already in table
+009190ms add net fe80::: gateway ::1
+009190ms add net ff02::: gateway ::1
+009190ms add net ::ffff:0.0.0.0: gateway ::1
+009190ms add net ::0.0.0.0: gateway ::1
+009316ms Clearing /tmp (X related).
+009414ms Updating motd:.
+009563ms Updating /var/run/os-release done.
+009592ms Creating and/or trimming log files.
+009603ms Starting syslogd.
+009859ms Mounting late filesystems:.
+010059ms Performing sanity check on sshd configuration.
+010438ms Starting sshd.
+010662ms Starting cron.
+010705ms Starting background file system checks in 60 seconds.
+010739ms Wed Sep 23 0
+010739ms FreeBSD/arm64 (smolbsd-arm64) (ttyu0)
+010739ms login: 