+000549ms UEFI firmware (version edk2-stable202408-prebuilt.qemu.org built at 16:28:50 on Sep 12 2024)
+001386ms ArmTrngLib could not be correctly initialized.
+001403ms Error: Image at 0004FDB6000 start failed: 00000001
+001403ms Error: Image at 0004FD6D000 start failed: Not Found
+001611ms Error: Image at 0004FCBA000 start failed: Unsupported
+001626ms Error: Image at 0004FC3F000 start failed: Not Found
+001626ms Error: Image at 0004FB65000 start failed: Aborted
+001798ms Tpm2SubmitCommand - Tcg2 - Not Found
+001798ms Tpm2GetCapabilityPcrs fail!
+001798ms Tpm2SubmitCommand - Tcg2 - Not Found
+001858ms Image type X64 can't be loaded on AARCH64 UEFI system.
+002649ms BdsDxe: loading Boot0001 "UEFI Misc Device" from PciRoot(0x0)/Pci(0x2,0x0)
+002668ms BdsDxe: starting Boot0001 "UEFI Misc Device" from PciRoot(0x0)/Pci(0x2,0x0)
+002668ms Consoles: EFI console  
+003160ms     Reading loader env vars from /efi/freebsd/loader.env
+003160ms Setting currdev to disk0p1:
+003264ms FreeBSD/arm64 EFI loader, Revision 3.0
+003264ms    Command line arguments: loader.efi
+003264ms    Image base: 0x4c69e000
+003264ms    EFI version: 2.70
+003264ms    EFI Firmware: EDK II (rev 1.00)
+003264ms    Console: efi (0x1000)
+003264ms    Load Path: \EFI\BOOT\BOOTAA64.EFI
+003264ms    Load Device: PciRoot(0x0)/Pci(0x2,0x0)/HD(1,GPT,410F6650-49C6-11F1-067B-FF9D86F8DCED,0x22,0x10418)
+003264ms    BootCurrent: 0001
+003264ms    BootOrder: 0000 0001[*] 0002
+003264ms    BootInfo Path: PciRoot(0x0)/Pci(0x2,0x0)
+003264ms Ignoring Boot0001: Only one DP found
+003264ms Trying ESP: PciRoot(0x0)/Pci(0x2,0x0)/HD(1,GPT,410F6650-49C6-11F1-067B-FF9D86F8DCED,0x22,0x10418)
+003264ms Setting currdev to disk0p1:
+003276ms |Trying: PciRoot(0x0)/Pci(0x2,0x0)/HD(2,GPT,410F665A-49C6-11F1-1D08-61407E6AF4DA,0x1043A,0x100000)
+003276ms Setting currdev to disk0p2:
+003276ms /Trying: PciRoot(0x0)/Pci(0x2,0x0)/HD(3,GPT,410F665A-49C6-11F1-17A5-D14FFF7C5968,0x11043A,0x6EF800)
+003276ms Setting currdev to disk0p3:
+003981ms -\|/-\|/-\|/-\|/-\|/-\Loading /boot/defaults/loader.conf
+004031ms Loading /boot/defaults/loader.conf
+004083ms Loading /boot/device.hints
+004083ms Loading /boot/loader.conf
+004097ms console uart0 is unavailable
+004111ms no valid consoles!
+004111ms Available consoles:
+004111ms     efi
+004111ms     eficom
+004128ms |Loading /boot/loader.conf.local
+004128ms /?c-Loading kernel...
+005033ms \|/boot/kernel/kernel text=0x318 text=0x765f28 /-\|text=0x1979d0 data=0xfa660 /data=0x0+0x2bf000 0x8+0xf3b70+0x8+0xd6e2d-
+005033ms Loading configured modules...
+005127ms /boot/entropy size=0x1000
+005127ms \/etc/hostid size=0x25
+005127ms Booting [/boot/kernel/kernel]...               
+005140ms Loading splash ok
+005140ms No valid device tree blob found!
+005140ms WARNING! Trying to fire up the kernel, but no device tree blob found!
+005227ms ---<<BOOT>>---
+005227ms Copyright (c) 1992-2025 The FreeBSD Project.
+005240ms Copyright (c) 1979, 1980, 1983, 1986, 1988, 1989, 1991, 1992, 1993, 1994
+005240ms The Regents of the University of California. All rights reserved.
+005240ms FreeBSD is a registered trademark of The FreeBSD Foundation.
+005240ms FreeBSD 15.0-RELEASE-p5 releng/15.0-0730d5233286 SMOLBSD arm64
+005240ms FreeBSD clang version 19.1.7 (https://github.com/llvm/llvm-project.git llvmorg-19.1.7-0-gcd708029e0b2)
+005240ms VT: init without driver.
+005240ms real memory  = 268435456 (256 MB)
+005240ms avail memory = 236441600 (225 MB)
+005240ms Starting CPU 1 (1)
+005240ms FreeBSD/SMP: Multiprocessor System Detected: 2 CPUs
+005240ms random: unblocking device.
+005240ms random: entropy device external interface
+005240ms kbd0 at kbdmux0
+005240ms acpi0: <BOCHS BXPC>
+005240ms acpi0: Power Button (fixed)
+005240ms acpi0: Sleep Button (fixed)
+005254ms acpi0: Could not update all GPEs: AE_NOT_CONFIGURED
+005254ms psci0: <ARM Power State Co-ordination Interface Driver> on acpi0
+005254ms smccc0: <ARM SMCCC v1.0> on psci0
+005254ms gic0: <ARM Generic Interrupt Controller> iomem 0x8000000-0x8000fff,0x8010000-0x8010fff on acpi0
+005254ms gic0: pn 0x0, arch 0x2, rev 0x0, implementer 0x43b irqs 288
+005254ms gic0: frame: 0 8020000 1 64 80
+005254ms gicv2m0: <ARM Generic Interrupt Controller MSI/MSIX> mem 0x8020000-0x8020fff on gic0
+005254ms generic_timer0: <ARM Generic Timer> irq 34,35,36,37 on acpi0
+005268ms Timecounter "ARM MPCore Timecounter" frequency 24000000 Hz quality 1000
+005268ms Event timer "ARM MPCore Eventtimer" frequency 24000000 Hz quality 1000
+005268ms efirtc0: <EFI Realtime Clock>
+005268ms efirtc0: registered as a time-of-day clock, resolution 1.000000s
+005268ms smbios0: <System Management BIOS>
+005268ms smbios0: Entry point: v3 (64-bit), Version: 3.0
+005268ms pmu0: <Performance Monitoring Unit> on acpi0
+005268ms cpu0: <ACPI CPU> on acpi0
+005268ms uart0: <PrimeCell UART (PL011)> iomem 0x9000000-0x9000fff irq 0 on acpi0
+005268ms uart0: console (9600,n,8,1)
+005279ms pcib0: <Generic PCI host controller> on acpi0
+005279ms pci0: <ACPI PCI bus> on pcib0
+005279ms virtio_pci0: <VirtIO PCI (legacy) Network adapter> port 0x80-0x9f mem 0x8000000000-0x8000003fff at device 1.0 on pci0
+005400ms vtnet0: <VirtIO Networking Adapter> on virtio_pci0
+005400ms vtnet0: Ethernet address: 52:54:00:12:34:56
+005400ms vtnet0: netmap queues/slots: TX 1/256, RX 1/128
+005414ms 000.000060 [ 452] vtnet_netmap_attach       vtnet attached txq=1, txd=256 rxq=1, rxd=128
+005414ms virtio_pci1: <VirtIO PCI (legacy) Block adapter> mem 0x10040000-0x10040fff,0x8000004000-0x8000007fff at device 2.0 on pci0
+005414ms vtblk0: <VirtIO Block Adapter> on virtio_pci1
+005426ms vtblk0: 4095MB (8387712 512 byte sectors)
+005426ms acpi_ged0: <Generic Event Device> irq 33 on acpi0
+005426ms acpi_ged0: Raw IRQ 41
+005426ms acpi_button0: <Power Button> on acpi0
+005426ms armv8crypto0: <AES-CBC,AES-XTS,AES-GCM>
+005526ms Timecounters tick every 10.000 msec
+005538ms CPU  0: Apple Unknown CPU r0p0 (midr: 610f0000) affinity:  0
+005555ms                    Cache Type = <64 byte CWG,64 byte ERG,64 byte D-cacheline,PIPT I-cache,64 byte I-cacheline>
+005555ms Trying to mount root from ufs:/dev/gpt/rootfs [rw,noatime]...
+005555ms  Instruction Set Attributes 0 = <TLBI-OSR,CondM-8.5,FHM,DP,SHA3,RDM,Atomic,CRC32,SHA2+SHA512,SHA1,AES+PMULL>
+005555ms  Instruction Set Attributes 1 = <PredInv v8.5,SB,FRINTTS,GPI,RCPC-8.4,FCMA,JSCVT,API EPAC,DCCVADP>
+005555ms  Instruction Set Attributes 2 = <>
+005569ms          Processor Features 0 = <CSV3,CSV2,PSTATE.DIT,RAS,AdvSIMD+HP,FP+HP,EL1,EL0>
+005569ms          Processor Features 1 = <MTE_frac>
+005569ms          Processor Features 2 = <>
+005569ms       Memory Model Features 0 = <ExS,TGran4,TGran16,8bit ASID,1TB PA>
+005569ms       Memory Model Features 1 = <XNX,SpecSEI,PAN+ATS1E1,LO,HPD+TTPBHA,8bit VMID>
+005569ms       Memory Model Features 2 = <E0PD,TTL,IDS,AT,32bit CCIDX,48bit VA,IESB,UAO,CnP>
+005581ms       Memory Model Features 3 = <>
+005581ms       Memory Model Features 4 = <>
+005581ms              Debug Features 0 = <DoubleLock,2 CTX BKPTs,4 Watchpoints,6 Breakpoints,Debugv8>
+005581ms              Debug Features 1 = <>
+005581ms          Auxiliary Features 0 = <>
+005581ms          Auxiliary Features 1 = <>
+005581ms AArch32 Instruction Set Attributes 5 = <>
+005581ms AArch32 Media and VFP Features 0 = <>
+005581ms AArch32 Media and VFP Features 1 = <>
+005581ms CPU  1: Apple Unknown CPU r0p0 (midr: 610f0000) affinity:  1
+005581ms gic0: using for IPIs
+005651ms Release APs...done
+008042ms Setting hostuuid: 226909d5-2e00-4f8b-8ac2-219cb44b6f42.
+008084ms Setting hostid: 0x058ccd11.
+008345ms Starting file system checks:
+008674ms /dev/gpt/rootfs: FILE SYSTEM CLEAN; SKIPPING CHECKS
+008674ms /dev/gpt/rootfs: clean, 511767 free (23 frags, 63968 blocks, 0.0% fragmentation)
+008702ms /dev/gpt/efiboot0: FILESYSTEM CLEAN; SKIPPING CHECKS
+008897ms Mounting local filesystems:.
+009975ms ELF ldconfig path: /lib /usr/lib /usr/lib/compat
+010030ms Setting hostname: smolbsd-arm64.
+010131ms Setting up harvesting: RANDOMDEV,[CALLOUT],[UMA],[FS_ATIME],SWI,INTERRUPT,NET_NG,[NET_ETHER],NET_TUN,MOUSE,KEYBOARD,ATTACH,CACHED
+010320ms Feeding entropy: .
+011299ms lo0: link state changed to UP
+011529ms vtnet0: link state changed to UP
+011609ms Starting Network: lo0 vtnet0.
+011622ms lo0: flags=1008049<UP,LOOPBACK,RUNNING,MULTICAST,LOWER_UP> metric 0 mtu 16384
+011622ms options=680003<RXCSUM,TXCSUM,LINKSTATE,RXCSUM_IPV6,TXCSUM_IPV6>
+011622ms inet 127.0.0.1 netmask 0xff000000
+011622ms inet6 ::1 prefixlen 128
+011635ms inet6 fe80::1%lo0 prefixlen 64 scopeid 0x2
+011635ms groups: lo
+011635ms nd6 options=21<PERFORMNUD,AUTO_LINKLOCAL>
+011635ms vtnet0: flags=1008843<UP,BROADCAST,RUNNING,SIMPLEX,MULTICAST,LOWER_UP> metric 0 mtu 1500
+011635ms options=880028<VLAN_MTU,JUMBO_MTU,LINKSTATE,HWSTATS>
+011635ms ether 52:54:00:12:34:56
+011635ms media: Ethernet autoselect (10Gbase-T <full-duplex>)
+011635ms status: active
+011648ms nd6 options=29<PERFORMNUD,IFDISABLED,AUTO_LINKLOCAL>
+012010ms hw.bus.devctFreed UMA kegl_queue: 100 (DEVCTL) was not empty (133 ite0ms).  Lost 34 pages of memory.
+012010ms  -> 0
+042536ms Waiting 30s for the default route interface: .............................
+042549ms route: message indicates error: File exists
+042549ms add host 127.0.0.1: gateway lo0 fib 0: route already in table
+042577ms route: message indicates error: File exists
+042577ms add host ::1: gateway lo0 fib 0: route already in table
+042577ms add net fe80::: gateway ::1
+042577ms add net ff02::: gateway ::1
+042593ms add net ::ffff:0.0.0.0: gateway ::1
+042593ms add net ::0.0.0.0: gateway ::1
+042774ms Clearing /tmp (X related).
+042827ms Updating motd:.
+043073ms Updating /var/run/os-release done.
+043088ms Creating and/or trimming log files.
+043161ms Starting syslogd.
+043396ms Mounting late filesystems:.
+043629ms Performing sanity check on sshd configuration.
+044042ms Starting sshd.
+044106ms Starting cron.
+044119ms Starting background file system checks in 60 seconds.
+044145ms Wed Sep 23 0
+044145ms FreeBSD/arm64 (smolbsd-arm64) (ttyu0)
+044145ms login: 