+000160ms UEFI firmware (version edk2-stable202408-prebuilt.qemu.org built at 16:28:50 on Sep 12 2024)
+000547ms ArmTrngLib could not be correctly initialized.
+000547ms Error: Image at 0004FDB6000 start failed: 00000001
+000547ms Error: Image at 0004FD6D000 start failed: Not Found
+000718ms Error: Image at 0004FCBA000 start failed: Unsupported
+000718ms Error: Image at 0004FC3F000 start failed: Not Found
+000718ms Error: Image at 0004FB65000 start failed: Aborted
+000768ms Tpm2SubmitCommand - Tcg2 - Not Found
+000768ms Tpm2GetCapabilityPcrs fail!
+000768ms Tpm2SubmitCommand - Tcg2 - Not Found
+000785ms Image type X64 can't be loaded on AARCH64 UEFI system.
+001256ms BdsDxe: loading Boot0001 "UEFI Misc Device" from PciRoot(0x0)/Pci(0x2,0x0)
+001256ms BdsDxe: starting Boot0001 "UEFI Misc Device" from PciRoot(0x0)/Pci(0x2,0x0)
+001256ms Consoles: EFI console  
+001293ms     Reading loader env vars from /efi/freebsd/loader.env
+001293ms Setting currdev to disk0p1:
+001319ms FreeBSD/arm64 EFI loader, Revision 3.0
+001319ms    Command line arguments: loader.efi
+001319ms    Image base: 0x4c69e000
+001319ms    EFI version: 2.70
+001319ms    EFI Firmware: EDK II (rev 1.00)
+001319ms    Console: efi (0x1000)
+001319ms    Load Path: \EFI\BOOT\BOOTAA64.EFI
+001319ms    Load Device: PciRoot(0x0)/Pci(0x2,0x0)/HD(1,GPT,410F6650-49C6-11F1-067B-FF9D86F8DCED,0x22,0x10418)
+001319ms    BootCurrent: 0001
+001319ms    BootOrder: 0000 0001[*] 0002
+001319ms    BootInfo Path: PciRoot(0x0)/Pci(0x2,0x0)
+001319ms Ignoring Boot0001: Only one DP found
+001319ms Trying ESP: PciRoot(0x0)/Pci(0x2,0x0)/HD(1,GPT,410F6650-49C6-11F1-067B-FF9D86F8DCED,0x22,0x10418)
+001319ms Setting currdev to disk0p1:
+001319ms |Trying: PciRoot(0x0)/Pci(0x2,0x0)/HD(2,GPT,410F665A-49C6-11F1-1D08-61407E6AF4DA,0x1043A,0x100000)
+001319ms Setting currdev to disk0p2:
+001331ms /Trying: PciRoot(0x0)/Pci(0x2,0x0)/HD(3,GPT,410F665A-49C6-11F1-17A5-D14FFF7C5968,0x11043A,0x6EF800)
+001331ms Setting currdev to disk0p3:
+001432ms -\|/-\|/-\|/-\|/-\|/-\Loading /boot/defaults/loader.conf
+001458ms Loading /boot/defaults/loader.conf
+001483ms Loading /boot/device.hints
+001496ms Loading /boot/loader.conf
+001496ms console uart0 is unavailable
+001496ms no valid consoles!
+001496ms Available consoles:
+001496ms     efi
+001496ms     eficom
+001496ms |Loading /boot/loader.conf.local
+001496ms /?c-Loading kernel...
+001623ms \|/boot/kernel/kernel text=0x318 text=0x765f28 /-\|text=0x1979d0 data=0xfa660 /data=0x0+0x2bf000 0x8+0xf3b70+0x8+0xd6e2d-
+001623ms Loading configured modules...
+001623ms /etc/hostid size=0x25
+001623ms \/boot/entropy size=0x1000
+001623ms Booting [/boot/kernel/kernel]...               
+001635ms Loading splash ok
+001635ms No valid device tree blob found!
+001635ms WARNING! Trying to fire up the kernel, but no device tree blob found!
+001663ms ---<<BOOT>>---
+001663ms Copyright (c) 1992-2025 The FreeBSD Project.
+001681ms Copyright (c) 1979, 1980, 1983, 1986, 1988, 1989, 1991, 1992, 1993, 1994
+001681ms The Regents of the University of California. All rights reserved.
+001681ms FreeBSD is a registered trademark of The FreeBSD Foundation.
+001681ms FreeBSD 15.0-RELEASE-p5 releng/15.0-0730d5233286 SMOLBSD arm64
+001681ms FreeBSD clang version 19.1.7 (https://github.com/llvm/llvm-project.git llvmorg-19.1.7-0-gcd708029e0b2)
+001681ms VT: init without driver.
+001681ms real memory  = 268435456 (256 MB)
+001681ms avail memory = 236445696 (225 MB)
+001681ms Starting CPU 1 (1)
+001681ms FreeBSD/SMP: Multiprocessor System Detected: 2 CPUs
+001681ms random: unblocking device.
+001681ms random: entropy device external interface
+001681ms kbd0 at kbdmux0
+001814ms acpi0: <BOCHS BXPC>
+001814ms acpi0: Power Button (fixed)
+001814ms acpi0: Sleep Button (fixed)
+001814ms acpi0: Could not update all GPEs: AE_NOT_CONFIGURED
+001814ms psci0: <ARM Power State Co-ordination Interface Driver> on acpi0
+001814ms smccc0: <ARM SMCCC v1.0> on psci0
+001814ms gic0: <ARM Generic Interrupt Controller> iomem 0x8000000-0x8000fff,0x8010000-0x8010fff on acpi0
+001814ms gic0: pn 0x0, arch 0x2, rev 0x0, implementer 0x43b irqs 288
+001814ms gic0: frame: 0 8020000 1 64 80
+001829ms gicv2m0: <ARM Generic Interrupt Controller MSI/MSIX> mem 0x8020000-0x8020fff on gic0
+001829ms generic_timer0: <ARM Generic Timer> irq 34,35,36,37 on acpi0
+001829ms Timecounter "ARM MPCore Timecounter" frequency 24000000 Hz quality 1000
+001829ms Event timer "ARM MPCore Eventtimer" frequency 24000000 Hz quality 1000
+001829ms efirtc0: <EFI Realtime Clock>
+001829ms efirtc0: registered as a time-of-day clock, resolution 1.000000s
+001839ms smbios0: <System Management BIOS>
+001839ms smbios0: Entry point: v3 (64-bit), Version: 3.0
+001839ms pmu0: <Performance Monitoring Unit> on acpi0
+001839ms cpu0: <ACPI CPU> on acpi0
+001839ms uart0: <PrimeCell UART (PL011)> iomem 0x9000000-0x9000fff irq 0 on acpi0
+001839ms uart0: console (9600,n,8,1)
+001839ms pcib0: <Generic PCI host controller> on acpi0
+001839ms pci0: <ACPI PCI bus> on pcib0
+001924ms virtio_pci0: <VirtIO PCI (legacy) Network adapter> port 0x80-0x9f mem 0x8000000000-0x8000003fff at device 1.0 on pci0
+001956ms vtnet0: <VirtIO Networking Adapter> on virtio_pci0
+001956ms vtnet0: Ethernet address: 52:54:00:12:34:56
+001956ms vtnet0: netmap queues/slots: TX 1/256, RX 1/128
+001956ms 000.000060 [ 452] vtnet_netmap_attach       vtnet attached txq=1, txd=256 rxq=1, rxd=128
+001969ms virtio_pci1: <VirtIO PCI (legacy) Block adapter> mem 0x10040000-0x10040fff,0x8000004000-0x8000007fff at device 2.0 on pci0
+001982ms vtblk0: <VirtIO Block Adapter> on virtio_pci1
+001982ms vtblk0: 4095MB (8387712 512 byte sectors)
+001982ms acpi_ged0: <Generic Event Device> irq 33 on acpi0
+001982ms acpi_ged0: Raw IRQ 41
+001982ms acpi_button0: <Power Button> on acpi0
+001982ms armv8crypto0: <AES-CBC,AES-XTS,AES-GCM>
+002022ms Timecounters tick every 10.000 msec
+002022ms CPU  0: Apple Unknown CPU r0p0 (midr: 610f0000) affinity:  0
+002022ms                    Cache Type = <64 byte CWG,64 byte ERG,64 byte D-cacheline,PIPT I-cache,64 byte I-cacheline>
+002022ms  Instruction Set Attributes 0 = <TLBI-OSR,CondM-8.5,FHM,DP,SHA3,RDM,Atomic,CRC32,SHA2+SHA512,SHA1,AES+PMULL>
+002022ms  Instruction Set Attributes 1 = <PredInv v8.5,SB,FRINTTS,GPI,RCPC-8.4,FCMA,JSCVT,API EPAC,DCCVADP>
+002022ms  Instruction Set Attributes 2 = <>
+002022ms          Processor Features 0 = <CSV3,CSV2,PSTATE.DIT,RAS,AdvSIMD+HP,FP+HP,EL1,EL0>
+002022ms          Processor Features 1 = <MTE_frac>
+002022ms          Processor Features 2 = <>
+002022ms       Memory Model Features 0 = <ExS,TGran4,TGran16,8bit ASID,1TB PA>
+002022ms       Memory Model Features 1 = <XNX,SpecSEI,PAN+ATS1E1,LO,HPD+TTPBHA,8bit VMID>
+002022ms       Memory Model Features 2 = <E0PD,TTL,IDS,AT,32bit CCIDX,48bit VA,IESB,UAO,CnP>
+002022ms       Memory Model Features 3 = <>
+002022ms       Memory Model Features 4 = <>
+002022ms              Debug Features 0 = <DoubleLock,2 CTX BKPTs,4 Watchpoints,6 Breakpoints,Debugv8>
+002022ms              Debug Features 1 = <>
+002022ms          Auxiliary Features 0 = <>
+002022ms          Auxiliary Features 1 = <>
+002022ms AArch32 Instruction Set Attributes 5 = <>
+002022ms AArch32 Media and VFP Features 0 = <>
+002022ms AArch32 Media and VFP Features 1 = <>
+002022ms CPU  1: Apple Unknown CPU r0p0 (midr: 610f0000) affinity:  1
+002022ms gic0: using for IPIs
+002048ms Release APs...done
+002062ms Trying to mount root from ufs:/dev/gpt/rootfs [rw,noatime]...
+002741ms Setting hostuuid: 226909d5-2e00-4f8b-8ac2-219cb44b6f42.
+002741ms Setting hostid: 0x058ccd11.
+002754ms Starting file system checks:
+002767ms /dev/gpt/rootfs: FILE SYSTEM CLEAN; SKIPPING CHECKS
+002767ms /dev/gpt/rootfs: clean, 511767 free (23 frags, 63968 blocks, 0.0% fragmentation)
+002779ms /dev/gpt/efiboot0: FILESYSTEM CLEAN; SKIPPING CHECKS
+002880ms Mounting local filesystems:.
+003225ms ELF ldconfig path: /lib /usr/lib /usr/lib/compat
+003262ms Setting hostname: smolbsd-arm64.
+003300ms Setting up harvesting: RANDOMDEV,[CALLOUT],[UMA],[FS_ATIME],SWI,INTERRUPT,NET_NG,[NET_ETHER],NET_TUN,MOUSE,KEYBOARD,ATTACH,CACHED
+003325ms Feeding entropy: .
+003441ms lo0: link state changed to UP
+003469ms vtnet0: link state changed to UP
+003481ms Starting Network: lo0 vtnet0.
+003481ms lo0: flags=1008049<UP,LOOPBACK,RUNNING,MULTICAST,LOWER_UP> metric 0 mtu 16384
+003481ms options=680003<RXCSUM,TXCSUM,LINKSTATE,RXCSUM_IPV6,TXCSUM_IPV6>
+003481ms inet 127.0.0.1 netmask 0xff000000
+003481ms inet6 ::1 prefixlen 128
+003495ms inet6 fe80::1%lo0 prefixlen 64 scopeid 0x2
+003495ms groups: lo
+003495ms nd6 options=21<PERFORMNUD,AUTO_LINKLOCAL>
+003495ms vtnet0: flags=1008843<UP,BROADCAST,RUNNING,SIMPLEX,MULTICAST,LOWER_UP> metric 0 mtu 1500
+003509ms options=880028<VLAN_MTU,JUMBO_MTU,LINKSTATE,HWSTATS>
+003509ms ether 52:54:00:12:34:56
+003509ms media: Ethernet autoselect (10Gbase-T <full-duplex>)
+003522ms status: active
+003522ms nd6 options=29<PERFORMNUD,IFDISABLED,AUTO_LINKLOCAL>
+003648ms Starting devd.
+009652ms Starting dhclient.
+009849ms DHCPREQUEST on vtnet0 to 255.255.255.255 port 67
+009863ms DHCPACK from 10.0.2.2
+010066ms bound to 10.0.2.15 -- renewal in 43199 seconds.
+010139ms route: message indicates error: File exists
+010139ms add host 127.0.0.1: gateway lo0 fib 0: route already in table
+010205ms route: message indicates error: File exists
+010205ms add host ::1: gateway lo0 fib 0: route already in table
+010218ms add net fe80::: gateway ::1
+010218ms add net ff02::: gateway ::1
+010230ms add net ::ffff:0.0.0.0: gateway ::1
+010230ms add net ::0.0.0.0: gateway ::1
+010480ms Clearing /tmp (X related).
+010644ms Updating motd:.
+010957ms Updating /var/run/os-release done.
+011010ms Creating and/or trimming log files.
+011048ms Starting syslogd.
+011424ms Mounting late filesystems:.
+011818ms Performing sanity check on sshd configuration.
+012170ms Starting sshd.
+012245ms Starting cron.
+012261ms Starting background file system checks in 60 seconds.
+012312ms Wed Sep 23 08:31:17 UTC 2026
+012405ms FreeBSD/arm64 (smolbsd-arm64) (ttyu0)
+012405ms login: 