+000131ms UEFI firmware (version edk2-stable202408-prebuilt.qemu.org built at 16:28:50 on Sep 12 2024)
+000388ms ArmTrngLib could not be correctly initialized.
+000388ms Error: Image at 0004FDB6000 start failed: 00000001
+000388ms Error: Image at 0004FD6D000 start failed: Not Found
+000496ms Error: Image at 0004FCBA000 start failed: Unsupported
+000496ms Error: Image at 0004FC3F000 start failed: Not Found
+000496ms Error: Image at 0004FB65000 start failed: Aborted
+000507ms Tpm2SubmitCommand - Tcg2 - Not Found
+000521ms Tpm2GetCapabilityPcrs fail!
+000521ms Tpm2SubmitCommand - Tcg2 - Not Found
+000561ms Image type X64 can't be loaded on AARCH64 UEFI system.
+000843ms BdsDxe: loading Boot0001 "UEFI Misc Device" from PciRoot(0x0)/Pci(0x2,0x0)
+000843ms BdsDxe: starting Boot0001 "UEFI Misc Device" from PciRoot(0x0)/Pci(0x2,0x0)
+000857ms Consoles: EFI console  
+001007ms     Reading loader env vars from /efi/freebsd/loader.env
+001007ms Setting currdev to disk0p1:
+001102ms FreeBSD/arm64 EFI loader, Revision 3.0
+001102ms    Command line arguments: loader.efi
+001102ms    Image base: 0x4c69e000
+001102ms    EFI version: 2.70
+001102ms    EFI Firmware: EDK II (rev 1.00)
+001102ms    Console: efi (0x1000)
+001102ms    Load Path: \EFI\BOOT\BOOTAA64.EFI
+001102ms    Load Device: PciRoot(0x0)/Pci(0x2,0x0)/HD(1,GPT,410F6650-49C6-11F1-067B-FF9D86F8DCED,0x22,0x10418)
+001102ms    BootCurrent: 0001
+001121ms    BootOrder: 0000 0001[*] 0002
+001121ms    BootInfo Path: PciRoot(0x0)/Pci(0x2,0x0)
+001121ms Ignoring Boot0001: Only one DP found
+001121ms Trying ESP: PciRoot(0x0)/Pci(0x2,0x0)/HD(1,GPT,410F6650-49C6-11F1-067B-FF9D86F8DCED,0x22,0x10418)
+001121ms Setting currdev to disk0p1:
+001121ms |Trying: PciRoot(0x0)/Pci(0x2,0x0)/HD(2,GPT,410F665A-49C6-11F1-1D08-61407E6AF4DA,0x1043A,0x100000)
+001121ms Setting currdev to disk0p2:
+001160ms /Trying: PciRoot(0x0)/Pci(0x2,0x0)/HD(3,GPT,410F665A-49C6-11F1-17A5-D14FFF7C5968,0x11043A,0x6EF800)
+001160ms Setting currdev to disk0p3:
+001416ms -\|/-\|/-\|/-\|/-\|/-\Loading /boot/defaults/loader.conf
+001416ms Loading /boot/defaults/loader.conf
+001416ms Loading /boot/device.hints
+001429ms Loading /boot/loader.conf
+001442ms console uart0 is unavailable
+001442ms no valid consoles!
+001442ms Available consoles:
+001442ms     efi
+001442ms     eficom
+001484ms |Loading /boot/loader.conf.local
+001484ms /?c-Loading kernel...
+001545ms \|/boot/kernel/kernel text=0x318 text=0x765f28 /-\|text=0x1979d0 data=0xfa660 /data=0x0+0x2bf000 0x8+0xf3b70+0x8+0xd6e2d-
+001545ms Loading configured modules...
+001591ms /etc/hostid size=0x25
+001591ms \/boot/entropy size=0x1000
+001591ms Booting [/boot/kernel/kernel]...               
+001656ms Loading splash ok
+001656ms No valid device tree blob found!
+001656ms WARNING! Trying to fire up the kernel, but no device tree blob found!
+001669ms ---<<BOOT>>---
+001669ms Copyright (c) 1992-2025 The FreeBSD Project.
+001682ms Copyright (c) 1979, 1980, 1983, 1986, 1988, 1989, 1991, 1992, 1993, 1994
+001682ms The Regents of the University of California. All rights reserved.
+001682ms FreeBSD is a registered trademark of The FreeBSD Foundation.
+001682ms FreeBSD 15.0-RELEASE-p5 releng/15.0-0730d5233286 SMOLBSD arm64
+001682ms FreeBSD clang version 19.1.7 (https://github.com/llvm/llvm-project.git llvmorg-19.1.7-0-gcd708029e0b2)
+001682ms VT: init without driver.
+001682ms real memory  = 268435456 (256 MB)
+001682ms avail memory = 236445696 (225 MB)
+001682ms Starting CPU 1 (1)
+001682ms FreeBSD/SMP: Multiprocessor System Detected: 2 CPUs
+001682ms random: unblocking device.
+001696ms random: entropy device external interface
+001696ms kbd0 at kbdmux0
+001696ms acpi0: <BOCHS BXPC>
+001696ms acpi0: Power Button (fixed)
+001696ms acpi0: Sleep Button (fixed)
+001696ms acpi0: Could not update all GPEs: AE_NOT_CONFIGURED
+001696ms psci0: <ARM Power State Co-ordination Interface Driver> on acpi0
+001696ms smccc0: <ARM SMCCC v1.0> on psci0
+001696ms gic0: <ARM Generic Interrupt Controller> iomem 0x8000000-0x8000fff,0x8010000-0x8010fff on acpi0
+001696ms gic0: pn 0x0, arch 0x2, rev 0x0, implementer 0x43b irqs 288
+001696ms gic0: frame: 0 8020000 1 64 80
+001696ms gicv2m0: <ARM Generic Interrupt Controller MSI/MSIX> mem 0x8020000-0x8020fff on gic0
+001709ms generic_timer0: <ARM Generic Timer> irq 34,35,36,37 on acpi0
+001709ms Timecounter "ARM MPCore Timecounter" frequency 24000000 Hz quality 1000
+001709ms Event timer "ARM MPCore Eventtimer" frequency 24000000 Hz quality 1000
+001709ms efirtc0: <EFI Realtime Clock>
+001709ms efirtc0: registered as a time-of-day clock, resolution 1.000000s
+001709ms smbios0: <System Management BIOS>
+001709ms smbios0: Entry point: v3 (64-bit), Version: 3.0
+001709ms pmu0: <Performance Monitoring Unit> on acpi0
+001709ms cpu0: <ACPI CPU> on acpi0
+001722ms uart0: <PrimeCell UART (PL011)> iomem 0x9000000-0x9000fff irq 0 on acpi0
+001722ms uart0: console (9600,n,8,1)
+001722ms pcib0: <Generic PCI host controller> on acpi0
+001722ms pci0: <ACPI PCI bus> on pcib0
+001785ms virtio_pci0: <VirtIO PCI (legacy) Network adapter> port 0x80-0x9f mem 0x8000000000-0x8000003fff at device 1.0 on pci0
+001798ms vtnet0: <VirtIO Networking Adapter> on virtio_pci0
+001798ms vtnet0: Ethernet address: 52:54:00:12:34:56
+001810ms vtnet0: netmap queues/slots: TX 1/256, RX 1/128
+001810ms 000.000060 [ 452] vtnet_netmap_attach       vtnet attached txq=1, txd=256 rxq=1, rxd=128
+001810ms virtio_pci1: <VirtIO PCI (legacy) Block adapter> mem 0x10040000-0x10040fff,0x8000004000-0x8000007fff at device 2.0 on pci0
+001810ms vtblk0: <VirtIO Block Adapter> on virtio_pci1
+001827ms vtblk0: 4095MB (8387712 512 byte sectors)
+001841ms acpi_ged0: <Generic Event Device> irq 33 on acpi0
+001841ms acpi_ged0: Raw IRQ 41
+001841ms acpi_button0: <Power Button> on acpi0
+001841ms armv8crypto0: <AES-CBC,AES-XTS,AES-GCM>
+001841ms Timecounters tick every 10.000 msec
+001855ms CPU  0: Apple Unknown CPU r0p0 (midr: 610f0000) affinity:  0
+001866ms Trying to mount root from ufs:/dev/gpt/rootfs [rw,noatime]...
+001866ms                    Cache Type = <64 byte CWG,64 byte ERG,64 byte D-cacheline,PIPT I-cache,64 byte I-cacheline>
+001866ms  Instruction Set Attributes 0 = <TLBI-OSR,CondM-8.5,FHM,DP,SHA3,RDM,Atomic,CRC32,SHA2+SHA512,SHA1,AES+PMULL>
+001866ms  Instruction Set Attributes 1 = <PredInv v8.5,SB,FRINTTS,GPI,RCPC-8.4,FCMA,JSCVT,API EPAC,DCCVADP>
+001866ms  Instruction Set Attributes 2 = <>
+001866ms          Processor Features 0 = <CSV3,CSV2,PSTATE.DIT,RAS,AdvSIMD+HP,FP+HP,EL1,EL0>
+001866ms          Processor Features 1 = <MTE_frac>
+001866ms          Processor Features 2 = <>
+001866ms       Memory Model Features 0 = <ExS,TGran4,TGran16,8bit ASID,1TB PA>
+001866ms       Memory Model Features 1 = <XNX,SpecSEI,PAN+ATS1E1,LO,HPD+TTPBHA,8bit VMID>
+001866ms       Memory Model Features 2 = <E0PD,TTL,IDS,AT,32bit CCIDX,48bit VA,IESB,UAO,CnP>
+001866ms       Memory Model Features 3 = <>
+001866ms       Memory Model Features 4 = <>
+001866ms              Debug Features 0 = <DoubleLock,2 CTX BKPTs,4 Watchpoints,6 Breakpoints,Debugv8>
+001866ms              Debug Features 1 = <>
+001866ms          Auxiliary Features 0 = <>
+001866ms          Auxiliary Features 1 = <>
+001866ms AArch32 Instruction Set Attributes 5 = <>
+001879ms AArch32 Media and VFP Features 0 = <>
+001879ms AArch32 Media and VFP Features 1 = <>
+001879ms CPU  1: Apple Unknown CPU r0p0 (midr: 610f0000) affinity:  1
+001879ms gic0: using for IPIs
+001879ms Release APs...done
+002493ms /etc/rc: DEBUG: checkyesno: dumpon_svcj is set to NO.
+002493ms /etc/rc: DEBUG: run_rc_command: doit:  dumpon_start 
+002507ms /etc/rc: DEBUG: checkyesno: sysctl_svcj is set to NO.
+002519ms /etc/rc: DEBUG: run_rc_command: doit:  sysctl_start 
+002532ms /etc/rc: DEBUG: checkyesno: dnctl_enable is set to NO.
+002585ms /etc/rc: DEBUG: checkyesno: ddb_enable is set to NO.
+002611ms /etc/rc: DEBUG: checkyesno: hostid_enable is set to YES.
+002625ms /etc/rc: DEBUG: checkyesno: hostid_svcj is set to NO.
+002625ms /etc/rc: DEBUG: run_rc_command: doit:  hostid_start 
+002692ms /etc/rc: DEBUG: checkyesno: rc_startmsgs is set to YES.
+002692ms Setting hostuuid: 226909d5-2e00-4f8b-8ac2-219cb44b6f42.
+002692ms /etc/rc: DEBUG: checkyesno: rc_startmsgs is set to YES.
+002692ms Setting hostid: 0x058ccd11.
+002733ms /etc/rc: DEBUG: checkyesno: ccd_svcj is set to NO.
+002733ms /etc/rc: DEBUG: run_rc_command: doit:  ccd_start 
+002733ms /etc/rc: DEBUG: run_rc_command: start_precmd: [ -n "$(geli_make_list)" -o -n "${geli_groups}" ] 
+002784ms /etc/rc: DEBUG: checkyesno: swap_svcj is set to NO.
+002796ms /etc/rc: DEBUG: run_rc_command: doit:  /sbin/swapon -aq 
+002836ms /etc/rc: DEBUG: checkyesno: fsck_svcj is set to NO.
+002836ms /etc/rc: DEBUG: run_rc_command: doit:  fsck_start 
+002936ms /etc/rc: DEBUG: checkyesno: rc_startmsgs is set to YES.
+002936ms Starting file system checks:
+002936ms /etc/rc: DEBUG: checkyesno: background_fsck is set to YES.
+002960ms /dev/gpt/rootfs: FILE SYSTEM CLEAN; SKIPPING CHECKS
+002960ms /dev/gpt/rootfs: clean, 511762 free (26 frags, 63967 blocks, 0.0% fragmentation)
+002974ms /dev/gpt/efiboot0: FILESYSTEM CLEAN; SKIPPING CHECKS
+003072ms /etc/rc: DEBUG: checkyesno: root_svcj is set to NO.
+003105ms /etc/rc: DEBUG: run_rc_command: doit:  root_start 
+003237ms /etc/rc: DEBUG: checkyesno: hostid_enable is set to YES.
+003276ms /etc/rc: DEBUG: checkyesno: hostid_save_svcj is set to NO.
+003290ms /etc/rc: DEBUG: run_rc_command: doit:  hostid_save 
+003353ms /etc/rc: DEBUG: run_rc_command: start_precmd: [ -n "${_mdconfig_list}" ] 
+003394ms /etc/rc: DEBUG: checkyesno: mountcritlocal_svcj is set to NO.
+003462ms /etc/rc: DEBUG: run_rc_command: doit:  mountcritlocal_start 
+003488ms /etc/rc: DEBUG: checkyesno: rc_startmsgs is set to YES.
+003566ms Mounting local filesystems:/etc/rc: DEBUG: checkyesno: rc_startmsgs is set to YES.
+003566ms .
+003566ms /etc/rc: DEBUG: checkyesno: var_run_enable is set to YES.
+003566ms /etc/rc: DEBUG: checkyesno: var_run_svcj is set to NO.
+003566ms /etc/rc: DEBUG: run_rc_command: doit:  _var_run_start 
+003592ms /etc/rc: DEBUG: checkyesno: zfs_enable is set to NO.
+003619ms /etc/rc: DEBUG: checkyesno: zfs_enable is set to NO.
+003672ms /etc/rc: DEBUG: checkyesno: kldxref_enable is set to YES.
+003672ms /etc/rc: DEBUG: checkyesno: kldxref_svcj is set to NO.
+003686ms /etc/rc: DEBUG: run_rc_command: doit:  kldxref_start 
+003686ms /etc/rc: DEBUG: checkyesno: kldxref_clobber is set to NO.
+003686ms /etc/rc: DEBUG: checkyesno: kldxref_clobber is set to NO.
+003699ms /etc/rc: DEBUG: checkyesno: kldxref_clobber is set to NO.
+003699ms /etc/rc: DEBUG: checkyesno: kldxref_clobber is set to NO.
+003699ms /etc/rc: DEBUG: checkyesno: kldxref_clobber is set to NO.
+003712ms /etc/rc: DEBUG: checkyesno: sysvipc_enable is set to NO.
+003723ms /etc/rc: DEBUG: checkyesno: zfskeys_enable is set to NO.
+003735ms /etc/rc: DEBUG: checkyesno: kld_svcj is set to NO.
+003735ms /etc/rc: DEBUG: run_rc_command: doit:  kld_start 
+003788ms /etc/rc: DEBUG: checkyesno: zfs_enable is set to NO.
+003802ms /etc/rc: DEBUG: checkyesno: zfs_enable is set to NO.
+003815ms /etc/rc: DEBUG: checkyesno: devmatch_enable is set to YES.
+003815ms /etc/rc: DEBUG: checkyesno: devmatch_svcj is set to NO.
+003815ms /etc/rc: DEBUG: run_rc_command: doit:  devmatch_start 
+003843ms /etc/rc: DEBUG: checkyesno: boot_safe is set to NO.
+004031ms /etc/rc: DEBUG: checkyesno: linux_enable is set to NO.
+004073ms /etc/rc: DEBUG: checkyesno: localpkg_svcj is set to NO.
+004073ms /etc/rc: DEBUG: run_rc_command: doit:  pkg_start 
+004085ms /etc/rc: DEBUG: checkyesno: cleanvar_enable is set to YES.
+004099ms /etc/rc: DEBUG: run_rc_command: start_precmd: cleanvar_prestart 
+004112ms /etc/rc: DEBUG: checkyesno: cleanvar_svcj is set to NO.
+004152ms /etc/rc: DEBUG: run_rc_command: doit:  cleanvar_start 
+004219ms /etc/rc: DEBUG: checkyesno: precious_machine is set to NO.
+004292ms /etc/rc: DEBUG: checkyesno: cfumass_enable is set to NO.
+004334ms /etc/rc: DEBUG: checkyesno: mixer_enable is set to YES.
+004334ms /etc/rc: DEBUG: checkyesno: mixer_svcj is set to NO.
+004360ms /etc/rc: DEBUG: run_rc_command: doit:  mixer_start 
+004414ms /etc/rc: DEBUG: checkyesno: rctl_enable is set to YES.
+004414ms /etc/rc: DEBUG: checkyesno: rctl_svcj is set to NO.
+004427ms /etc/rc: DEBUG: run_rc_command: doit:  rctl_start 
+004483ms /etc/rc: DEBUG: checkyesno: ldconfig_svcj is set to NO.
+004483ms /etc/rc: DEBUG: run_rc_command: doit:  ldconfig_start 
+004483ms /etc/rc: DEBUG: checkyesno: ldconfig_insecure is set to NO.
+004511ms /etc/rc: DEBUG: checkyesno: rc_startmsgs is set to YES.
+004511ms ELF ldconfig path: /lib /usr/lib /usr/lib/compat
+004567ms /etc/rc: DEBUG: checkyesno: adjkerntz_svcj is set to NO.
+004621ms /etc/rc: DEBUG: run_rc_command: doit:  adjkerntz -i 
+004665ms /etc/rc: DEBUG: checkyesno: hostname_svcj is set to NO.
+004706ms /etc/rc: DEBUG: run_rc_command: doit:  hostname_start 
+004719ms /etc/rc: DEBUG: checkyesno: rc_startmsgs is set to YES.
+004719ms Setting hostname: smolbsd-arm64/etc/rc: DEBUG: checkyesno: rc_startmsgs is set to YES.
+004719ms .
+004731ms /etc/rc: DEBUG: set_rcvar_obsolete: $ipv6_enable(old) -> $ipv6_activate_all_interfaces(new) is defined
+004731ms /etc/rc: DEBUG: set_rcvar_obsolete: $ipv6_prefer(old) -> $ip6addrctl_policy(new) is defined
+004731ms /etc/rc: DEBUG: checkyesno: ip6addrctl_enable is set to YES.
+004744ms /etc/rc: DEBUG: checkyesno: ip6addrctl_svcj is set to NO.
+004744ms /etc/rc: DEBUG: run_rc_command: doit:  ip6addrctl_start 
+004744ms /etc/rc: DEBUG: checkyesno: ipv6_activate_all_interfaces is set to NO.
+004771ms /etc/rc: DEBUG: checkyesno: ip6addrctl_verbose is set to NO.
+004771ms /etc/rc: DEBUG: checkyesno: ippool_enable is set to NO.
+004787ms /etc/rc: DEBUG: checkyesno: netoptions_svcj is set to NO.
+004787ms /etc/rc: DEBUG: run_rc_command: doit:  netoptions_start 
+004802ms /etc/rc: DEBUG: checkyesno: tcp_extensions is set to YES.
+004830ms /etc/rc: DEBUG: checkyesno: tcp_keepalive is set to YES.
+004830ms /etc/rc: DEBUG: checkyesno: tcp_drop_synfin is set to NO.
+004843ms /etc/rc: DEBUG: checkyesno: ipv6_ipv4mapping is set to NO.
+004857ms /etc/rc: DEBUG: checkyesno: ipv6_privacy is set to NO.
+004882ms /etc/rc: DEBUG: checkyesno: random_svcj is set to NO.
+004896ms /etc/rc: DEBUG: run_rc_command: doit:  random_start 
+004896ms Setting up harvesting: RANDOMDEV,[CALLOUT],[UMA],[FS_ATIME],SWI,INTERRUPT,NET_NG,[NET_ETHER],NET_TUN,MOUSE,KEYBOARD,ATTACH,CACHED
+004926ms Feeding entropy: /etc/rc: DEBUG: entropy read from /entropy
+004969ms /etc/rc: DEBUG: saving entropy to /entropy
+005025ms /etc/rc: DEBUG: saving entropy to /boot/entropy
+005059ms .
+005091ms /etc/rc: DEBUG: checkyesno: iovctl_svcj is set to NO.
+005104ms /etc/rc: DEBUG: run_rc_command: doit:  iovctl_start 
+005121ms /etc/rc: DEBUG: checkyesno: ipsec_enable is set to NO.
+005185ms /etc/rc: DEBUG: checkyesno: autofs_enable is set to NO.
+005222ms /etc/rc: DEBUG: checkyesno: geli2_svcj is set to NO.
+005222ms /etc/rc: DEBUG: run_rc_command: doit:  geli2_start 
+005249ms /etc/rc: DEBUG: checkyesno: ugidfw_enable is set to NO.
+005249ms /etc/rc: DEBUG: checkyesno: ipfilter_enable is set to NO.
+005290ms /etc/rc: DEBUG: checkyesno: ipnat_enable is set to NO.
+005330ms /etc/rc: DEBUG: checkyesno: ipmon_enable is set to NO.
+005376ms /etc/rc: DEBUG: checkyesno: ipfs_enable is set to NO.
+005395ms /etc/rc: DEBUG: set_rcvar_obsolete: $ipv6_enable(old) -> $ipv6_activate_all_interfaces(new) is defined
+005468ms /etc/rc: DEBUG: set_rcvar_obsolete: $ipv6_prefer(old) -> $(new) is defined
+005468ms /etc/rc: DEBUG: checkyesno: netif_enable is set to YES.
+005468ms /etc/rc: DEBUG: checkyesno: netif_svcj is set to NO.
+005493ms /etc/rc: DEBUG: run_rc_command: doit:  netif_start 
+005507ms /etc/rc: DEBUG: Created wlan(4)s: 
+005507ms /etc/rc: DEBUG: Cloned: 
+005582ms /etc/rc: DEBUG: checkyesno: ipv6_activate_all_interfaces is set to NO.
+005654ms lo0: link state changed to UP
+005718ms /etc/rc: DEBUG: checkyesno: ipv6_activate_all_interfaces is set to NO.
+005763ms vtnet0: link state changed to UP
+005776ms /etc/rc: DEBUG: checkyesno: synchronous_dhclient is set to NO.
+005856ms /etc/rc: DEBUG: checkyesno: rc_startmsgs is set to YES.
+005856ms Starting Network: lo0 vtnet0.
+005903ms /etc/rc: DEBUG: checkyesno: rc_startmsgs is set to YES.
+005903ms lo0: flags=1008049<UP,LOOPBACK,RUNNING,MULTICAST,LOWER_UP> metric 0 mtu 16384
+005903ms options=680003<RXCSUM,TXCSUM,LINKSTATE,RXCSUM_IPV6,TXCSUM_IPV6>
+005903ms inet 127.0.0.1 netmask 0xff000000
+005903ms inet6 ::1 prefixlen 128
+005903ms inet6 fe80::1%lo0 prefixlen 64 scopeid 0x2
+005903ms groups: lo
+005929ms nd6 options=21<PERFORMNUD,AUTO_LINKLOCAL>
+005944ms vtnet0: flags=1008843<UP,BROADCAST,RUNNING,SIMPLEX,MULTICAST,LOWER_UP> metric 0 mtu 1500
+005944ms options=880028<VLAN_MTU,JUMBO_MTU,LINKSTATE,HWSTATS>
+005944ms ether 52:54:00:12:34:56
+005944ms media: Ethernet autoselect (10Gbase-T <full-duplex>)
+005944ms status: active
+005944ms nd6 options=29<PERFORMNUD,IFDISABLED,AUTO_LINKLOCAL>
+005971ms /etc/rc: DEBUG: The following interfaces were not configured: 
+006123ms /etc/rc.d/ipfilter: DEBUG: checkyesno: ipfilter_svcj is set to NO.
+006232ms /etc/rc.d/ipfilter: DEBUG: checkyesno: ipfilter_enable is set to NO.
+006309ms /etc/rc: DEBUG: checkyesno: static_ndp_svcj is set to NO.
+006324ms /etc/rc: DEBUG: run_rc_command: doit:  static_ndp_start 
+006340ms /etc/rc: DEBUG: checkyesno: static_arp_svcj is set to NO.
+006380ms /etc/rc: DEBUG: run_rc_command: doit:  static_arp_start 
+006410ms /etc/rc: DEBUG: checkyesno: resolv_enable is set to YES.
+006410ms /etc/rc: DEBUG: checkyesno: resolv_svcj is set to NO.
+006425ms /etc/rc: DEBUG: run_rc_command: doit:  resolv_start 
+006563ms /etc/rc: DEBUG: checkyesno: ppp_enable is set to NO.
+006577ms /etc/rc: DEBUG: checkyesno: pflog_enable is set to NO.
+006590ms /etc/rc: DEBUG: checkyesno: stf_svcj is set to NO.
+006610ms /etc/rc: DEBUG: run_rc_command: doit:  stf_up 
+006645ms /etc/rc: DEBUG: checkyesno: pfsync_enable is set to NO.
+006686ms /etc/rc: DEBUG: checkyesno: devd_enable is set to YES.
+006686ms /etc/rc: DEBUG: run_rc_command: start_precmd: find_pidfile 
+006712ms /etc/rc: DEBUG: checkyesno: devd_svcj is set to NO.
+006772ms /etc/rc: DEBUG: checkyesno: rc_startmsgs is set to YES.
+006772ms Starting devd.
+006772ms /etc/rc: DEBUG: checkyesno: devd_svcj is set to NO.
+006772ms /etc/rc: DEBUG: run_rc_command: doit:  limits -C daemon   /sbin/devd  
+006914ms /etc/rc.d/devmatch: DEBUG: checkyesno: devmatch_enable is set to YES.
+006914ms /etc/rc.d/devmatch: DEBUG: checkyesno: devmatch_svcj is set to NO.
+006914ms /etc/rc.d/devmatch: DEBUG: run_rc_command: doit:  devmatch_start 
+006914ms /etc/rc.d/devmatch: DEBUG: checkyesno: boot_safe is set to NO.
+007096ms /etc/rc.d/devmatch: DEBUG: checkyesno: devmatch_enable is set to YES.
+007136ms /etc/rc.d/devmatch: DEBUG: checkyesno: devmatch_svcj is set to NO.
+007204ms /etc/rc.d/devmatch: DEBUG: run_rc_command: doit:  devmatch_start 
+007231ms /etc/rc.d/devmatch: DEBUG: checkyesno: boot_safe is set to NO.
+007353ms /etc/rc.d/devmatch: DEBUG: checkyesno: devmatch_enable is set to YES.
+007381ms /etc/rc.d/devmatch: DEBUG: checkyesno: devmatch_svcj is set to NO.
+007441ms /etc/rc.d/devmatch: DEBUG: run_rc_command: doit:  devmatch_start 
+007455ms /etc/rc.d/devmatch: DEBUG: checkyesno: boot_safe is set to NO.
+007821ms /etc/rc.d/devmatch: DEBUG: checkyesno: devmatch_enable is set to YES.
+007836ms /etc/rc.d/devmatch: DEBUG: checkyesno: devmatch_svcj is set to NO.
+007862ms /etc/rc.d/devmatch: DEBUG: run_rc_command: doit:  devmatch_start 
+007877ms /etc/rc.d/devmatch: DEBUG: checkyesno: boot_safe is set to NO.
+008093ms /etc/rc.d/devmatch: DEBUG: checkyesno: devmatch_enable is set to YES.
+008107ms /etc/rc.d/devmatch: DEBUG: checkyesno: devmatch_svcj is set to NO.
+008148ms /etc/rc.d/devmatch: DEBUG: run_rc_command: doit:  devmatch_start 
+008161ms /etc/rc.d/devmatch: DEBUG: checkyesno: boot_safe is set to NO.
+008407ms /etc/rc.d/devmatch: DEBUG: checkyesno: devmatch_enable is set to YES.
+008407ms /etc/rc.d/devmatch: DEBUG: checkyesno: devmatch_svcj is set to NO.
+008423ms /etc/rc.d/devmatch: DEBUG: run_rc_command: doit:  devmatch_start 
+008423ms /etc/rc.d/devmatch: DEBUG: checkyesno: boot_safe is set to NO.
+008567ms /etc/rc.d/devmatch: DEBUG: checkyesno: devmatch_enable is set to YES.
+008567ms /etc/rc.d/devmatch: DEBUG: checkyesno: devmatch_svcj is set to NO.
+008567ms /etc/rc.d/devmatch: DEBUG: run_rc_command: doit:  devmatch_start 
+008567ms /etc/rc.d/devmatch: DEBUG: checkyesno: boot_safe is set to NO.
+008753ms /etc/rc.d/devmatch: DEBUG: checkyesno: devmatch_enable is set to YES.
+008784ms /etc/rc.d/devmatch: DEBUG: checkyesno: devmatch_svcj is set to NO.
+008824ms /etc/rc.d/devmatch: DEBUG: run_rc_command: doit:  devmatch_start 
+008865ms /etc/rc.d/devmatch: DEBUG: checkyesno: boot_safe is set to NO.
+009058ms /etc/rc.d/devmatch: DEBUG: checkyesno: devmatch_enable is set to YES.
+009112ms /etc/rc.d/devmatch: DEBUG: checkyesno: devmatch_svcj is set to NO.
+009112ms /etc/rc.d/devmatch: DEBUG: run_rc_command: doit:  devmatch_start 
+009166ms /etc/rc.d/devmatch: DEBUG: checkyesno: boot_safe is set to NO.
+009350ms /etc/rc.d/devmatch: DEBUG: checkyesno: devmatch_enable is set to YES.
+009350ms /etc/rc.d/devmatch: DEBUG: checkyesno: devmatch_svcj is set to NO.
+009361ms /etc/rc.d/devmatch: DEBUG: run_rc_command: doit:  devmatch_start 
+009390ms /etc/rc.d/devmatch: DEBUG: checkyesno: boot_safe is set to NO.
+009629ms /etc/rc.d/devmatch: DEBUG: checkyesno: devmatch_enable is set to YES.
+009656ms /etc/rc.d/devmatch: DEBUG: checkyesno: devmatch_svcj is set to NO.
+009669ms /etc/rc.d/devmatch: DEBUG: run_rc_command: doit:  devmatch_start 
+009725ms /etc/rc.d/devmatch: DEBUG: checkyesno: boot_safe is set to NO.
+010061ms /etc/rc.d/devmatch: DEBUG: checkyesno: devmatch_enable is set to YES.
+010061ms /etc/rc.d/devmatch: DEBUG: checkyesno: devmatch_svcj is set to NO.
+010061ms /etc/rc.d/devmatch: DEBUG: run_rc_command: doit:  devmatch_start 
+010082ms /etc/rc.d/devmatch: DEBUG: checkyesno: boot_safe is set to NO.
+010384ms /etc/rc.d/devmatch: DEBUG: checkyesno: devmatch_enable is set to YES.
+010455ms /etc/rc.d/devmatch: DEBUG: checkyesno: devmatch_svcj is set to NO.
+010535ms /etc/rc.d/devmatch: DEBUG: run_rc_command: doit:  devmatch_start 
+010535ms /etc/rc.d/devmatch: DEBUG: checkyesno: boot_safe is set to NO.
+010602ms /etc/rc.d/devmatch: DEBUG: checkyesno: devmatch_enable is set to YES.
+010602ms /etc/rc.d/devmatch: DEBUG: checkyesno: devmatch_svcj is set to NO.
+010602ms /etc/rc.d/devmatch: DEBUG: run_rc_command: doit:  devmatch_start 
+010719ms /etc/rc.d/devmatch: DEBUG: checkyesno: boot_safe is set to NO.
+010975ms /etc/rc.d/devmatch: DEBUG: checkyesno: devmatch_enable is set to YES.
+010988ms /etc/rc.d/devmatch: DEBUG: checkyesno: devmatch_svcj is set to NO.
+011005ms /etc/rc.d/devmatch: DEBUG: run_rc_command: doit:  devmatch_start 
+011005ms /etc/rc.d/devmatch: DEBUG: checkyesno: boot_safe is set to NO.
+011202ms /etc/rc.d/devmatch: DEBUG: checkyesno: devmatch_enable is set to YES.
+011218ms /etc/rc.d/devmatch: DEBUG: checkyesno: devmatch_svcj is set to NO.
+011218ms /etc/rc.d/devmatch: DEBUG: run_rc_command: doit:  devmatch_start 
+011233ms /etc/rc.d/devmatch: DEBUG: checkyesno: boot_safe is set to NO.
+011435ms /etc/rc.d/devmatch: DEBUG: checkyesno: devmatch_enable is set to YES.
+011459ms /etc/rc.d/devmatch: DEBUG: checkyesno: devmatch_svcj is set to NO.
+011527ms /etc/rc.d/devmatch: DEBUG: run_rc_command: doit:  devmatch_start 
+011575ms /etc/rc.d/devmatch: DEBUG: checkyesno: boot_safe is set to NO.
+011737ms /etc/rc.d/devmatch: DEBUG: checkyesno: devmatch_enable is set to YES.
+011737ms /etc/rc.d/devmatch: DEBUG: checkyesno: devmatch_svcj is set to NO.
+011737ms /etc/rc.d/devmatch: DEBUG: run_rc_command: doit:  devmatch_start 
+011751ms /etc/rc.d/devmatch: DEBUG: checkyesno: boot_safe is set to NO.
+011984ms /etc/rc.d/devmatch: DEBUG: checkyesno: devmatch_enable is set to YES.
+012027ms /etc/rc.d/devmatch: DEBUG: checkyesno: devmatch_svcj is set to NO.
+012027ms /etc/rc.d/devmatch: DEBUG: run_rc_command: doit:  devmatch_start 
+012042ms /etc/rc.d/devmatch: DEBUG: checkyesno: boot_safe is set to NO.
+012254ms /etc/rc.d/devmatch: DEBUG: checkyesno: devmatch_enable is set to YES.
+012268ms /etc/rc.d/devmatch: DEBUG: checkyesno: devmatch_svcj is set to NO.
+012352ms /etc/rc.d/devmatch: DEBUG: run_rc_command: doit:  devmatch_start 
+012382ms /etc/rc.d/devmatch: DEBUG: checkyesno: boot_safe is set to NO.
+012757ms /etc/rc.d/devmatch: DEBUG: checkyesno: devmatch_enable is set to YES.
+012757ms /etc/rc.d/devmatch: DEBUG: checkyesno: devmatch_svcj is set to NO.
+012789ms /etc/rc.d/devmatch: DEBUG: run_rc_command: doit:  devmatch_start 
+012818ms /etc/rc.d/devmatch: DEBUG: checkyesno: boot_safe is set to NO.
+013254ms /etc/rc.d/devmatch: DEBUG: checkyesno: devmatch_enable is set to YES.
+013280ms /etc/rc.d/devmatch: DEBUG: checkyesno: devmatch_svcj is set to NO.
+013314ms /etc/rc.d/devmatch: DEBUG: run_rc_command: doit:  devmatch_start 
+013314ms /etc/rc.d/devmatch: DEBUG: checkyesno: boot_safe is set to NO.
+013605ms /etc/rc.d/devmatch: DEBUG: checkyesno: devmatch_enable is set to YES.
+013605ms /etc/rc.d/devmatch: DEBUG: checkyesno: devmatch_svcj is set to NO.
+013605ms /etc/rc.d/devmatch: DEBUG: run_rc_command: doit:  devmatch_start 
+013681ms /etc/rc.d/devmatch: DEBUG: checkyesno: boot_safe is set to NO.
+014076ms /etc/rc.d/devmatch: DEBUG: checkyesno: devmatch_enable is set to YES.
+014119ms /etc/rc.d/devmatch: DEBUG: checkyesno: devmatch_svcj is set to NO.
+014192ms /etc/rc.d/devmatch: DEBUG: run_rc_command: doit:  devmatch_start 
+014245ms /etc/rc.d/devmatch: DEBUG: checkyesno: boot_safe is set to NO.
+014357ms /etc/rc.d/devmatch: DEBUG: checkyesno: devmatch_enable is set to YES.
+014375ms /etc/rc.d/devmatch: DEBUG: checkyesno: devmatch_svcj is set to NO.
+014437ms /etc/rc.d/devmatch: DEBUG: run_rc_command: doit:  devmatch_start 
+014454ms /etc/rc.d/devmatch: DEBUG: checkyesno: boot_safe is set to NO.
+014588ms /etc/rc.d/devmatch: DEBUG: checkyesno: devmatch_enable is set to YES.
+014588ms /etc/rc.d/devmatch: DEBUG: checkyesno: devmatch_svcj is set to NO.
+014588ms /etc/rc.d/devmatch: DEBUG: run_rc_command: doit:  devmatch_start 
+014588ms /etc/rc.d/devmatch: DEBUG: checkyesno: boot_safe is set to NO.
+014621ms /etc/rc.d/devmatch: DEBUG: checkyesno: devmatch_enable is set to YES.
+014621ms /etc/rc.d/devmatch: DEBUG: checkyesno: devmatch_svcj is set to NO.
+014621ms /etc/rc.d/devmatch: DEBUG: run_rc_command: doit:  devmatch_start 
+014806ms /etc/rc.d/devmatch: DEBUG: checkyesno: boot_safe is set to NO.
+014891ms /etc/rc.d/devmatch: DEBUG: checkyesno: devmatch_enable is set to YES.
+014891ms /etc/rc.d/devmatch: DEBUG: checkyesno: devmatch_svcj is set to NO.
+014903ms /etc/rc.d/devmatch: DEBUG: run_rc_command: doit:  devmatch_start 
+014903ms /etc/rc.d/devmatch: DEBUG: checkyesno: boot_safe is set to NO.
+014975ms /etc/rc.d/devmatch: DEBUG: checkyesno: devmatch_enable is set to YES.
+014975ms /etc/rc.d/devmatch: DEBUG: checkyesno: devmatch_svcj is set to NO.
+014975ms /etc/rc.d/devmatch: DEBUG: run_rc_command: doit:  devmatch_start 
+015002ms /etc/rc.d/devmatch: DEBUG: checkyesno: boot_safe is set to NO.
+015108ms /etc/rc.d/devmatch: DEBUG: checkyesno: devmatch_enable is set to YES.
+015108ms /etc/rc.d/devmatch: DEBUG: checkyesno: devmatch_svcj is set to NO.
+015108ms /etc/rc.d/devmatch: DEBUG: run_rc_command: doit:  devmatch_start 
+015122ms /etc/rc.d/devmatch: DEBUG: checkyesno: boot_safe is set to NO.
+015257ms /etc/rc.d/devmatch: DEBUG: checkyesno: devmatch_enable is set to YES.
+015271ms /etc/rc.d/devmatch: DEBUG: checkyesno: devmatch_svcj is set to NO.
+015271ms /etc/rc.d/devmatch: DEBUG: run_rc_command: doit:  devmatch_start 
+015285ms /etc/rc.d/devmatch: DEBUG: checkyesno: boot_safe is set to NO.
+015350ms /etc/rc.d/devmatch: DEBUG: checkyesno: devmatch_enable is set to YES.
+015350ms /etc/rc.d/devmatch: DEBUG: checkyesno: devmatch_svcj is set to NO.
+015365ms /etc/rc.d/devmatch: DEBUG: run_rc_command: doit:  devmatch_start 
+015365ms /etc/rc.d/devmatch: DEBUG: checkyesno: boot_safe is set to NO.
+015406ms /etc/rc.d/devmatch: DEBUG: checkyesno: devmatch_enable is set to YES.
+015417ms /etc/rc.d/devmatch: DEBUG: checkyesno: devmatch_svcj is set to NO.
+015459ms /etc/rc.d/devmatch: DEBUG: run_rc_command: doit:  devmatch_start 
+015473ms /etc/rc.d/devmatch: DEBUG: checkyesno: boot_safe is set to NO.
+015539ms /etc/pccard_ether: DEBUG: run_rc_command: start_precmd: checkauto 
+015592ms /etc/pccard_ether: DEBUG: checkyesno: pccard_ether_svcj is set to NO.
+015592ms /etc/pccard_ether: DEBUG: run_rc_command: doit:  pccard_ether_start 
+015790ms /etc/rc.d/devmatch: DEBUG: checkyesno: devmatch_enable is set to YES.
+015803ms /etc/rc.d/devmatch: DEBUG: checkyesno: devmatch_svcj is set to NO.
+015803ms /etc/rc.d/devmatch: DEBUG: run_rc_command: doit:  devmatch_start 
+015803ms /etc/rc.d/devmatch: DEBUG: checkyesno: boot_safe is set to NO.
+015845ms /etc/pccard_ether: DEBUG: run_rc_command: start_precmd: checkauto 
+015845ms /etc/pccard_ether: DEBUG: checkyesno: pccard_ether_svcj is set to NO.
+015845ms /etc/pccard_ether: DEBUG: run_rc_command: doit:  pccard_ether_start 
+016158ms /etc/rc.d/dhclient: DEBUG: pid file (/var/run/dhclient/dhclient.vtnet0.pid): not readable.
+016171ms /etc/rc.d/dhclient: DEBUG: run_rc_command: start_precmd: dhclient_prestart 
+016226ms /etc/rc.d/dhclient: DEBUG: checkyesno: background_dhclient is set to NO.
+016239ms /etc/rc.d/dhclient: DEBUG: checkyesno: dhclient_arpwait is set to YES.
+016253ms /etc/rc.d/dhclient: DEBUG: checkyesno: dhclient_svcj is set to NO.
+016279ms /etc/rc.d/dhclient: DEBUG: checkyesno: rc_startmsgs is set to YES.
+016279ms Starting dhclient.
+016279ms /etc/rc.d/dhclient: DEBUG: checkyesno: dhclient_svcj is set to NO.
+016294ms /etc/rc.d/dhclient: DEBUG: run_rc_command: doit:  limits -C daemon   /sbin/dhclient  vtnet0 
+016513ms DHCPREQUEST on vtnet0 to 255.255.255.255 port 67
+016526ms DHCPACK from 10.0.2.2
+016631ms bound to 10.0.2.15 -- renewal in 43199 seconds.
+016750ms /etc/rc: DEBUG: checkyesno: rtsold_enable is set to NO.
+016750ms /etc/rc: DEBUG: set_rcvar_obsolete: $ipv6_firewall_enable(old) -> $(new) is defined
+016809ms /etc/rc: DEBUG: checkyesno: firewall_enable is set to NO.
+016823ms /etc/rc: DEBUG: checkyesno: defaultroute_svcj is set to NO.
+016836ms /etc/rc: DEBUG: run_rc_command: doit:  defaultroute_start 
+016877ms /etc/rc: DEBUG: checkyesno: bridge_svcj is set to NO.
+016902ms /etc/rc: DEBUG: run_rc_command: doit:  bridge_start 
+016902ms /etc/rc: DEBUG: checkyesno: routing_svcj is set to NO.
+016913ms /etc/rc: DEBUG: run_rc_command: doit:  routing_start doall 
+016954ms route: message indicates error: File exists
+016954ms add host 127.0.0.1: gateway lo0 fib 0: route already in table
+016954ms /etc/rc: DEBUG: checkyesno: icmp_bmcastecho is set to NO.
+017019ms /etc/rc: DEBUG: set_rcvar_obsolete: $router_enable(old) -> $routed_enable(new) is defined
+017044ms /etc/rc: DEBUG: set_rcvar_obsolete: $router(old) -> $routed_program(new) is defined
+017044ms /etc/rc: DEBUG: set_rcvar_obsolete: $router_flags(old) -> $routed_flags(new) is defined
+017044ms /etc/rc: DEBUG: checkyesno: routed_enable is set to NO.
+017069ms /etc/rc: DEBUG: checkyesno: _icmp_drop_redirect is set to no.
+017082ms /etc/rc: DEBUG: checkyesno: icmp_log_redirect is set to NO.
+017096ms /etc/rc: DEBUG: checkyesno: gateway_enable is set to NO.
+017107ms /etc/rc: DEBUG: checkyesno: forward_sourceroute is set to NO.
+017107ms /etc/rc: DEBUG: checkyesno: accept_sourceroute is set to NO.
+017122ms /etc/rc: DEBUG: checkyesno: arpproxy_all is set to NO.
+017136ms route: message indicates error: File exists
+017136ms add host ::1: gateway lo0 fib 0: route already in table
+017136ms add net fe80::: gateway ::1
+017136ms add net ff02::: gateway ::1
+017149ms add net ::ffff:0.0.0.0: gateway ::1
+017149ms add net ::0.0.0.0: gateway ::1
+017149ms /etc/rc: DEBUG: checkyesno: ipv6_gateway_enable is set to NO.
+017149ms /etc/rc: DEBUG: checkyesno: ipv6_gateway_enable is set to NO.
+017149ms /etc/rc: DEBUG: checkyesno: zfsd_enable is set to NO.
+017293ms /etc/rc: DEBUG: set_rcvar_obsolete: $router_enable(old) -> $routed_enable(new) is defined
+017305ms /etc/rc: DEBUG: set_rcvar_obsolete: $router(old) -> $routed_program(new) is defined
+017332ms /etc/rc: DEBUG: set_rcvar_obsolete: $router_flags(old) -> $routed_flags(new) is defined
+017332ms /etc/rc: DEBUG: checkyesno: routed_enable is set to NO.
+017347ms /etc/rc: DEBUG: set_rcvar_obsolete: $ipv6_router_enable(old) -> $route6d_enable(new) is defined
+017361ms /etc/rc: DEBUG: set_rcvar_obsolete: $ipv6_router(old) -> $route6d_program(new) is defined
+017428ms /etc/rc: DEBUG: set_rcvar_obsolete: $ipv6_router_flags(old) -> $route6d_flags(new) is defined
+017441ms /etc/rc: DEBUG: checkyesno: route6d_enable is set to NO.
+017441ms /etc/rc: DEBUG: checkyesno: pf_enable is set to NO.
+017458ms /etc/rc: DEBUG: checkyesno: ipfw_netflow_enable is set to NO.
+017478ms /etc/rc: DEBUG: checkyesno: blacklistd_enable is set to NO.
+017549ms /etc/rc: DEBUG: checkyesno: blocklistd_enable is set to NO.
+017601ms /etc/rc: DEBUG: checkyesno: netwait_enable is set to NO.
+017601ms /etc/rc: DEBUG: checkyesno: local_unbound_enable is set to NO.
+017615ms /etc/rc: DEBUG: checkyesno: ctld_enable is set to NO.
+017615ms /etc/rc: DEBUG: checkyesno: tlsservd_enable is set to NO.
+017615ms /etc/rc: DEBUG: checkyesno: ggated_enable is set to NO.
+017700ms /etc/rc: DEBUG: set_rcvar_obsolete: $kerberos5_server_enable(old) -> $kdc_enable(new) is defined
+017700ms /etc/rc: DEBUG: set_rcvar_obsolete: $kerberos5_server(old) -> $kdc_program(new) is defined
+017700ms /etc/rc: DEBUG: set_rcvar_obsolete: $kerberos5_server_flags(old) -> $kdc_flags(new) is defined
+017722ms /etc/rc: DEBUG: checkyesno: kdc_enable is set to NO.
+017754ms /etc/rc: DEBUG: checkyesno: pppoed_enable is set to NO.
+017796ms /etc/rc: DEBUG: checkyesno: iscsid_enable is set to NO.
+017827ms /etc/rc: DEBUG: checkyesno: tlsclntd_enable is set to NO.
+017843ms /etc/rc: DEBUG: checkyesno: virtual_oss_enable is set to NO.
+017891ms /etc/rc: DEBUG: checkyesno: nfsuserd_enable is set to NO.
+017949ms /etc/rc: DEBUG: set_rcvar_obsolete: $kadmind5_server_enable(old) -> $kadmind_enable(new) is defined
+017963ms /etc/rc: DEBUG: set_rcvar_obsolete: $kadmind5_server(old) -> $kadmind_program(new) is defined
+017977ms /etc/rc: DEBUG: set_rcvar_obsolete: $kerberos5_server_enable(old) -> $kdc_enable(new) is defined
+018019ms /etc/rc: DEBUG: checkyesno: kadmind_enable is set to NO.
+018047ms /etc/rc: DEBUG: checkyesno: gssd_enable is set to NO.
+018077ms /etc/rc: DEBUG: checkyesno: nfscbd_enable is set to NO.
+018093ms /etc/rc: DEBUG: checkyesno: iscsictl_enable is set to NO.
+018108ms /etc/rc: DEBUG: run_rc_command: start_precmd: mountcritremote_precmd 
+018122ms /etc/rc: DEBUG: checkyesno: mountcritremote_svcj is set to NO.
+018262ms /etc/rc: DEBUG: run_rc_command: doit:  mountcritremote_start 
+018333ms /etc/rc: DEBUG: checkyesno: accounting_enable is set to NO.
+018333ms /etc/rc: DEBUG: checkyesno: virecover_enable is set to YES.
+018333ms /etc/rc: DEBUG: checkyesno: virecover_svcj is set to NO.
+018333ms /etc/rc: DEBUG: run_rc_command: doit:  virecover_start 
+018333ms /etc/rc: DEBUG: checkyesno: cleartmp_svcj is set to NO.
+018351ms /etc/rc: DEBUG: run_rc_command: doit:  cleartmp_start 
+018395ms /etc/rc: DEBUG: checkyesno: clear_tmp_enable is set to NO.
+018438ms /etc/rc: DEBUG: checkyesno: clear_tmp_X is set to YES.
+018499ms /etc/rc: DEBUG: checkyesno: rc_startmsgs is set to YES.
+018499ms Clearing /tmp (X related).
+018542ms /etc/rc: DEBUG: checkyesno: clear_tmp_X is set to YES.
+018677ms /etc/rc: DEBUG: checkyesno: dmesg_enable is set to YES.
+018677ms /etc/rc: DEBUG: checkyesno: dmesg_svcj is set to NO.
+018677ms /etc/rc: DEBUG: run_rc_command: doit:  do_dmesg 
+018677ms /etc/rc: DEBUG: checkyesno: update_motd is set to YES.
+018677ms /etc/rc: DEBUG: checkyesno: motd_svcj is set to NO.
+018693ms /etc/rc: DEBUG: run_rc_command: doit:  motd_start 
+018693ms /etc/rc: DEBUG: checkyesno: rc_startmsgs is set to YES.
+018754ms Updating motd:/etc/rc: DEBUG: checkyesno: rc_startmsgs is set to YES.
+018754ms .
+018850ms /etc/rc: DEBUG: run_rc_command: start_precmd: [ -n "${_mdconfig2_list}" ] 
+018862ms /etc/rc: DEBUG: checkyesno: devfs_svcj is set to NO.
+018890ms /etc/rc: DEBUG: run_rc_command: doit:  devfs_start 
+018905ms /etc/rc: DEBUG: checkyesno: devfs_load_rulesets is set to YES.
+018940ms /etc/rc: DEBUG: reading rulesets from file (/etc/defaults/devfs.rules)
+018988ms /etc/rc: DEBUG: found ruleset: devfsrules_hide_all=1
+019061ms /etc/rc: DEBUG: adding rule (add hide)
+019081ms /etc/rc: DEBUG: found ruleset: devfsrules_unhide_basic=2
+019081ms /etc/rc: DEBUG: adding rule (add path null unhide)
+019081ms /etc/rc: DEBUG: adding rule (add path zero unhide)
+019081ms /etc/rc: DEBUG: adding rule (add path crypto unhide)
+019081ms /etc/rc: DEBUG: adding rule (add path random unhide)
+019081ms /etc/rc: DEBUG: adding rule (add path urandom unhide)
+019081ms /etc/rc: DEBUG: found ruleset: devfsrules_unhide_login=3
+019081ms /etc/rc: DEBUG: adding rule (add path 'ptyp*' unhide)
+019101ms /etc/rc: DEBUG: adding rule (add path 'ptyq*' unhide)
+019101ms /etc/rc: DEBUG: adding rule (add path 'ptyr*' unhide)
+019101ms /etc/rc: DEBUG: adding rule (add path 'ptys*' unhide)
+019101ms /etc/rc: DEBUG: adding rule (add path 'ptyP*' unhide)
+019198ms /etc/rc: DEBUG: adding rule (add path 'ptyQ*' unhide)
+019212ms /etc/rc: DEBUG: adding rule (add path 'ptyR*' unhide)
+019212ms /etc/rc: DEBUG: adding rule (add path 'ptyS*' unhide)
+019253ms /etc/rc: DEBUG: adding rule (add path 'ptyl*' unhide)
+019351ms /etc/rc: DEBUG: adding rule (add path 'ptym*' unhide)
+019351ms /etc/rc: DEBUG: adding rule (add path 'ptyn*' unhide)
+019414ms /etc/rc: DEBUG: adding rule (add path 'ptyo*' unhide)
+019428ms /etc/rc: DEBUG: adding rule (add path 'ptyL*' unhide)
+019428ms /etc/rc: DEBUG: adding rule (add path 'ptyM*' unhide)
+019428ms /etc/rc: DEBUG: adding rule (add path 'ptyN*' unhide)
+019443ms /etc/rc: DEBUG: adding rule (add path 'ptyO*' unhide)
+019443ms /etc/rc: DEBUG: adding rule (add path 'ttyp*' unhide)
+019465ms /etc/rc: DEBUG: adding rule (add path 'ttyq*' unhide)
+019465ms /etc/rc: DEBUG: adding rule (add path 'ttyr*' unhide)
+019480ms /etc/rc: DEBUG: adding rule (add path 'ttys*' unhide)
+019506ms /etc/rc: DEBUG: adding rule (add path 'ttyP*' unhide)
+019538ms /etc/rc: DEBUG: adding rule (add path 'ttyQ*' unhide)
+019566ms /etc/rc: DEBUG: adding rule (add path 'ttyR*' unhide)
+019566ms /etc/rc: DEBUG: adding rule (add path 'ttyS*' unhide)
+019566ms /etc/rc: DEBUG: adding rule (add path 'ttyl*' unhide)
+019566ms /etc/rc: DEBUG: adding rule (add path 'ttym*' unhide)
+019566ms /etc/rc: DEBUG: adding rule (add path 'ttyn*' unhide)
+019608ms /etc/rc: DEBUG: adding rule (add path 'ttyo*' unhide)
+019622ms /etc/rc: DEBUG: adding rule (add path 'ttyL*' unhide)
+019637ms /etc/rc: DEBUG: adding rule (add path 'ttyM*' unhide)
+019637ms /etc/rc: DEBUG: adding rule (add path 'ttyN*' unhide)
+019654ms /etc/rc: DEBUG: adding rule (add path 'ttyO*' unhide)
+019684ms /etc/rc: DEBUG: adding rule (add path ptmx unhide)
+019705ms /etc/rc: DEBUG: adding rule (add path pts unhide)
+019737ms /etc/rc: DEBUG: adding rule (add path 'pts/*' unhide)
+019760ms /etc/rc: DEBUG: adding rule (add path fd unhide)
+019781ms /etc/rc: DEBUG: adding rule (add path 'fd/*' unhide)
+019891ms /etc/rc: DEBUG: adding rule (add path stdin unhide)
+019927ms /etc/rc: DEBUG: adding rule (add path stdout unhide)
+019963ms /etc/rc: DEBUG: adding rule (add path stderr unhide)
+020026ms /etc/rc: DEBUG: found ruleset: devfsrules_jail=4
+020026ms /etc/rc: DEBUG: adding rule (add include $devfsrules_hide_all)
+020040ms /etc/rc: DEBUG: adding rule (add include $devfsrules_unhide_basic)
+020065ms /etc/rc: DEBUG: adding rule (add include $devfsrules_unhide_login)
+020065ms /etc/rc: DEBUG: adding rule (add path fuse unhide)
+020065ms /etc/rc: DEBUG: adding rule (add path zfs unhide)
+020127ms /etc/rc: DEBUG: found ruleset: devfsrules_jail_vnet=5
+020150ms /etc/rc: DEBUG: adding rule (add include $devfsrules_hide_all)
+020179ms /etc/rc: DEBUG: adding rule (add include $devfsrules_unhide_basic)
+020213ms /etc/rc: DEBUG: adding rule (add include $devfsrules_unhide_login)
+020236ms /etc/rc: DEBUG: adding rule (add include $devfsrules_jail)
+020236ms /etc/rc: DEBUG: adding rule (add path pf unhide)
+020273ms /etc/rc: DEBUG: devfs_rulesets_from_file: no such file (/etc/devfs.rules)
+020273ms /etc/rc: DEBUG: devfs_init_rulesets: devfs rulesets initialized
+020343ms /etc/rc: DEBUG: checkyesno: gptboot_enable is set to YES.
+020343ms /etc/rc: DEBUG: checkyesno: gptboot_svcj is set to NO.
+020343ms /etc/rc: DEBUG: run_rc_command: doit:  gptboot_report 
+020374ms /etc/rc: DEBUG: checkyesno: osrelease_enable is set to YES.
+020374ms /etc/rc: DEBUG: checkyesno: osrelease_svcj is set to NO.
+020374ms /etc/rc: DEBUG: run_rc_command: doit:  osrelease_start 
+020374ms /etc/rc: DEBUG: checkyesno: rc_startmsgs is set to YES.
+020403ms Updating /var/run/os-release /etc/rc: DEBUG: checkyesno: rc_startmsgs is set to YES.
+020403ms done.
+020403ms /etc/rc: DEBUG: checkyesno: hostapd_enable is set to NO.
+020465ms /etc/rc: DEBUG: checkyesno: newsyslog_enable is set to YES.
+020465ms /etc/rc: DEBUG: checkyesno: newsyslog_svcj is set to NO.
+020543ms /etc/rc: DEBUG: run_rc_command: doit:  newsyslog_start 
+020590ms /etc/rc: DEBUG: checkyesno: rc_startmsgs is set to YES.
+020634ms Creating and/or trimming log files/etc/rc: DEBUG: checkyesno: rc_startmsgs is set to YES.
+020634ms .
+020648ms /etc/rc: DEBUG: checkyesno: syslogd_enable is set to YES.
+020648ms /etc/rc: DEBUG: run_rc_command: start_precmd: syslogd_precmd 
+020774ms /etc/rc: DEBUG: checkyesno: syslogd_svcj is set to NO.
+020788ms /etc/rc: DEBUG: checkyesno: rc_startmsgs is set to YES.
+020788ms Starting syslogd.
+020802ms /etc/rc: DEBUG: checkyesno: syslogd_svcj is set to NO.
+020820ms /etc/rc: DEBUG: run_rc_command: doit:  limits -C daemon   /usr/sbin/syslogd -s 
+021104ms /etc/rc: DEBUG: checkyesno: syslogd_svcj is set to NO.
+021229ms /etc/rc: DEBUG: checkyesno: auditd_enable is set to NO.
+021250ms /etc/rc: DEBUG: checkyesno: ntpdate_enable is set to NO.
+021250ms /etc/rc: DEBUG: checkyesno: watchdogd_enable is set to NO.
+021250ms /etc/rc: DEBUG: checkyesno: pwcheck_svcj is set to NO.
+021310ms /etc/rc: DEBUG: run_rc_command: doit:  pwcheck_start 
+021411ms /etc/rc: DEBUG: checkyesno: bsnmpd_enable is set to NO.
+021425ms /etc/rc: DEBUG: checkyesno: savecore_enable is set to YES.
+021455ms /etc/rc: DEBUG: run_rc_command: start_precmd: savecore_prestart 
+021475ms /etc/rc: DEBUG: No dump device. Quitting.
+021494ms /etc/rc: DEBUG: checkyesno: hastd_enable is set to NO.
+021516ms /etc/rc: DEBUG: checkyesno: auditdistd_enable is set to NO.
+021532ms /etc/rc: DEBUG: checkyesno: rpcbind_enable is set to NO.
+021602ms /etc/rc: DEBUG: checkyesno: nfs_client_enable is set to NO.
+021615ms /etc/rc: DEBUG: checkyesno: nisdomain_svcj is set to NO.
+021630ms /etc/rc: DEBUG: run_rc_command: doit:  nisdomain_start 
+021630ms /etc/rc: DEBUG: checkyesno: rpc_statd_enable is set to NO.
+021767ms /etc/rc: DEBUG: checkyesno: nis_server_enable is set to NO.
+021795ms /etc/rc: DEBUG: checkyesno: nis_ypldap_enable is set to NO.
+021795ms /etc/rc: DEBUG: checkyesno: nis_ypxfrd_enable is set to NO.
+021812ms /etc/rc: DEBUG: checkyesno: rpc_ypupdated_enable is set to NO.
+021812ms /etc/rc: DEBUG: checkyesno: nis_client_enable is set to NO.
+021812ms /etc/rc: DEBUG: checkyesno: rpc_lockd_enable is set to NO.
+021826ms /etc/rc: DEBUG: checkyesno: nis_ypset_enable is set to NO.
+021882ms /etc/rc: DEBUG: checkyesno: nis_yppasswdd_enable is set to NO.
+021882ms /etc/rc: DEBUG: checkyesno: autofs_enable is set to NO.
+021882ms /etc/rc: DEBUG: checkyesno: quota_enable is set to NO.
+021895ms /etc/rc: DEBUG: checkyesno: autofs_enable is set to NO.
+021895ms /etc/rc: DEBUG: checkyesno: local_svcj is set to NO.
+021912ms /etc/rc: DEBUG: run_rc_command: doit:  local_start 
+021912ms /etc/rc: DEBUG: checkyesno: sdpd_enable is set to NO.
+021987ms /etc/rc: DEBUG: checkyesno: rtadvd_enable is set to NO.
+022070ms /etc/rc: DEBUG: checkyesno: rwhod_enable is set to NO.
+022070ms /etc/rc: DEBUG: checkyesno: mountlate_svcj is set to NO.
+022070ms /etc/rc: DEBUG: run_rc_command: doit:  mountlate_start 
+022070ms Mounting late filesystems:.
+022070ms /etc/rc: DEBUG: checkyesno: nscd_enable is set to NO.
+022097ms /etc/rc: DEBUG: checkyesno: ntpd_enable is set to NO.
+022118ms /etc/rc: DEBUG: checkyesno: lpd_enable is set to NO.
+022189ms /etc/rc: DEBUG: checkyesno: powerd_enable is set to NO.
+022254ms /etc/rc: DEBUG: checkyesno: rarpd_enable is set to NO.
+022254ms /etc/rc: DEBUG: checkyesno: moused_enable is set to NO.
+022254ms /etc/rc: DEBUG: checkyesno: hcsecd_enable is set to NO.
+022285ms /etc/rc: DEBUG: checkyesno: bootparamd_enable is set to NO.
+022337ms /etc/rc: DEBUG: checkyesno: apm_enable is set to NO.
+022427ms /etc/rc: DEBUG: checkyesno: ubthidhci_enable is set to NO.
+022427ms /etc/rc: DEBUG: checkyesno: utx_enable is set to YES.
+022427ms /etc/rc: DEBUG: checkyesno: utx_svcj is set to NO.
+022427ms /etc/rc: DEBUG: run_rc_command: doit:  utx boot 
+022455ms /etc/rc: DEBUG: checkyesno: ftpproxy_enable is set to NO.
+022455ms /etc/rc: DEBUG: checkyesno: swaplate_svcj is set to NO.
+022455ms /etc/rc: DEBUG: run_rc_command: doit:  /sbin/swapon -aLq 
+022468ms /etc/rc: DEBUG: checkyesno: mountd_enable is set to NO.
+022468ms /etc/rc: DEBUG: checkyesno: bthidd_enable is set to NO.
+022482ms /etc/rc: DEBUG: checkyesno: rfcomm_pppd_server_enable is set to NO.
+022523ms /etc/rc: DEBUG: checkyesno: nfs_server_enable is set to NO.
+022593ms /etc/rc: DEBUG: checkyesno: msgs_svcj is set to NO.
+022593ms /etc/rc: DEBUG: run_rc_command: doit:  msgs_start 
+022608ms /etc/rc: DEBUG: checkyesno: inetd_enable is set to NO.
+022622ms /etc/rc: DEBUG: checkyesno: sshd_enable is set to YES.
+022622ms /etc/rc: DEBUG: run_rc_command: start_precmd: sshd_precmd 
+022636ms /etc/rc: DEBUG: checkyesno: sshd_enable is set to YES.
+022636ms /etc/rc: DEBUG: checkyesno: sshd_svcj is set to NO.
+022636ms /etc/rc: DEBUG: run_rc_command: doit:  sshd_keygen 
+022651ms /etc/rc: DEBUG: checkyesno: sshd_rsa_enable is set to yes.
+022651ms /etc/rc: DEBUG: checkyesno: sshd_ecdsa_enable is set to yes.
+022680ms /etc/rc: DEBUG: checkyesno: sshd_ed25519_enable is set to yes.
+022707ms /etc/rc: DEBUG: checkyesno: sshd_enable is set to YES.
+022721ms /etc/rc: DEBUG: checkyesno: sshd_svcj is set to NO.
+022721ms /etc/rc: DEBUG: run_rc_command: doit:  sshd_configtest 
+022721ms Performing sanity check on sshd configuration.
+023006ms /etc/rc: DEBUG: checkyesno: sshd_svcj is set to NO.
+023020ms /etc/rc: DEBUG: checkyesno: rc_startmsgs is set to YES.
+023020ms Starting sshd.
+023020ms /etc/rc: DEBUG: checkyesno: sshd_svcj is set to NO.
+023020ms /etc/rc: DEBUG: run_rc_command: doit:  limits -C daemon   /usr/sbin/sshd  
+023033ms /etc/rc: DEBUG: run_rc_command: start_precmd: syscons_precmd 
+023048ms /etc/rc: DEBUG: checkyesno: sysctl_lastload_svcj is set to NO.
+023048ms /etc/rc: DEBUG: run_rc_command: doit:  /etc/rc.d/sysctl lastload 
+023147ms /etc/rc.d/sysctl: DEBUG: checkyesno: sysctl_svcj is set to NO.
+023162ms /etc/rc.d/sysctl: DEBUG: checkyesno: sysctl_svcj is set to NO.
+023162ms /etc/rc.d/sysctl: DEBUG: run_rc_command: doit:  sysctl_start last 
+023162ms /etc/rc: DEBUG: checkyesno: sendmail_enable is set to NO.
+023176ms /etc/rc: DEBUG: checkyesno: sendmail_submit_enable is set to NO.
+023223ms /etc/rc: DEBUG: checkyesno: sendmail_outbound_enable is set to NO.
+023237ms /etc/rc: DEBUG: checkyesno: sendmail_msp_queue_enable is set to NO.
+023280ms /etc/rc: DEBUG: checkyesno: sendmail_enable is set to NO.
+023280ms /etc/rc: DEBUG: checkyesno: cron_dst is set to YES.
+023280ms /etc/rc: DEBUG: checkyesno: cron_enable is set to YES.
+023296ms /etc/rc: DEBUG: checkyesno: cron_svcj is set to NO.
+023310ms /etc/rc: DEBUG: checkyesno: rc_startmsgs is set to YES.
+023310ms Starting cron.
+023310ms /etc/rc: DEBUG: checkyesno: cron_svcj is set to NO.
+023338ms /etc/rc: DEBUG: run_rc_command: doit:  limits -C daemon   /usr/sbin/cron  -s 
+023338ms /etc/rc: DEBUG: checkyesno: background_fsck is set to YES.
+023338ms /etc/rc: DEBUG: run_rc_command: start_precmd: bgfsck_start_precmd 
+023352ms /etc/rc: DEBUG: checkyesno: background_fsck_svcj is set to NO.
+023426ms /etc/rc: DEBUG: run_rc_command: doit:  bgfsck_start 
+023456ms /etc/rc: DEBUG: checkyesno: rc_startmsgs is set to YES.
+023456ms Starting background file system checks in 60 seconds.
+023456ms /etc/rc: DEBUG: checkyesno: jail_enable is set to NO.
+023456ms /etc/rc: DEBUG: checkyesno: kern_securelevel_enable is set to NO.
+023487ms Wed Sep 23 08:34:46 UTC 2026
+023502ms FreeBSD/arm64 (smolbsd-arm64) (ttyu0)
+023502ms login: 