+000187ms UEFI firmware (version edk2-stable202408-prebuilt.qemu.org built at 16:28:50 on Sep 12 2024)
+000342ms ArmTrngLib could not be correctly initialized.
+000342ms Error: Image at 0004FDB6000 start failed: 00000001
+000342ms Error: Image at 0004FD6D000 start failed: Not Found
+000446ms Error: Image at 0004FCBA000 start failed: Unsupported
+000459ms Error: Image at 0004FC3F000 start failed: Not Found
+000459ms Error: Image at 0004FB65000 start failed: Aborted
+000473ms Tpm2SubmitCommand - Tcg2 - Not Found
+000473ms Tpm2GetCapabilityPcrs fail!
+000473ms Tpm2SubmitCommand - Tcg2 - Not Found
+000525ms Image type X64 can't be loaded on AARCH64 UEFI system.
+000603ms BdsDxe: loading Boot0001 "UEFI Misc Device" from PciRoot(0x0)/Pci(0x2,0x0)
+000603ms BdsDxe: starting Boot0001 "UEFI Misc Device" from PciRoot(0x0)/Pci(0x2,0x0)
+000603ms Consoles: EFI console  
+000628ms     Reading loader env vars from /efi/freebsd/loader.env
+000628ms Setting currdev to disk0p1:
+000628ms FreeBSD/arm64 EFI loader, Revision 3.0
+000628ms    Command line arguments: loader.efi
+000628ms    Image base: 0x4c69e000
+000628ms    EFI version: 2.70
+000628ms    EFI Firmware: EDK II (rev 1.00)
+000628ms    Console: efi (0x1000)
+000640ms    Load Path: \EFI\BOOT\BOOTAA64.EFI
+000652ms    Load Device: PciRoot(0x0)/Pci(0x2,0x0)/HD(1,GPT,410F6650-49C6-11F1-067B-FF9D86F8DCED,0x22,0x10418)
+000652ms    BootCurrent: 0001
+000652ms    BootOrder: 0000 0001[*] 0002
+000652ms    BootInfo Path: PciRoot(0x0)/Pci(0x2,0x0)
+000652ms Ignoring Boot0001: Only one DP found
+000652ms Trying ESP: PciRoot(0x0)/Pci(0x2,0x0)/HD(1,GPT,410F6650-49C6-11F1-067B-FF9D86F8DCED,0x22,0x10418)
+000652ms Setting currdev to disk0p1:
+000652ms |Trying: PciRoot(0x0)/Pci(0x2,0x0)/HD(2,GPT,410F665A-49C6-11F1-1D08-61407E6AF4DA,0x1043A,0x100000)
+000652ms Setting currdev to disk0p2:
+000652ms /Trying: PciRoot(0x0)/Pci(0x2,0x0)/HD(3,GPT,410F665A-49C6-11F1-17A5-D14FFF7C5968,0x11043A,0x6EF800)
+000652ms Setting currdev to disk0p3:
+000781ms -\|/-\|/-\|/-\|/-\|/-\Loading /boot/defaults/loader.conf
+000781ms Loading /boot/defaults/loader.conf
+000781ms Loading /boot/device.hints
+000781ms Loading /boot/loader.conf
+000781ms console uart0 is unavailable
+000781ms no valid consoles!
+000781ms Available consoles:
+000781ms     efi
+000781ms     eficom
+000781ms |Loading /boot/loader.conf.local
+000807ms /?c-Loading kernel...
+000912ms \|/boot/kernel/kernel text=0x318 text=0x765f28 /-\|text=0x1979d0 data=0xfa660 /data=0x0+0x2bf000 0x8+0xf3b70+0x8+0xd6e2d-
+000912ms Loading configured modules...
+000925ms /boot/entropy size=0x1000
+000925ms \/etc/hostid size=0x25
+000925ms Booting [/boot/kernel/kernel]...               
+000925ms Loading splash ok
+000925ms No valid device tree blob found!
+000925ms WARNING! Trying to fire up the kernel, but no device tree blob found!
+000989ms ---<<BOOT>>---
+000989ms Copyright (c) 1992-2025 The FreeBSD Project.
+000989ms Copyright (c) 1979, 1980, 1983, 1986, 1988, 1989, 1991, 1992, 1993, 1994
+000989ms The Regents of the University of California. All rights reserved.
+000989ms FreeBSD is a registered trademark of The FreeBSD Foundation.
+000989ms FreeBSD 15.0-RELEASE-p5 releng/15.0-0730d5233286 SMOLBSD arm64
+000989ms FreeBSD clang version 19.1.7 (https://github.com/llvm/llvm-project.git llvmorg-19.1.7-0-gcd708029e0b2)
+001069ms VT: init without driver.
+001069ms real memory  = 268435456 (256 MB)
+001069ms avail memory = 236445696 (225 MB)
+001069ms Starting CPU 1 (1)
+001069ms FreeBSD/SMP: Multiprocessor System Detected: 2 CPUs
+001069ms random: unblocking device.
+001069ms random: entropy device external interface
+001086ms kbd0 at kbdmux0
+001086ms acpi0: <BOCHS BXPC>
+001086ms acpi0: Power Button (fixed)
+001086ms acpi0: Sleep Button (fixed)
+001086ms acpi0: Could not update all GPEs: AE_NOT_CONFIGURED
+001086ms psci0: <ARM Power State Co-ordination Interface Driver> on acpi0
+001086ms smccc0: <ARM SMCCC v1.0> on psci0
+001086ms gic0: <ARM Generic Interrupt Controller> iomem 0x8000000-0x8000fff,0x8010000-0x8010fff on acpi0
+001086ms gic0: pn 0x0, arch 0x2, rev 0x0, implementer 0x43b irqs 288
+001086ms gic0: frame: 0 8020000 1 64 80
+001086ms gicv2m0: <ARM Generic Interrupt Controller MSI/MSIX> mem 0x8020000-0x8020fff on gic0
+001098ms generic_timer0: <ARM Generic Timer> irq 34,35,36,37 on acpi0
+001098ms Timecounter "ARM MPCore Timecounter" frequency 24000000 Hz quality 1000
+001098ms Event timer "ARM MPCore Eventtimer" frequency 24000000 Hz quality 1000
+001098ms efirtc0: <EFI Realtime Clock>
+001112ms efirtc0: registered as a time-of-day clock, resolution 1.000000s
+001112ms smbios0: <System Management BIOS>
+001112ms smbios0: Entry point: v3 (64-bit), Version: 3.0
+001112ms pmu0: <Performance Monitoring Unit> on acpi0
+001112ms cpu0: <ACPI CPU> on acpi0
+001112ms uart0: <PrimeCell UART (PL011)> iomem 0x9000000-0x9000fff irq 0 on acpi0
+001112ms uart0: console (9600,n,8,1)
+001125ms pcib0: <Generic PCI host controller> on acpi0
+001125ms pci0: <ACPI PCI bus> on pcib0
+001125ms virtio_pci0: <VirtIO PCI (legacy) Network adapter> port 0x80-0x9f mem 0x8000000000-0x8000003fff at device 1.0 on pci0
+001125ms vtnet0: <VirtIO Networking Adapter> on virtio_pci0
+001125ms vtnet0: Ethernet address: 52:54:00:12:34:56
+001125ms vtnet0: netmap queues/slots: TX 1/256, RX 1/128
+001125ms 000.000060 [ 452] vtnet_netmap_attach       vtnet attached txq=1, txd=256 rxq=1, rxd=128
+001139ms virtio_pci1: <VirtIO PCI (legacy) Block adapter> mem 0x10040000-0x10040fff,0x8000004000-0x8000007fff at device 2.0 on pci0
+001139ms vtblk0: <VirtIO Block Adapter> on virtio_pci1
+001153ms vtblk0: 4095MB (8387712 512 byte sectors)
+001153ms acpi_ged0: <Generic Event Device> irq 33 on acpi0
+001153ms acpi_ged0: Raw IRQ 41
+001153ms acpi_button0: <Power Button> on acpi0
+001153ms armv8crypto0: <AES-CBC,AES-XTS,AES-GCM>
+001153ms Timecounters tick every 10.000 msec
+001164ms CPU  0: Apple Unknown CPU r0p0 (midr: 610f0000) affinity:  0
+001164ms                    Cache Type = <64 byte CWG,64 byte ERG,64 byte D-cacheline,PIPT I-cache,64 byte I-cacheline>
+001164ms  Instruction Set Attributes 0 = <TLBI-OSR,CondM-8.5,FHM,DP,SHA3,RDM,Atomic,CRC32,SHA2+SHA512,SHA1,AES+PMULL>
+001164ms  Instruction Set Attributes 1 = <PredInv v8.5,SB,FRINTTS,GPI,RCPC-8.4,FCMA,JSCVT,API EPAC,DCCVADP>
+001164ms  Instruction Set Attributes 2 = <>
+001164ms          Processor Features 0 = <CSV3,CSV2,PSTATE.DIT,RAS,AdvSIMD+HP,FP+HP,EL1,EL0>
+001164ms          Processor Features 1 = <MTE_frac>
+001164ms          Processor Features 2 = <>
+001164ms       Memory Model Features 0 = <ExS,TGran4,TGran16,8bit ASID,1TB PA>
+001164ms       Memory Model Features 1 = <XNX,SpecSEI,PAN+ATS1E1,LO,HPD+TTPBHA,8bit VMID>
+001164ms       Memory Model Features 2 = <E0PD,TTL,IDS,AT,32bit CCIDX,48bit VA,IESB,UAO,CnP>
+001164ms       Memory Model Features 3 = <>
+001164ms       Memory Model Features 4 = <>
+001164ms              Debug Features 0 = <DoubleLock,2 CTX BKPTs,4 Watchpoints,6 Breakpoints,Debugv8>
+001164ms              Debug Features 1 = <>
+001164ms          Auxiliary Features 0 = <>
+001164ms          Auxiliary Features 1 = <>
+001164ms AArch32 Instruction Set Attributes 5 = <>
+001164ms AArch32 Media and VFP Features 0 = <>
+001164ms AArch32 Media and VFP Features 1 = <>
+001164ms CPU  1: Apple Unknown CPU r0p0 (midr: 610f0000) affinity:  1
+001164ms gic0: using for IPIs
+001204ms Release APs...done
+001204ms Trying to mount root from ufs:/dev/gpt/rootfs [rw,noatime]...
+001689ms Setting hostuuid: 226909d5-2e00-4f8b-8ac2-219cb44b6f42.
+001689ms Setting hostid: 0x058ccd11.
+001730ms Starting file system checks:
+001756ms /dev/gpt/rootfs: FILE SYSTEM CLEAN; SKIPPING CHECKS
+001768ms /dev/gpt/rootfs: clean, 511767 free (23 frags, 63968 blocks, 0.0% fragmentation)
+001781ms /dev/gpt/efiboot0: FILESYSTEM CLEAN; SKIPPING CHECKS
+001873ms Mounting local filesystems:.
+002239ms ELF ldconfig path: /lib /usr/lib /usr/lib/compat
+002267ms Setting hostname: smolbsd-arm64.
+002340ms Setting up harvesting: RANDOMDEV,[CALLOUT],[UMA],[FS_ATIME],SWI,INTERRUPT,NET_NG,[NET_ETHER],NET_TUN,MOUSE,KEYBOARD,ATTACH,CACHED
+002396ms Feeding entropy: .
+002793ms lo0: link state changed to UP
+003137ms vtnet0: link state changed to UP
+003256ms Starting Network: lo0 vtnet0.
+003256ms lo0: flags=1008049<UP,LOOPBACK,RUNNING,MULTICAST,LOWER_UP> metric 0 mtu 16384
+003256ms options=680003<RXCSUM,TXCSUM,LINKSTATE,RXCSUM_IPV6,TXCSUM_IPV6>
+003256ms inet 127.0.0.1 netmask 0xff000000
+003256ms inet6 ::1 prefixlen 128
+003271ms inet6 fe80::1%lo0 prefixlen 64 scopeid 0x2
+003271ms groups: lo
+003286ms nd6 options=21<PERFORMNUD,AUTO_LINKLOCAL>
+003286ms vtnet0: flags=1008843<UP,BROADCAST,RUNNING,SIMPLEX,MULTICAST,LOWER_UP> metric 0 mtu 1500
+003300ms options=880028<VLAN_MTU,JUMBO_MTU,LINKSTATE,HWSTATS>
+003300ms ether 52:54:00:12:34:56
+003342ms media: Ethernet autoselect (10Gbase-T <full-duplex>)
+003342ms status: active
+003355ms nd6 options=29<PERFORMNUD,IFDISABLED,AUTO_LINKLOCAL>
+003651ms Starting devd.
+010573ms Starting dhclient.
+011806ms Waiting 30s for the default route interface: (vtnet0)
+011851ms route: message indicates error: File exists
+011851ms add host 127.0.0.1: gateway lo0 fib 0: route already in table
+012225ms route: message indicates error: File exists
+012225ms add host ::1: gateway lo0 fib 0: route already in table
+012242ms add net fe80::: gateway ::1
+012255ms add net ff02::: gateway ::1
+012271ms add net ::ffff:0.0.0.0: gateway ::1
+012271ms add net ::0.0.0.0: gateway ::1
+012603ms Clearing /tmp (X related).
+013148ms Updating motd:.
+013500ms Updating /var/run/os-release done.
+013615ms Creating and/or trimming log files.
+013658ms Starting syslogd.
+014247ms Mounting late filesystems:.
+014560ms Performing sanity check on sshd configuration.
+014792ms Starting sshd.
+014915ms Starting cron.
+014928ms Starting background file system checks in 60 seconds.
+014953ms Wed Sep 23 08:32:55 UTC 
+014953ms FreeBSD/arm64 (smolbsd-arm64) (ttyu0)
+014953ms login: 