SMOLFIRE_METRIC recovery_ns=312081
SMOLFIRE_METRIC recovery_records=0
SMOLFIRE_METRIC recovery_bad_tail=0
SMOLFIRE_METRIC recovery_bytes_scanned=0
SMOLFIRE_METRIC recovery_wall_from_main_ns=412081
SMOLFIRE_METRIC ops=2000
SMOLFIRE_METRIC recsize_bytes=4096
SMOLFIRE_METRIC bytes_written_payload=8192000
SMOLFIRE_METRIC bytes_written_block=8257536
SMOLFIRE_METRIC wall_ns=8565771835
SMOLFIRE_METRIC cpu_ns=1891450219
SMOLFIRE_METRIC cpu_ns_per_op=945725
SMOLFIRE_METRIC cycles=0
SMOLFIRE_METRIC cycles_per_op=0
SMOLFIRE_METRIC cycles_available=0
SMOLFIRE_METRIC ops_per_s_one_outstanding=233
SMOLFIRE_METRIC rss_kb=7084
SMOLFIRE_METRIC maxrss_kb=6788
SMOLFIRE_METRIC fsync_fallback=0
SMOLFIRE_METRIC sync_enabled=1
SMOLFIRE_METRIC construct_min_ns=156510
SMOLFIRE_METRIC construct_p50_ns=196790
SMOLFIRE_METRIC construct_p95_ns=298751
SMOLFIRE_METRIC construct_p99_ns=495832
SMOLFIRE_METRIC construct_max_ns=2892159
SMOLFIRE_METRIC construct_mean_ns=220488
SMOLFIRE_METRIC append_min_ns=2449978
SMOLFIRE_METRIC append_p50_ns=2942099
SMOLFIRE_METRIC append_p95_ns=9967932
SMOLFIRE_METRIC append_p99_ns=12123739
SMOLFIRE_METRIC append_max_ns=19292711
SMOLFIRE_METRIC append_mean_ns=3966729
SMOLFIRE_METRIC durable_min_ns=31120
SMOLFIRE_METRIC durable_p50_ns=42710
SMOLFIRE_METRIC durable_p95_ns=87861
SMOLFIRE_METRIC durable_p99_ns=121471
SMOLFIRE_METRIC durable_max_ns=2981029
SMOLFIRE_METRIC durable_mean_ns=54907
SMOLFIRE_METRIC publish_min_ns=6410
SMOLFIRE_METRIC publish_p50_ns=7970
SMOLFIRE_METRIC publish_p95_ns=23970
SMOLFIRE_METRIC publish_p99_ns=43181
SMOLFIRE_METRIC publish_max_ns=126040
SMOLFIRE_METRIC publish_mean_ns=10198
SMOLFIRE_METRIC total_min_ns=2692379
SMOLFIRE_METRIC total_p50_ns=3232191
SMOLFIRE_METRIC total_p95_ns=10204792
SMOLFIRE_METRIC total_p99_ns=12551480
SMOLFIRE_METRIC total_max_ns=19515002
SMOLFIRE_METRIC total_mean_ns=4252323
{"schema": "smolfire.durable-commit-bench/v1", "mode": "append", "ops": 2000, "recsize": 4096, "epoch": 1, "durable_seq": 2000, "visible_seq": 2000, "wall_ns": 8565771835, "cpu_ns": 1891450219, "cycles": 0, "cycles_available": false, "bytes_payload": 8192000, "bytes_block": 8257536, "rss_kb": 7084, "maxrss_kb": 6788, "sync": 1, "fsync_fallback": 0, "phases": {"construct": {"min": 156510, "p50": 196790, "p95": 298751, "p99": 495832, "max": 2892159, "mean": 220488}, "append": {"min": 2449978, "p50": 2942099, "p95": 9967932, "p99": 12123739, "max": 19292711, "mean": 3966729}, "durable": {"min": 31120, "p50": 42710, "p95": 87861, "p99": 121471, "max": 2981029, "mean": 54907}, "publish": {"min": 6410, "p50": 7970, "p95": 23970, "p99": 43181, "max": 126040, "mean": 10198}, "total": {"min": 2692379, "p50": 3232191, "p95": 10204792, "p99": 12551480, "max": 19515002, "mean": 4252323}}}
run_wall_ns=8568750765
