SMOLFIRE_METRIC recovery_ns=121791
SMOLFIRE_METRIC recovery_records=0
SMOLFIRE_METRIC recovery_bad_tail=0
SMOLFIRE_METRIC recovery_bytes_scanned=0
SMOLFIRE_METRIC recovery_wall_from_main_ns=221791
SMOLFIRE_METRIC ops=2000
SMOLFIRE_METRIC recsize_bytes=4096
SMOLFIRE_METRIC bytes_written_payload=8192000
SMOLFIRE_METRIC bytes_written_block=8192000
SMOLFIRE_METRIC wall_ns=469877353
SMOLFIRE_METRIC cpu_ns=456654270
SMOLFIRE_METRIC cpu_ns_per_op=228327
SMOLFIRE_METRIC cycles=0
SMOLFIRE_METRIC cycles_per_op=0
SMOLFIRE_METRIC cycles_available=0
SMOLFIRE_METRIC ops_per_s_one_outstanding=4256
SMOLFIRE_METRIC rss_kb=6984
SMOLFIRE_METRIC maxrss_kb=6900
SMOLFIRE_METRIC fsync_fallback=0
SMOLFIRE_METRIC sync_enabled=1
SMOLFIRE_METRIC construct_min_ns=93311
SMOLFIRE_METRIC construct_p50_ns=104451
SMOLFIRE_METRIC construct_p95_ns=174611
SMOLFIRE_METRIC construct_p99_ns=258001
SMOLFIRE_METRIC construct_max_ns=1034373
SMOLFIRE_METRIC construct_mean_ns=119829
SMOLFIRE_METRIC append_min_ns=49140
SMOLFIRE_METRIC append_p50_ns=58590
SMOLFIRE_METRIC append_p95_ns=122230
SMOLFIRE_METRIC append_p99_ns=187990
SMOLFIRE_METRIC append_max_ns=1241764
SMOLFIRE_METRIC append_mean_ns=72699
SMOLFIRE_METRIC durable_min_ns=12940
SMOLFIRE_METRIC durable_p50_ns=14740
SMOLFIRE_METRIC durable_p95_ns=23540
SMOLFIRE_METRIC durable_p99_ns=53280
SMOLFIRE_METRIC durable_max_ns=551102
SMOLFIRE_METRIC durable_mean_ns=17626
SMOLFIRE_METRIC publish_min_ns=5560
SMOLFIRE_METRIC publish_p50_ns=6250
SMOLFIRE_METRIC publish_p95_ns=7700
SMOLFIRE_METRIC publish_p99_ns=10940
SMOLFIRE_METRIC publish_max_ns=185061
SMOLFIRE_METRIC publish_mean_ns=6805
SMOLFIRE_METRIC total_min_ns=162331
SMOLFIRE_METRIC total_p50_ns=188851
SMOLFIRE_METRIC total_p95_ns=330881
SMOLFIRE_METRIC total_p99_ns=521462
SMOLFIRE_METRIC total_max_ns=2075737
SMOLFIRE_METRIC total_mean_ns=216960
{"schema": "smolfire.durable-commit-bench/v1", "mode": "append", "ops": 2000, "recsize": 4096, "epoch": 1, "durable_seq": 2000, "visible_seq": 2000, "wall_ns": 469877353, "cpu_ns": 456654270, "cycles": 0, "cycles_available": false, "bytes_payload": 8192000, "bytes_block": 8192000, "rss_kb": 6984, "maxrss_kb": 6900, "sync": 1, "fsync_fallback": 0, "phases": {"construct": {"min": 93311, "p50": 104451, "p95": 174611, "p99": 258001, "max": 1034373, "mean": 119829}, "append": {"min": 49140, "p50": 58590, "p95": 122230, "p99": 187990, "max": 1241764, "mean": 72699}, "durable": {"min": 12940, "p50": 14740, "p95": 23540, "p99": 53280, "max": 551102, "mean": 17626}, "publish": {"min": 5560, "p50": 6250, "p95": 7700, "p99": 10940, "max": 185061, "mean": 6805}, "total": {"min": 162331, "p50": 188851, "p95": 330881, "p99": 521462, "max": 2075737, "mean": 216960}}}
run_wall_ns=470300374
