SMOLFIRE_METRIC recovery_ns=70191
SMOLFIRE_METRIC recovery_records=0
SMOLFIRE_METRIC recovery_bad_tail=0
SMOLFIRE_METRIC recovery_bytes_scanned=0
SMOLFIRE_METRIC recovery_wall_from_main_ns=301817
SMOLFIRE_METRIC ops=5000
SMOLFIRE_METRIC recsize_bytes=4096
SMOLFIRE_METRIC bytes_written_payload=20480000
SMOLFIRE_METRIC bytes_written_block=20516864
SMOLFIRE_METRIC wall_ns=12638327493
SMOLFIRE_METRIC cpu_ns=2380200270
SMOLFIRE_METRIC cpu_ns_per_op=476040
SMOLFIRE_METRIC cycles=0
SMOLFIRE_METRIC cycles_per_op=0
SMOLFIRE_METRIC cycles_available=0
SMOLFIRE_METRIC ops_per_s_one_outstanding=395
SMOLFIRE_METRIC rss_kb=628
SMOLFIRE_METRIC maxrss_kb=1700
SMOLFIRE_METRIC fsync_fallback=0
SMOLFIRE_METRIC sync_enabled=1
SMOLFIRE_METRIC construct_p50_ns=267424
SMOLFIRE_METRIC construct_p95_ns=335069
SMOLFIRE_METRIC construct_p99_ns=1025143
SMOLFIRE_METRIC construct_min_ns=231575
SMOLFIRE_METRIC construct_max_ns=2778041
SMOLFIRE_METRIC construct_mean_ns=291780
SMOLFIRE_METRIC append_p50_ns=1429924
SMOLFIRE_METRIC append_p95_ns=3336486
SMOLFIRE_METRIC append_p99_ns=33012905
SMOLFIRE_METRIC append_min_ns=997092
SMOLFIRE_METRIC append_max_ns=75335458
SMOLFIRE_METRIC append_mean_ns=2221124
SMOLFIRE_METRIC durable_p50_ns=7851
SMOLFIRE_METRIC durable_p95_ns=22091
SMOLFIRE_METRIC durable_p99_ns=33511
SMOLFIRE_METRIC durable_min_ns=5950
SMOLFIRE_METRIC durable_max_ns=1733289
SMOLFIRE_METRIC durable_mean_ns=10423
SMOLFIRE_METRIC publish_p50_ns=1540
SMOLFIRE_METRIC publish_p95_ns=2140
SMOLFIRE_METRIC publish_p99_ns=15911
SMOLFIRE_METRIC publish_min_ns=1110
SMOLFIRE_METRIC publish_max_ns=62843
SMOLFIRE_METRIC publish_mean_ns=1889
SMOLFIRE_METRIC total_p50_ns=1713052
SMOLFIRE_METRIC total_p95_ns=3635409
SMOLFIRE_METRIC total_p99_ns=33289389
SMOLFIRE_METRIC total_min_ns=1248217
SMOLFIRE_METRIC total_max_ns=75628524
SMOLFIRE_METRIC total_mean_ns=2525218
{"schema":"smolfire.durable-commit-bench/v1","mode":"append","ops":5000,"recsize":4096,"epoch":1,"durable_seq":5000,"visible_seq":5000,"wall_ns":12638327493,"cpu_ns":2380200270,"cycles":0,"cycles_available":false,"bytes_payload":20480000,"bytes_block":20516864,"rss_kb":628,"maxrss_kb":1700,"sync":1,"fsync_fallback":0,"phases":{"construct":{"min":231575,"p50":267424,"p95":335069,"p99":1025143,"max":2778041,"mean":291780},"append":{"min":997092,"p50":1429924,"p95":3336486,"p99":33012905,"max":75335458,"mean":2221124},"durable":{"min":5950,"p50":7851,"p95":22091,"p99":33511,"max":1733289,"mean":10423},"publish":{"min":1110,"p50":1540,"p95":2140,"p99":15911,"max":62843,"mean":1889},"total":{"min":1248217,"p50":1713052,"p95":3635409,"p99":33289389,"max":75628524,"mean":2525218}}}
run_wall_ns=12675957996
