SMOLFIRE_METRIC recovery_ns=69378
SMOLFIRE_METRIC recovery_records=0
SMOLFIRE_METRIC recovery_bad_tail=0
SMOLFIRE_METRIC recovery_bytes_scanned=0
SMOLFIRE_METRIC recovery_wall_from_main_ns=313212
SMOLFIRE_METRIC ops=5000
SMOLFIRE_METRIC recsize_bytes=4096
SMOLFIRE_METRIC bytes_written_payload=20480000
SMOLFIRE_METRIC bytes_written_block=20508672
SMOLFIRE_METRIC wall_ns=13595589386
SMOLFIRE_METRIC cpu_ns=2371586380
SMOLFIRE_METRIC cpu_ns_per_op=474317
SMOLFIRE_METRIC cycles=0
SMOLFIRE_METRIC cycles_per_op=0
SMOLFIRE_METRIC cycles_available=0
SMOLFIRE_METRIC ops_per_s_one_outstanding=367
SMOLFIRE_METRIC rss_kb=628
SMOLFIRE_METRIC maxrss_kb=1660
SMOLFIRE_METRIC fsync_fallback=0
SMOLFIRE_METRIC sync_enabled=1
SMOLFIRE_METRIC construct_p50_ns=265564
SMOLFIRE_METRIC construct_p95_ns=344534
SMOLFIRE_METRIC construct_p99_ns=1928279
SMOLFIRE_METRIC construct_min_ns=231515
SMOLFIRE_METRIC construct_max_ns=2903174
SMOLFIRE_METRIC construct_mean_ns=299316
SMOLFIRE_METRIC append_p50_ns=1441821
SMOLFIRE_METRIC append_p95_ns=3627049
SMOLFIRE_METRIC append_p99_ns=32700009
SMOLFIRE_METRIC append_min_ns=1144099
SMOLFIRE_METRIC append_max_ns=74580997
SMOLFIRE_METRIC append_mean_ns=2403872
SMOLFIRE_METRIC durable_p50_ns=7939
SMOLFIRE_METRIC durable_p95_ns=21780
SMOLFIRE_METRIC durable_p99_ns=33719
SMOLFIRE_METRIC durable_min_ns=6079
SMOLFIRE_METRIC durable_max_ns=1758360
SMOLFIRE_METRIC durable_mean_ns=11822
SMOLFIRE_METRIC publish_p50_ns=1530
SMOLFIRE_METRIC publish_p95_ns=2070
SMOLFIRE_METRIC publish_p99_ns=13850
SMOLFIRE_METRIC publish_min_ns=1090
SMOLFIRE_METRIC publish_max_ns=125928
SMOLFIRE_METRIC publish_mean_ns=1820
SMOLFIRE_METRIC total_p50_ns=1727095
SMOLFIRE_METRIC total_p95_ns=3969641
SMOLFIRE_METRIC total_p99_ns=32962322
SMOLFIRE_METRIC total_min_ns=1401638
SMOLFIRE_METRIC total_max_ns=74900408
SMOLFIRE_METRIC total_mean_ns=2716831
{"schema":"smolfire.durable-commit-bench/v1","mode":"append","ops":5000,"recsize":4096,"epoch":1,"durable_seq":5000,"visible_seq":5000,"wall_ns":13595589386,"cpu_ns":2371586380,"cycles":0,"cycles_available":false,"bytes_payload":20480000,"bytes_block":20508672,"rss_kb":628,"maxrss_kb":1660,"sync":1,"fsync_fallback":0,"phases":{"construct":{"min":231515,"p50":265564,"p95":344534,"p99":1928279,"max":2903174,"mean":299316},"append":{"min":1144099,"p50":1441821,"p95":3627049,"p99":32700009,"max":74580997,"mean":2403872},"durable":{"min":6079,"p50":7939,"p95":21780,"p99":33719,"max":1758360,"mean":11822},"publish":{"min":1090,"p50":1530,"p95":2070,"p99":13850,"max":125928,"mean":1820},"total":{"min":1401638,"p50":1727095,"p95":3969641,"p99":32962322,"max":74900408,"mean":2716831}}}
run_wall_ns=13634649801
