SMOLFIRE_METRIC recovery_ns=29852
SMOLFIRE_METRIC recovery_records=0
SMOLFIRE_METRIC recovery_bad_tail=0
SMOLFIRE_METRIC recovery_bytes_scanned=0
SMOLFIRE_METRIC recovery_wall_from_main_ns=201380
SMOLFIRE_METRIC ops=10000
SMOLFIRE_METRIC recsize_bytes=64
SMOLFIRE_METRIC bytes_written_payload=640000
SMOLFIRE_METRIC bytes_written_block=41000960
SMOLFIRE_METRIC wall_ns=16310296515
SMOLFIRE_METRIC cpu_ns=1544857330
SMOLFIRE_METRIC cpu_ns_per_op=154485
SMOLFIRE_METRIC cycles=0
SMOLFIRE_METRIC cycles_per_op=0
SMOLFIRE_METRIC cycles_available=0
SMOLFIRE_METRIC ops_per_s_one_outstanding=613
SMOLFIRE_METRIC rss_kb=816
SMOLFIRE_METRIC maxrss_kb=1700
SMOLFIRE_METRIC fsync_fallback=0
SMOLFIRE_METRIC sync_enabled=0
SMOLFIRE_METRIC construct_p50_ns=4630
SMOLFIRE_METRIC construct_p95_ns=12921
SMOLFIRE_METRIC construct_p99_ns=24341
SMOLFIRE_METRIC construct_min_ns=4590
SMOLFIRE_METRIC construct_max_ns=147765
SMOLFIRE_METRIC construct_mean_ns=5507
SMOLFIRE_METRIC append_p50_ns=1268702
SMOLFIRE_METRIC append_p95_ns=3927705
SMOLFIRE_METRIC append_p99_ns=8134456
SMOLFIRE_METRIC append_min_ns=1025089
SMOLFIRE_METRIC append_max_ns=32062229
SMOLFIRE_METRIC append_mean_ns=1619856
SMOLFIRE_METRIC durable_p50_ns=1690
SMOLFIRE_METRIC durable_p95_ns=2370
SMOLFIRE_METRIC durable_p99_ns=14840
SMOLFIRE_METRIC durable_min_ns=1360
SMOLFIRE_METRIC durable_max_ns=97023
SMOLFIRE_METRIC durable_mean_ns=2038
SMOLFIRE_METRIC publish_p50_ns=1220
SMOLFIRE_METRIC publish_p95_ns=1810
SMOLFIRE_METRIC publish_p99_ns=12471
SMOLFIRE_METRIC publish_min_ns=1070
SMOLFIRE_METRIC publish_max_ns=41611
SMOLFIRE_METRIC publish_mean_ns=1538
SMOLFIRE_METRIC total_p50_ns=1277674
SMOLFIRE_METRIC total_p95_ns=3935265
SMOLFIRE_METRIC total_p99_ns=8142667
SMOLFIRE_METRIC total_min_ns=1032469
SMOLFIRE_METRIC total_max_ns=32071099
SMOLFIRE_METRIC total_mean_ns=1628939
{"schema":"smolfire.durable-commit-bench/v1","mode":"append","ops":10000,"recsize":64,"epoch":1,"durable_seq":10000,"visible_seq":10000,"wall_ns":16310296515,"cpu_ns":1544857330,"cycles":0,"cycles_available":false,"bytes_payload":640000,"bytes_block":41000960,"rss_kb":816,"maxrss_kb":1700,"sync":0,"fsync_fallback":0,"phases":{"construct":{"min":4590,"p50":4630,"p95":12921,"p99":24341,"max":147765,"mean":5507},"append":{"min":1025089,"p50":1268702,"p95":3927705,"p99":8134456,"max":32062229,"mean":1619856},"durable":{"min":1360,"p50":1690,"p95":2370,"p99":14840,"max":97023,"mean":2038},"publish":{"min":1070,"p50":1220,"p95":1810,"p99":12471,"max":41611,"mean":1538},"total":{"min":1032469,"p50":1277674,"p95":3935265,"p99":8142667,"max":32071099,"mean":1628939}}}
run_wall_ns=16364275936
