SMOLFIRE_METRIC recovery_ns=45402
SMOLFIRE_METRIC recovery_records=0
SMOLFIRE_METRIC recovery_bad_tail=0
SMOLFIRE_METRIC recovery_bytes_scanned=0
SMOLFIRE_METRIC recovery_wall_from_main_ns=529244
SMOLFIRE_METRIC ops=10000
SMOLFIRE_METRIC recsize_bytes=64
SMOLFIRE_METRIC bytes_written_payload=640000
SMOLFIRE_METRIC bytes_written_block=41005056
SMOLFIRE_METRIC wall_ns=14749401326
SMOLFIRE_METRIC cpu_ns=1611838820
SMOLFIRE_METRIC cpu_ns_per_op=161183
SMOLFIRE_METRIC cycles=0
SMOLFIRE_METRIC cycles_per_op=0
SMOLFIRE_METRIC cycles_available=0
SMOLFIRE_METRIC ops_per_s_one_outstanding=677
SMOLFIRE_METRIC rss_kb=816
SMOLFIRE_METRIC maxrss_kb=1692
SMOLFIRE_METRIC fsync_fallback=0
SMOLFIRE_METRIC sync_enabled=1
SMOLFIRE_METRIC construct_p50_ns=4630
SMOLFIRE_METRIC construct_p95_ns=13400
SMOLFIRE_METRIC construct_p99_ns=26001
SMOLFIRE_METRIC construct_min_ns=4590
SMOLFIRE_METRIC construct_max_ns=102325
SMOLFIRE_METRIC construct_mean_ns=5584
SMOLFIRE_METRIC append_p50_ns=1226748
SMOLFIRE_METRIC append_p95_ns=1485571
SMOLFIRE_METRIC append_p99_ns=2807798
SMOLFIRE_METRIC append_min_ns=802078
SMOLFIRE_METRIC append_max_ns=64649996
SMOLFIRE_METRIC append_mean_ns=1456243
SMOLFIRE_METRIC durable_p50_ns=7540
SMOLFIRE_METRIC durable_p95_ns=21671
SMOLFIRE_METRIC durable_p99_ns=33791
SMOLFIRE_METRIC durable_min_ns=5870
SMOLFIRE_METRIC durable_max_ns=127975
SMOLFIRE_METRIC durable_mean_ns=9367
SMOLFIRE_METRIC publish_p50_ns=1270
SMOLFIRE_METRIC publish_p95_ns=2040
SMOLFIRE_METRIC publish_p99_ns=14080
SMOLFIRE_METRIC publish_min_ns=1050
SMOLFIRE_METRIC publish_max_ns=109194
SMOLFIRE_METRIC publish_mean_ns=1668
SMOLFIRE_METRIC total_p50_ns=1242872
SMOLFIRE_METRIC total_p95_ns=1502932
SMOLFIRE_METRIC total_p99_ns=2824119
SMOLFIRE_METRIC total_min_ns=814098
SMOLFIRE_METRIC total_max_ns=64666826
SMOLFIRE_METRIC total_mean_ns=1472863
{"schema":"smolfire.durable-commit-bench/v1","mode":"append","ops":10000,"recsize":64,"epoch":1,"durable_seq":10000,"visible_seq":10000,"wall_ns":14749401326,"cpu_ns":1611838820,"cycles":0,"cycles_available":false,"bytes_payload":640000,"bytes_block":41005056,"rss_kb":816,"maxrss_kb":1692,"sync":1,"fsync_fallback":0,"phases":{"construct":{"min":4590,"p50":4630,"p95":13400,"p99":26001,"max":102325,"mean":5584},"append":{"min":802078,"p50":1226748,"p95":1485571,"p99":2807798,"max":64649996,"mean":1456243},"durable":{"min":5870,"p50":7540,"p95":21671,"p99":33791,"max":127975,"mean":9367},"publish":{"min":1050,"p50":1270,"p95":2040,"p99":14080,"max":109194,"mean":1668},"total":{"min":814098,"p50":1242872,"p95":1502932,"p99":2824119,"max":64666826,"mean":1472863}}}
run_wall_ns=14809208989
