SMOLFIRE_METRIC recovery_ns=31011
SMOLFIRE_METRIC recovery_records=0
SMOLFIRE_METRIC recovery_bad_tail=0
SMOLFIRE_METRIC recovery_bytes_scanned=0
SMOLFIRE_METRIC recovery_wall_from_main_ns=199536
SMOLFIRE_METRIC ops=10000
SMOLFIRE_METRIC recsize_bytes=64
SMOLFIRE_METRIC bytes_written_payload=640000
SMOLFIRE_METRIC bytes_written_block=40960000
SMOLFIRE_METRIC wall_ns=15846633438
SMOLFIRE_METRIC cpu_ns=1263948570
SMOLFIRE_METRIC cpu_ns_per_op=126394
SMOLFIRE_METRIC cycles=0
SMOLFIRE_METRIC cycles_per_op=0
SMOLFIRE_METRIC cycles_available=0
SMOLFIRE_METRIC ops_per_s_one_outstanding=631
SMOLFIRE_METRIC rss_kb=816
SMOLFIRE_METRIC maxrss_kb=1700
SMOLFIRE_METRIC fsync_fallback=0
SMOLFIRE_METRIC sync_enabled=1
SMOLFIRE_METRIC construct_p50_ns=4630
SMOLFIRE_METRIC construct_p95_ns=11611
SMOLFIRE_METRIC construct_p99_ns=24111
SMOLFIRE_METRIC construct_min_ns=4590
SMOLFIRE_METRIC construct_max_ns=115824
SMOLFIRE_METRIC construct_mean_ns=5386
SMOLFIRE_METRIC append_p50_ns=1163109
SMOLFIRE_METRIC append_p95_ns=1454670
SMOLFIRE_METRIC append_p99_ns=7860723
SMOLFIRE_METRIC append_min_ns=755829
SMOLFIRE_METRIC append_max_ns=64600504
SMOLFIRE_METRIC append_mean_ns=1565326
SMOLFIRE_METRIC durable_p50_ns=8280
SMOLFIRE_METRIC durable_p95_ns=21801
SMOLFIRE_METRIC durable_p99_ns=35081
SMOLFIRE_METRIC durable_min_ns=6170
SMOLFIRE_METRIC durable_max_ns=135663
SMOLFIRE_METRIC durable_mean_ns=10247
SMOLFIRE_METRIC publish_p50_ns=1230
SMOLFIRE_METRIC publish_p95_ns=1850
SMOLFIRE_METRIC publish_p99_ns=11711
SMOLFIRE_METRIC publish_min_ns=1080
SMOLFIRE_METRIC publish_max_ns=96993
SMOLFIRE_METRIC publish_mean_ns=1565
SMOLFIRE_METRIC total_p50_ns=1180450
SMOLFIRE_METRIC total_p95_ns=1475871
SMOLFIRE_METRIC total_p99_ns=7878813
SMOLFIRE_METRIC total_min_ns=769160
SMOLFIRE_METRIC total_max_ns=64618915
SMOLFIRE_METRIC total_mean_ns=1582526
{"schema":"smolfire.durable-commit-bench/v1","mode":"prealloc","ops":10000,"recsize":64,"epoch":1,"durable_seq":10000,"visible_seq":10000,"wall_ns":15846633438,"cpu_ns":1263948570,"cycles":0,"cycles_available":false,"bytes_payload":640000,"bytes_block":40960000,"rss_kb":816,"maxrss_kb":1700,"sync":1,"fsync_fallback":0,"phases":{"construct":{"min":4590,"p50":4630,"p95":11611,"p99":24111,"max":115824,"mean":5386},"append":{"min":755829,"p50":1163109,"p95":1454670,"p99":7860723,"max":64600504,"mean":1565326},"durable":{"min":6170,"p50":8280,"p95":21801,"p99":35081,"max":135663,"mean":10247},"publish":{"min":1080,"p50":1230,"p95":1850,"p99":11711,"max":96993,"mean":1565},"total":{"min":769160,"p50":1180450,"p95":1475871,"p99":7878813,"max":64618915,"mean":1582526}}}
run_wall_ns=15986230507
