SMOLFIRE_METRIC recovery_ns=9960
SMOLFIRE_METRIC recovery_records=0
SMOLFIRE_METRIC recovery_bad_tail=0
SMOLFIRE_METRIC recovery_bytes_scanned=0
SMOLFIRE_METRIC recovery_wall_from_main_ns=110803
SMOLFIRE_METRIC ops=10000
SMOLFIRE_METRIC recsize_bytes=64
SMOLFIRE_METRIC bytes_written_payload=640000
SMOLFIRE_METRIC bytes_written_block=0
SMOLFIRE_METRIC wall_ns=151100205
SMOLFIRE_METRIC cpu_ns=143939310
SMOLFIRE_METRIC cpu_ns_per_op=14393
SMOLFIRE_METRIC cycles=0
SMOLFIRE_METRIC cycles_per_op=0
SMOLFIRE_METRIC cycles_available=0
SMOLFIRE_METRIC ops_per_s_one_outstanding=66181
SMOLFIRE_METRIC rss_kb=816
SMOLFIRE_METRIC maxrss_kb=1640
SMOLFIRE_METRIC fsync_fallback=0
SMOLFIRE_METRIC sync_enabled=1
SMOLFIRE_METRIC construct_p50_ns=4560
SMOLFIRE_METRIC construct_p95_ns=4610
SMOLFIRE_METRIC construct_p99_ns=14841
SMOLFIRE_METRIC construct_min_ns=4550
SMOLFIRE_METRIC construct_max_ns=1677980
SMOLFIRE_METRIC construct_mean_ns=5008
SMOLFIRE_METRIC append_p50_ns=4670
SMOLFIRE_METRIC append_p95_ns=7611
SMOLFIRE_METRIC append_p99_ns=20420
SMOLFIRE_METRIC append_min_ns=4420
SMOLFIRE_METRIC append_max_ns=2263827
SMOLFIRE_METRIC append_mean_ns=5792
SMOLFIRE_METRIC durable_p50_ns=1801
SMOLFIRE_METRIC durable_p95_ns=2010
SMOLFIRE_METRIC durable_p99_ns=3251
SMOLFIRE_METRIC durable_min_ns=1650
SMOLFIRE_METRIC durable_max_ns=128354
SMOLFIRE_METRIC durable_mean_ns=1943
SMOLFIRE_METRIC publish_p50_ns=1080
SMOLFIRE_METRIC publish_p95_ns=1160
SMOLFIRE_METRIC publish_p99_ns=1300
SMOLFIRE_METRIC publish_min_ns=1020
SMOLFIRE_METRIC publish_max_ns=41621
SMOLFIRE_METRIC publish_mean_ns=1125
SMOLFIRE_METRIC total_p50_ns=12121
SMOLFIRE_METRIC total_p95_ns=18340
SMOLFIRE_METRIC total_p99_ns=35622
SMOLFIRE_METRIC total_min_ns=11820
SMOLFIRE_METRIC total_max_ns=2276419
SMOLFIRE_METRIC total_mean_ns=13868
{"schema":"smolfire.durable-commit-bench/v1","mode":"append","ops":10000,"recsize":64,"epoch":1,"durable_seq":10000,"visible_seq":10000,"wall_ns":151100205,"cpu_ns":143939310,"cycles":0,"cycles_available":false,"bytes_payload":640000,"bytes_block":0,"rss_kb":816,"maxrss_kb":1640,"sync":1,"fsync_fallback":0,"phases":{"construct":{"min":4550,"p50":4560,"p95":4610,"p99":14841,"max":1677980,"mean":5008},"append":{"min":4420,"p50":4670,"p95":7611,"p99":20420,"max":2263827,"mean":5792},"durable":{"min":1650,"p50":1801,"p95":2010,"p99":3251,"max":128354,"mean":1943},"publish":{"min":1020,"p50":1080,"p95":1160,"p99":1300,"max":41621,"mean":1125},"total":{"min":11820,"p50":12121,"p95":18340,"p99":35622,"max":2276419,"mean":13868}}}
run_wall_ns=198310532
