+000129ms UEFI firmware (version edk2-stable202408-prebuilt.qemu.org built at 16:28:50 on Sep 12 2024)
+000239ms ArmTrngLib could not be correctly initialized.
+000239ms Error: Image at 0004FDB6000 start failed: 00000001
+000239ms Error: Image at 0004FD6D000 start failed: Not Found
+000265ms Error: Image at 0004FCBA000 start failed: Unsupported
+000265ms Error: Image at 0004FC3F000 start failed: Not Found
+000265ms Error: Image at 0004FB65000 start failed: Aborted
+000278ms Tpm2SubmitCommand - Tcg2 - Not Found
+000278ms Tpm2GetCapabilityPcrs fail!
+000278ms Tpm2SubmitCommand - Tcg2 - Not Found
+005368ms BdsDxe: loading Boot0001 "UEFI Misc Device" from PciRoot(0x0)/Pci(0x1,0x0)
+005368ms BdsDxe: starting Boot0001 "UEFI Misc Device" from PciRoot(0x0)/Pci(0x1,0x0)
+005368ms Consoles: EFI console  
+005380ms     Reading loader env vars from /efi/freebsd/loader.env
+005380ms Setting currdev to disk0p1:
+005380ms FreeBSD/arm64 EFI loader, Revision 3.0
+005380ms    Command line arguments: loader.efi
+005380ms    Image base: 0x4c69e000
+005380ms    EFI version: 2.70
+005391ms    EFI Firmware: EDK II (rev 1.00)
+005391ms    Console: efi (0x1000)
+005391ms    Load Path: \EFI\BOOT\BOOTAA64.EFI
+005391ms    Load Device: PciRoot(0x0)/Pci(0x1,0x0)/HD(1,GPT,410F6650-49C6-11F1-067B-FF9D86F8DCED,0x22,0x10418)
+005391ms    BootCurrent: 0001
+005391ms    BootOrder: 0000 0001[*] 0002
+005391ms    BootInfo Path: PciRoot(0x0)/Pci(0x1,0x0)
+005391ms Ignoring Boot0001: Only one DP found
+005391ms Trying ESP: PciRoot(0x0)/Pci(0x1,0x0)/HD(1,GPT,410F6650-49C6-11F1-067B-FF9D86F8DCED,0x22,0x10418)
+005391ms Setting currdev to disk0p1:
+005391ms |Trying: PciRoot(0x0)/Pci(0x1,0x0)/HD(2,GPT,410F665A-49C6-11F1-1D08-61407E6AF4DA,0x1043A,0x100000)
+005391ms Setting currdev to disk0p2:
+005402ms /Trying: PciRoot(0x0)/Pci(0x1,0x0)/HD(3,GPT,410F665A-49C6-11F1-17A5-D14FFF7C5968,0x11043A,0x6EF800)
+005402ms Setting currdev to disk0p3:
+005415ms -\|/-\|/-\|/-\|/-\|/-\Loading /boot/defaults/loader.conf
+005415ms Loading /boot/defaults/loader.conf
+005415ms Loading /boot/device.hints
+005415ms Loading /boot/loader.conf
+005415ms console uart0 is unavailable
+005415ms no valid consoles!
+005415ms Available consoles:
+005415ms     efi
+005415ms     eficom
+005415ms |Loading /boot/loader.conf.local
+005415ms /?c-Loading kernel...
+005479ms \|/boot/kernel/kernel text=0x318 text=0x765f28 /-\|text=0x1979d0 data=0xfa660 /data=0x0+0x2bf000 0x8+0xf3b70+0x8+0xd6e2d-
+005479ms Loading configured modules...
+005492ms /etc/hostid size=0x25
+005492ms \/boot/entropy size=0x1000
+005492ms Booting [/boot/kernel/kernel]...               
+005506ms Loading splash ok
+005506ms No valid device tree blob found!
+005506ms WARNING! Trying to fire up the kernel, but no device tree blob found!
+005506ms ---<<BOOT>>---
+005506ms Copyright (c) 1992-2025 The FreeBSD Project.
+005506ms Copyright (c) 1979, 1980, 1983, 1986, 1988, 1989, 1991, 1992, 1993, 1994
+005506ms The Regents of the University of California. All rights reserved.
+005506ms FreeBSD is a registered trademark of The FreeBSD Foundation.
+005506ms FreeBSD 15.0-RELEASE-p5 releng/15.0-0730d5233286 SMOLBSD arm64
+005506ms FreeBSD clang version 19.1.7 (https://github.com/llvm/llvm-project.git llvmorg-19.1.7-0-gcd708029e0b2)
+005520ms VT: init without driver.
+005520ms real memory  = 268435456 (256 MB)
+005520ms avail memory = 236433408 (225 MB)
+005520ms Starting CPU 1 (1)
+005520ms FreeBSD/SMP: Multiprocessor System Detected: 2 CPUs
+005520ms random: unblocking device.
+005520ms random: entropy device external interface
+005520ms kbd0 at kbdmux0
+005520ms acpi0: <BOCHS BXPC>
+005520ms acpi0: Power Button (fixed)
+005520ms acpi0: Sleep Button (fixed)
+005520ms acpi0: Could not update all GPEs: AE_NOT_CONFIGURED
+005520ms psci0: <ARM Power State Co-ordination Interface Driver> on acpi0
+005520ms smccc0: <ARM SMCCC v1.0> on psci0
+005520ms gic0: <ARM Generic Interrupt Controller> iomem 0x8000000-0x8000fff,0x8010000-0x8010fff on acpi0
+005520ms gic0: pn 0x0, arch 0x2, rev 0x0, implementer 0x43b irqs 288
+005533ms gic0: frame: 0 8020000 1 64 80
+005533ms gicv2m0: <ARM Generic Interrupt Controller MSI/MSIX> mem 0x8020000-0x8020fff on gic0
+005533ms generic_timer0: <ARM Generic Timer> irq 34,35,36,37 on acpi0
+005533ms Timecounter "ARM MPCore Timecounter" frequency 24000000 Hz quality 1000
+005533ms Event timer "ARM MPCore Eventtimer" frequency 24000000 Hz quality 1000
+005533ms efirtc0: <EFI Realtime Clock>
+005533ms efirtc0: registered as a time-of-day clock, resolution 1.000000s
+005533ms smbios0: <System Management BIOS>
+005547ms smbios0: Entry point: v3 (64-bit), Version: 3.0
+005547ms pmu0: <Performance Monitoring Unit> on acpi0
+005547ms cpu0: <ACPI CPU> on acpi0
+005547ms uart0: <PrimeCell UART (PL011)> iomem 0x9000000-0x9000fff irq 0 on acpi0
+005547ms uart0: console (9600,n,8,1)
+005547ms pcib0: <Generic PCI host controller> on acpi0
+005547ms pci0: <ACPI PCI bus> on pcib0
+005547ms virtio_pci0: <VirtIO PCI (legacy) Block adapter> mem 0x10000000-0x10000fff,0x8000000000-0x8000003fff at device 1.0 on pci0
+005547ms vtblk0: <VirtIO Block Adapter> on virtio_pci0
+005562ms vtblk0: 4095MB (8387712 512 byte sectors)
+005562ms acpi_ged0: <Generic Event Device> irq 33 on acpi0
+005562ms acpi_ged0: Raw IRQ 41
+005562ms acpi_button0: <Power Button> on acpi0
+005562ms armv8crypto0: <AES-CBC,AES-XTS,AES-GCM>
+005562ms Timecounters tick every 10.000 msec
+005562ms CPU  0: Apple Unknown CPU r0p0 (midr: 610f0000) affinity:  0
+005562ms                    Cache Type = <64 byte CWG,64 byte ERG,64 byte D-cacheline,PIPT I-cache,64 byte I-cacheline>
+005562ms  Instruction Set Attributes 0 = <TLBI-OSR,CondM-8.5,FHM,DP,SHA3,RDM,Atomic,CRC32,SHA2+SHA512,SHA1,AES+PMULL>
+005562ms  Instruction Set Attributes 1 = <PredInv v8.5,SB,FRINTTS,GPI,RCPC-8.4,FCMA,JSCVT,API EPAC,DCCVADP>
+005562ms  Instruction Set Attributes 2 = <>
+005562ms          Processor Features 0 = <CSV3,CSV2,PSTATE.DIT,RAS,AdvSIMD+HP,FP+HP,EL1,EL0>
+005562ms          Processor Features 1 = <MTE_frac>
+005562ms          Processor Features 2 = <>
+005562ms       Memory Model Features 0 = <ExS,TGran4,TGran16,8bit ASID,1TB PA>
+005562ms       Memory Model Features 1 = <XNX,SpecSEI,PAN+ATS1E1,LO,HPD+TTPBHA,8bit VMID>
+005575ms       Memory Model Features 2 = <E0PD,TTL,IDS,AT,32bit CCIDX,48bit VA,IESB,UAO,CnP>
+005575ms       Memory Model Features 3 = <>
+005575ms       Memory Model Features 4 = <>
+005575ms              Debug Features 0 = <DoubleLock,2 CTX BKPTs,4 Watchpoints,6 Breakpoints,Debugv8>
+005575ms              Debug Features 1 = <>
+005575ms          Auxiliary Features 0 = <>
+005575ms          Auxiliary Features 1 = <>
+005575ms AArch32 Instruction Set Attributes 5 = <>
+005575ms AArch32 Media and VFP Features 0 = <>
+005575ms AArch32 Media and VFP Features 1 = <>
+005575ms CPU  1: Apple Unknown CPU r0p0 (midr: 610f0000) affinity:  1
+005575ms gic0: using for IPIs
+005575ms Release APs...done
+005575ms Trying to mount root from ufs:/dev/gpt/rootfs [rw,noatime]...
+005741ms Setting hostuuid: 226909d5-2e00-4f8b-8ac2-219cb44b6f42.
+005741ms Setting hostid: 0x058ccd11.
+005753ms Starting file system checks:
+005766ms /dev/gpt/rootfs: FILE SYSTEM CLEAN; SKIPPING CHECKS
+005777ms /dev/gpt/rootfs: clean, 511776 free (32 frags, 63968 blocks, 0.0% fragmentation)
+005791ms /dev/gpt/efiboot0: FILESYSTEM CLEAN; SKIPPING CHECKS
+005853ms Mounting local filesystems:.
+006144ms ELF ldconfig path: /lib /usr/lib /usr/lib/compat
+006180ms Setting hostname: smolbsd-arm64.
+006232ms Setting up harvesting: RANDOMDEV,[CALLOUT],[UMA],[FS_ATIME],SWI,INTERRUPT,NET_NG,[NET_ETHER],NET_TUN,MOUSE,KEYBOARD,ATTACH,CACHED
+006270ms Feeding entropy: .
+006359ms lo0: link state changed to UP
+006371ms Starting Network: lo0.
+006371ms lo0: flags=1008049<UP,LOOPBACK,RUNNING,MULTICAST,LOWER_UP> metric 0 mtu 16384
+006371ms options=680003<RXCSUM,TXCSUM,LINKSTATE,RXCSUM_IPV6,TXCSUM_IPV6>
+006371ms inet 127.0.0.1 netmask 0xff000000
+006371ms inet6 ::1 prefixlen 128
+006371ms inet6 fe80::1%lo0 prefixlen 64 scopeid 0x1
+006371ms groups: lo
+006385ms nd6 options=21<PERFORMNUD,AUTO_LINKLOCAL>
+006451ms Starting devd.
+009077ms route: message indicates error: File exists
+009077ms add host 127.0.0.1: gateway lo0 fib 0: route already in table
+009116ms route: message indicates error: File exists
+009116ms add host ::1: gateway lo0 fib 0: route already in table
+009116ms add net fe80::: gateway ::1
+009116ms add net ff02::: gateway ::1
+009116ms add net ::ffff:0.0.0.0: gateway ::1
+009116ms add net ::0.0.0.0: gateway ::1
+009258ms Clearing /tmp (X related).
+009296ms Updating motd:.
+009525ms Updating /var/run/os-release done.
+009538ms Creating and/or trimming log files.
+009551ms Starting syslogd.
+009700ms Mounting late filesystems:.
+009786ms Performing sanity check on sshd configuration.
+010059ms Starting sshd.
+010101ms Starting cron.
+010114ms Starting background file system checks in 60 seconds.
+010128ms Wed Sep 23 07:03:35 UTC 2026
+010139ms FreeBSD/arm64 (smolbsd-arm64) (ttyu0)
+010139ms login: 