+000280ms UEFI firmware (version edk2-stable202408-prebuilt.qemu.org built at 16:28:50 on Sep 12 2024)
+000744ms ArmTrngLib could not be correctly initialized.
+000744ms Error: Image at 0004FDB6000 start failed: 00000001
+000744ms Error: Image at 0004FD6D000 start failed: Not Found
+000984ms Error: Image at 0004FCBA000 start failed: Unsupported
+000984ms Error: Image at 0004FC3F000 start failed: Not Found
+000984ms Error: Image at 0004FB65000 start failed: Aborted
+001007ms Tpm2SubmitCommand - Tcg2 - Not Found
+001007ms Tpm2GetCapabilityPcrs fail!
+001007ms Tpm2SubmitCommand - Tcg2 - Not Found
+001021ms Image type X64 can't be loaded on AARCH64 UEFI system.
+006457ms BdsDxe: loading Boot0001 "UEFI Misc Device" from PciRoot(0x0)/Pci(0x2,0x0)
+006457ms BdsDxe: starting Boot0001 "UEFI Misc Device" from PciRoot(0x0)/Pci(0x2,0x0)
+006457ms Consoles: EFI console  
+006777ms     Reading loader env vars from /efi/freebsd/loader.env
+006777ms Setting currdev to disk0p1:
+006777ms FreeBSD/arm64 EFI loader, Revision 3.0
+006777ms    Command line arguments: loader.efi
+006777ms    Image base: 0x4c69e000
+006777ms    EFI version: 2.70
+006777ms    EFI Firmware: EDK II (rev 1.00)
+006820ms    Console: efi (0x1000)
+006832ms    Load Path: \EFI\BOOT\BOOTAA64.EFI
+006853ms    Load Device: PciRoot(0x0)/Pci(0x2,0x0)/HD(1,GPT,410F6650-49C6-11F1-067B-FF9D86F8DCED,0x22,0x10418)
+006853ms    BootCurrent: 0001
+006853ms    BootOrder: 0000 0001[*] 0002
+006853ms    BootInfo Path: PciRoot(0x0)/Pci(0x2,0x0)
+006853ms Ignoring Boot0001: Only one DP found
+006853ms Trying ESP: PciRoot(0x0)/Pci(0x2,0x0)/HD(1,GPT,410F6650-49C6-11F1-067B-FF9D86F8DCED,0x22,0x10418)
+006853ms Setting currdev to disk0p1:
+006853ms |Trying: PciRoot(0x0)/Pci(0x2,0x0)/HD(2,GPT,410F665A-49C6-11F1-1D08-61407E6AF4DA,0x1043A,0x100000)
+006869ms Setting currdev to disk0p2:
+006961ms /Trying: PciRoot(0x0)/Pci(0x2,0x0)/HD(3,GPT,410F665A-49C6-11F1-17A5-D14FFF7C5968,0x11043A,0x6EF800)
+006961ms Setting currdev to disk0p3:
+007511ms -\|/-\|/-\|/-\|/-\|/-\Loading /boot/defaults/loader.conf
+007511ms Loading /boot/defaults/loader.conf
+007525ms Loading /boot/device.hints
+007525ms Loading /boot/loader.conf
+007525ms console uart0 is unavailable
+007525ms no valid consoles!
+007525ms Available consoles:
+007525ms     efi
+007525ms     eficom
+007525ms |Loading /boot/loader.conf.local
+007525ms /?c-Loading kernel...
+008376ms \|/boot/kernel/kernel text=0x318 text=0x765f28 /-\|text=0x1979d0 data=0xfa660 /data=0x0+0x2bf000 0x8+0xf3b70+0x8+0xd6e2d-
+008389ms Loading configured modules...
+008402ms /etc/hostid size=0x25
+008402ms \/boot/entropy size=0x1000
+008402ms Booting [/boot/kernel/kernel]...               
+008402ms Loading splash ok
+008402ms No valid device tree blob found!
+008402ms WARNING! Trying to fire up the kernel, but no device tree blob found!
+008593ms ---<<BOOT>>---
+008593ms Copyright (c) 1992-2025 The FreeBSD Project.
+008611ms Copyright (c) 1979, 1980, 1983, 1986, 1988, 1989, 1991, 1992, 1993, 1994
+008611ms The Regents of the University of California. All rights reserved.
+008611ms FreeBSD is a registered trademark of The FreeBSD Foundation.
+008611ms FreeBSD 15.0-RELEASE-p5 releng/15.0-0730d5233286 SMOLBSD arm64
+008611ms FreeBSD clang version 19.1.7 (https://github.com/llvm/llvm-project.git llvmorg-19.1.7-0-gcd708029e0b2)
+008611ms VT: init without driver.
+008611ms real memory  = 268435456 (256 MB)
+008611ms avail memory = 236433408 (225 MB)
+008611ms Starting CPU 1 (1)
+008628ms FreeBSD/SMP: Multiprocessor System Detected: 2 CPUs
+008628ms random: unblocking device.
+008697ms random: entropy device external interface
+008697ms kbd0 at kbdmux0
+008697ms acpi0: <BOCHS BXPC>
+008713ms acpi0: Power Button (fixed)
+008713ms acpi0: Sleep Button (fixed)
+008713ms acpi0: Could not update all GPEs: AE_NOT_CONFIGURED
+008713ms psci0: <ARM Power State Co-ordination Interface Driver> on acpi0
+008731ms smccc0: <ARM SMCCC v1.0> on psci0
+008731ms gic0: <ARM Generic Interrupt Controller> iomem 0x8000000-0x8000fff,0x8010000-0x8010fff on acpi0
+008731ms gic0: pn 0x0, arch 0x2, rev 0x0, implementer 0x43b irqs 288
+008731ms gic0: frame: 0 8020000 1 64 80
+008731ms gicv2m0: <ARM Generic Interrupt Controller MSI/MSIX> mem 0x8020000-0x8020fff on gic0
+008731ms generic_timer0: <ARM Generic Timer> irq 34,35,36,37 on acpi0
+008731ms Timecounter "ARM MPCore Timecounter" frequency 24000000 Hz quality 1000
+008731ms Event timer "ARM MPCore Eventtimer" frequency 24000000 Hz quality 1000
+008748ms efirtc0: <EFI Realtime Clock>
+008748ms efirtc0: registered as a time-of-day clock, resolution 1.000000s
+008748ms smbios0: <System Management BIOS>
+008748ms smbios0: Entry point: v3 (64-bit), Version: 3.0
+008748ms pmu0: <Performance Monitoring Unit> on acpi0
+008748ms cpu0: <ACPI CPU> on acpi0
+008748ms uart0: <PrimeCell UART (PL011)> iomem 0x9000000-0x9000fff irq 0 on acpi0
+008748ms uart0: console (9600,n,8,1)
+008905ms pcib0: <Generic PCI host controller> on acpi0
+008905ms pci0: <ACPI PCI bus> on pcib0
+008924ms virtio_pci0: <VirtIO PCI (legacy) Network adapter> port 0x80-0x9f mem 0x8000000000-0x8000003fff at device 1.0 on pci0
+008924ms vtnet0: <VirtIO Networking Adapter> on virtio_pci0
+008924ms vtnet0: Ethernet address: 52:54:00:12:34:56
+008973ms vtnet0: netmap queues/slots: TX 1/256, RX 1/128
+008973ms 000.000060 [ 452] vtnet_netmap_attach       vtnet attached txq=1, txd=256 rxq=1, rxd=128
+008986ms virtio_pci1: <VirtIO PCI (legacy) Block adapter> mem 0x10040000-0x10040fff,0x8000004000-0x8000007fff at device 2.0 on pci0
+008986ms vtblk0: <VirtIO Block Adapter> on virtio_pci1
+008999ms vtblk0: 4095MB (8387712 512 byte sectors)
+008999ms acpi_ged0: <Generic Event Device> irq 33 on acpi0
+008999ms acpi_ged0: Raw IRQ 41
+008999ms acpi_button0: <Power Button> on acpi0
+009027ms armv8crypto0: <AES-CBC,AES-XTS,AES-GCM>
+009095ms Timecounters tick every 10.000 msec
+009113ms CPU  0: Apple Unknown CPU r0p0 (midr: 610f0000) affinity:  0
+009113ms                    Cache Type = <64 byte CWG,64 byte ERG,64 byte D-cacheline,PIPT I-cache,64 byte I-cacheline>
+009113ms Trying to mount root from ufs:/dev/gpt/rootfs [rw,noatime]...
+009113ms  Instruction Set Attributes 0 = <TLBI-OSR,CondM-8.5,FHM,DP,SHA3,RDM,Atomic,CRC32,SHA2+SHA512,SHA1,AES+PMULL>
+009113ms  Instruction Set Attributes 1 = <PredInv v8.5,SB,FRINTTS,GPI,RCPC-8.4,FCMA,JSCVT,API EPAC,DCCVADP>
+009113ms  Instruction Set Attributes 2 = <>
+009128ms          Processor Features 0 = <CSV3,CSV2,PSTATE.DIT,RAS,AdvSIMD+HP,FP+HP,EL1,EL0>
+009128ms          Processor Features 1 = <MTE_frac>
+009128ms          Processor Features 2 = <>
+009128ms       Memory Model Features 0 = <ExS,TGran4,TGran16,8bit ASID,1TB PA>
+009128ms       Memory Model Features 1 = <XNX,SpecSEI,PAN+ATS1E1,LO,HPD+TTPBHA,8bit VMID>
+009128ms       Memory Model Features 2 = <E0PD,TTL,IDS,AT,32bit CCIDX,48bit VA,IESB,UAO,CnP>
+009128ms       Memory Model Features 3 = <>
+009128ms       Memory Model Features 4 = <>
+009128ms              Debug Features 0 = <DoubleLock,2 CTX BKPTs,4 Watchpoints,6 Breakpoints,Debugv8>
+009128ms              Debug Features 1 = <>
+009128ms          Auxiliary Features 0 = <>
+009128ms          Auxiliary Features 1 = <>
+009128ms AArch32 Instruction Set Attributes 5 = <>
+009128ms AArch32 Media and VFP Features 0 = <>
+009128ms AArch32 Media and VFP Features 1 = <>
+009128ms CPU  1: Apple Unknown CPU r0p0 (midr: 610f0000) affinity:  1
+009141ms gic0: using for IPIs
+009141ms Release APs...done
+009791ms WARNING: / was not properly dismounted
+010466ms Setting hostuuid: 226909d5-2e00-4f8b-8ac2-219cb44b6f42.
+010466ms Setting hostid: 0x058ccd11.
+010635ms Starting file system checks:
+011022ms /dev/gpt/rootfs: INCORRECT BLOCK COUNT I=19293 (8 should be 0) (CORRECTED)
+013397ms /dev/gpt/rootfs: FREE BLK COUNT(S) WRONG IN SUPERBLK (SALVAGED)
+013397ms /dev/gpt/rootfs: SUMMARY INFORMATION BAD (SALVAGED)
+013397ms /dev/gpt/rootfs: BLK(S) MISSING IN BIT MAPS (SALVAGED)
+013397ms /dev/gpt/rootfs: 19337 files, 367062 used, 511777 free (41 frags, 63967 blocks, 0.0% fragmentation)
+013463ms /dev/gpt/efiboot0: 8 files, 31 MiB free (63836 clusters)
+013463ms FIXED
+013463ms /dev/gpt/efiboot0: MARKING FILE SYSTEM CLEAN
+013746ms Mounting local filesystems:.
+014208ms ELF ldconfig path: /lib /usr/lib /usr/lib/compat
+014238ms Setting hostname: smolbsd-arm64.
+014452ms Setting up harvesting: RANDOMDEV,[CALLOUT],[UMA],[FS_ATIME],SWI,INTERRUPT,NET_NG,[NET_ETHER],NET_TUN,MOUSE,KEYBOARD,ATTACH,CACHED
+014479ms Feeding entropy: .
+014727ms lo0: link state changed to UP
+014869ms vtnet0: link state changed to UP
+014912ms Starting Network: lo0 vtnet0.
+014926ms lo0: flags=1008049<UP,LOOPBACK,RUNNING,MULTICAST,LOWER_UP> metric 0 mtu 16384
+014926ms options=680003<RXCSUM,TXCSUM,LINKSTATE,RXCSUM_IPV6,TXCSUM_IPV6>
+014926ms inet 127.0.0.1 netmask 0xff000000
+014926ms inet6 ::1 prefixlen 128
+014926ms inet6 fe80::1%lo0 prefixlen 64 scopeid 0x2
+014926ms groups: lo
+014926ms nd6 options=21<PERFORMNUD,AUTO_LINKLOCAL>
+014926ms vtnet0: flags=1008843<UP,BROADCAST,RUNNING,SIMPLEX,MULTICAST,LOWER_UP> metric 0 mtu 1500
+014926ms options=880028<VLAN_MTU,JUMBO_MTU,LINKSTATE,HWSTATS>
+014926ms ether 52:54:00:12:34:56
+014926ms media: Ethernet autoselect (10Gbase-T <full-duplex>)
+014926ms status: active
+014940ms nd6 options=29<PERFORMNUD,IFDISABLED,AUTO_LINKLOCAL>
+015115ms Starting devd.
+020469ms Starting dhclient.
+020804ms DHCPDISCOVER on vtnet0 to 255.255.255.255 port 67 interval 6
+020804ms DHCPOFFER from 10.0.2.2
+021081ms DHCPREQUEST on vtnet0 to 255.255.255.255 port 67
+021095ms DHCPACK from 10.0.2.2
+021258ms bound to 10.0.2.15 -- renewal in 43200 seconds.
+021423ms route: message indicates error: File exists
+021423ms add host 127.0.0.1: gateway lo0 fib 0: route already in table
+021462ms route: message indicates error: File exists
+021462ms add host ::1: gateway lo0 fib 0: route already in table
+021488ms add net fe80::: gateway ::1
+021503ms add net ff02::: gateway ::1
+021541ms add net ::ffff:0.0.0.0: gateway ::1
+021541ms add net ::0.0.0.0: gateway ::1
+022170ms Clearing /tmp (X related).
+022371ms Updating motd:.
+022684ms Updating /var/run/os-release done.
+022700ms Creating and/or trimming log files.
+022714ms Starting syslogd.
+022874ms Mounting late filesystems:.
+023213ms Performing sanity check on sshd configuration.
+023610ms Starting sshd.
+023741ms Starting cron.
+023882ms Starting background file system checks in 60 seconds.
+023894ms Wed
+023894ms FreeBSD/arm64 (smolbsd-arm64) (ttyu0)
+023894ms login: 