+000142ms UEFI firmware (version edk2-stable202408-prebuilt.qemu.org built at 16:28:50 on Sep 12 2024)
+000267ms ArmTrngLib could not be correctly initialized.
+000267ms Error: Image at 0004FDB6000 start failed: 00000001
+000267ms Error: Image at 0004FD6D000 start failed: Not Found
+000305ms Error: Image at 0004FCBA000 start failed: Unsupported
+000305ms Error: Image at 0004FC3F000 start failed: Not Found
+000305ms Error: Image at 0004FB65000 start failed: Aborted
+000305ms Tpm2SubmitCommand - Tcg2 - Not Found
+000305ms Tpm2GetCapabilityPcrs fail!
+000305ms Tpm2SubmitCommand - Tcg2 - Not Found
+000319ms Image type X64 can't be loaded on AARCH64 UEFI system.
+000542ms BdsDxe: loading Boot0001 "UEFI Misc Device" from PciRoot(0x0)/Pci(0x2,0x0)
+000542ms BdsDxe: starting Boot0001 "UEFI Misc Device" from PciRoot(0x0)/Pci(0x2,0x0)
+000542ms Consoles: EFI console  
+000596ms     Reading loader env vars from /efi/freebsd/loader.env
+000596ms Setting currdev to disk0p1:
+000620ms FreeBSD/arm64 EFI loader, Revision 3.0
+000620ms    Command line arguments: loader.efi
+000620ms    Image base: 0x4c69e000
+000620ms    EFI version: 2.70
+000620ms    EFI Firmware: EDK II (rev 1.00)
+000620ms    Console: efi (0x1000)
+000620ms    Load Path: \EFI\BOOT\BOOTAA64.EFI
+000620ms    Load Device: PciRoot(0x0)/Pci(0x2,0x0)/HD(1,GPT,410F6650-49C6-11F1-067B-FF9D86F8DCED,0x22,0x10418)
+000620ms    BootCurrent: 0001
+000620ms    BootOrder: 0000 0001[*] 0002
+000620ms    BootInfo Path: PciRoot(0x0)/Pci(0x2,0x0)
+000620ms Ignoring Boot0001: Only one DP found
+000620ms Trying ESP: PciRoot(0x0)/Pci(0x2,0x0)/HD(1,GPT,410F6650-49C6-11F1-067B-FF9D86F8DCED,0x22,0x10418)
+000620ms Setting currdev to disk0p1:
+000620ms |Trying: PciRoot(0x0)/Pci(0x2,0x0)/HD(2,GPT,410F665A-49C6-11F1-1D08-61407E6AF4DA,0x1043A,0x100000)
+000620ms Setting currdev to disk0p2:
+000620ms /Trying: PciRoot(0x0)/Pci(0x2,0x0)/HD(3,GPT,410F665A-49C6-11F1-17A5-D14FFF7C5968,0x11043A,0x6EF800)
+000620ms Setting currdev to disk0p3:
+000634ms -\|/-\|/-\|/-\|/-\|/-\Loading /boot/defaults/loader.conf
+000634ms Loading /boot/defaults/loader.conf
+000634ms Loading /boot/device.hints
+000634ms Loading /boot/loader.conf
+000634ms console uart0 is unavailable
+000634ms no valid consoles!
+000634ms Available consoles:
+000634ms     efi
+000634ms     eficom
+000649ms |Loading /boot/loader.conf.local
+000649ms /?c-Loading kernel...
+000727ms \|/boot/kernel/kernel text=0x318 text=0x765f28 /-\|text=0x1979d0 data=0xfa660 /data=0x0+0x2bf000 0x8+0xf3b70+0x8+0xd6e2d-
+000727ms Loading configured modules...
+000747ms /boot/entropy size=0x1000
+000747ms \/etc/hostid size=0x25
+000747ms Booting [/boot/kernel/kernel]...               
+000760ms Loading splash ok
+000760ms No valid device tree blob found!
+000760ms WARNING! Trying to fire up the kernel, but no device tree blob found!
+000773ms ---<<BOOT>>---
+000773ms Copyright (c) 1992-2025 The FreeBSD Project.
+000773ms Copyright (c) 1979, 1980, 1983, 1986, 1988, 1989, 1991, 1992, 1993, 1994
+000773ms The Regents of the University of California. All rights reserved.
+000773ms FreeBSD is a registered trademark of The FreeBSD Foundation.
+000773ms FreeBSD 15.0-RELEASE-p5 releng/15.0-0730d5233286 SMOLBSD arm64
+000773ms FreeBSD clang version 19.1.7 (https://github.com/llvm/llvm-project.git llvmorg-19.1.7-0-gcd708029e0b2)
+000784ms VT: init without driver.
+000784ms real memory  = 268435456 (256 MB)
+000784ms avail memory = 236445696 (225 MB)
+000784ms Starting CPU 1 (1)
+000784ms FreeBSD/SMP: Multiprocessor System Detected: 2 CPUs
+000784ms random: unblocking device.
+000784ms random: entropy device external interface
+000784ms kbd0 at kbdmux0
+000784ms acpi0: <BOCHS BXPC>
+000797ms acpi0: Power Button (fixed)
+000797ms acpi0: Sleep Button (fixed)
+000835ms acpi0: Could not update all GPEs: AE_NOT_CONFIGURED
+000835ms psci0: <ARM Power State Co-ordination Interface Driver> on acpi0
+000835ms smccc0: <ARM SMCCC v1.0> on psci0
+000835ms gic0: <ARM Generic Interrupt Controller> iomem 0x8000000-0x8000fff,0x8010000-0x8010fff on acpi0
+000835ms gic0: pn 0x0, arch 0x2, rev 0x0, implementer 0x43b irqs 288
+000835ms gic0: frame: 0 8020000 1 64 80
+000835ms gicv2m0: <ARM Generic Interrupt Controller MSI/MSIX> mem 0x8020000-0x8020fff on gic0
+000848ms generic_timer0: <ARM Generic Timer> irq 34,35,36,37 on acpi0
+000848ms Timecounter "ARM MPCore Timecounter" frequency 24000000 Hz quality 1000
+000848ms Event timer "ARM MPCore Eventtimer" frequency 24000000 Hz quality 1000
+000860ms efirtc0: <EFI Realtime Clock>
+000860ms efirtc0: registered as a time-of-day clock, resolution 1.000000s
+000860ms smbios0: <System Management BIOS>
+000860ms smbios0: Entry point: v3 (64-bit), Version: 3.0
+000860ms pmu0: <Performance Monitoring Unit> on acpi0
+000860ms cpu0: <ACPI CPU> on acpi0
+000860ms uart0: <PrimeCell UART (PL011)> iomem 0x9000000-0x9000fff irq 0 on acpi0
+000860ms uart0: console (9600,n,8,1)
+000873ms pcib0: <Generic PCI host controller> on acpi0
+000873ms pci0: <ACPI PCI bus> on pcib0
+000887ms virtio_pci0: <VirtIO PCI (legacy) Network adapter> port 0x80-0x9f mem 0x8000000000-0x8000003fff at device 1.0 on pci0
+000887ms vtnet0: <VirtIO Networking Adapter> on virtio_pci0
+000899ms vtnet0: Ethernet address: 52:54:00:12:34:56
+000899ms vtnet0: netmap queues/slots: TX 1/256, RX 1/128
+000899ms 000.000060 [ 452] vtnet_netmap_attach       vtnet attached txq=1, txd=256 rxq=1, rxd=128
+000899ms virtio_pci1: <VirtIO PCI (legacy) Block adapter> mem 0x10040000-0x10040fff,0x8000004000-0x8000007fff at device 2.0 on pci0
+000912ms vtblk0: <VirtIO Block Adapter> on virtio_pci1
+000936ms vtblk0: 4095MB (8387712 512 byte sectors)
+000936ms acpi_ged0: <Generic Event Device> irq 33 on acpi0
+000936ms acpi_ged0: Raw IRQ 41
+000936ms acpi_button0: <Power Button> on acpi0
+000936ms armv8crypto0: <AES-CBC,AES-XTS,AES-GCM>
+000978ms Timecounters tick every 10.000 msec
+001019ms CPU  0: Apple Unknown CPU r0p0 (midr: 610f0000) affinity:  0
+001019ms                    Cache Type = <64 byte CWG,64 byte ERG,64 byte D-cacheline,PIPT I-cache,64 byte I-cacheline>
+001019ms  Instruction Set Attributes 0 = <TLBI-OSR,CondM-8.5,FHM,DP,SHA3,RDM,Atomic,CRC32,SHA2+SHA512,SHA1,AES+PMULL>
+001033ms  Instruction Set Attributes 1 = <PredInv v8.5,SB,FRINTTS,GPI,RCPC-8.4,FCMA,JSCVT,API EPAC,DCCVADP>
+001033ms  Instruction Set Attributes 2 = <>
+001045ms          Processor Features 0 = <CSV3,CSV2,PSTATE.DIT,RAS,AdvSIMD+HP,FP+HP,EL1,EL0>
+001045ms          Processor Features 1 = <MTE_frac>
+001045ms          Processor Features 2 = <>
+001045ms       Memory Model Features 0 = <ExS,TGran4,TGran16,8bit ASID,1TB PA>
+001045ms       Memory Model Features 1 = <XNX,SpecSEI,PAN+ATS1E1,LO,HPD+TTPBHA,8bit VMID>
+001058ms       Memory Model Features 2 = <E0PD,TTL,IDS,AT,32bit CCIDX,48bit VA,IESB,UAO,CnP>
+001058ms       Memory Model Features 3 = <>
+001058ms       Memory Model Features 4 = <>
+001058ms              Debug Features 0 = <DoubleLock,2 CTX BKPTs,4 Watchpoints,6 Breakpoints,Debugv8>
+001058ms              Debug Features 1 = <>
+001058ms          Auxiliary Features 0 = <>
+001058ms          Auxiliary Features 1 = <>
+001058ms AArch32 Instruction Set Attributes 5 = <>
+001058ms AArch32 Media and VFP Features 0 = <>
+001058ms AArch32 Media and VFP Features 1 = <>
+001058ms CPU  1: Apple Unknown CPU r0p0 (midr: 610f0000) affinity:  1
+001058ms gic0: using for IPIs
+001072ms Release APs...done
+001072ms Trying to mount root from ufs:/dev/gpt/rootfs [rw,noatime]...
+001982ms Setting hostuuid: 226909d5-2e00-4f8b-8ac2-219cb44b6f42.
+001994ms Setting hostid: 0x058ccd11.
+002038ms Starting file system checks:
+002086ms /dev/gpt/rootfs: FILE SYSTEM CLEAN; SKIPPING CHECKS
+002086ms /dev/gpt/rootfs: clean, 511776 free (32 frags, 63968 blocks, 0.0% fragmentation)
+002113ms /dev/gpt/efiboot0: FILESYSTEM CLEAN; SKIPPING CHECKS
+002276ms Mounting local filesystems:.
+002626ms ELF ldconfig path: /lib /usr/lib /usr/lib/compat
+002684ms Setting hostname: smolbsd-arm64.
+002816ms Setting up harvesting: RANDOMDEV,[CALLOUT],[UMA],[FS_ATIME],SWI,INTERRUPT,NET_NG,[NET_ETHER],NET_TUN,MOUSE,KEYBOARD,ATTACH,CACHED
+002919ms Feeding entropy: .
+003029ms lo0: link state changed to UP
+003098ms vtnet0: link state changed to UP
+003137ms Starting Network: lo0 vtnet0.
+003137ms lo0: flags=1008049<UP,LOOPBACK,RUNNING,MULTICAST,LOWER_UP> metric 0 mtu 16384
+003137ms options=680003<RXCSUM,TXCSUM,LINKSTATE,RXCSUM_IPV6,TXCSUM_IPV6>
+003137ms inet 127.0.0.1 netmask 0xff000000
+003137ms inet6 ::1 prefixlen 128
+003137ms inet6 fe80::1%lo0 prefixlen 64 scopeid 0x2
+003137ms groups: lo
+003137ms nd6 options=21<PERFORMNUD,AUTO_LINKLOCAL>
+003137ms vtnet0: flags=1008843<UP,BROADCAST,RUNNING,SIMPLEX,MULTICAST,LOWER_UP> metric 0 mtu 1500
+003137ms options=880028<VLAN_MTU,JUMBO_MTU,LINKSTATE,HWSTATS>
+003150ms ether 52:54:00:12:34:56
+003165ms media: Ethernet autoselect (10Gbase-T <full-duplex>)
+003165ms status: active
+003165ms nd6 options=29<PERFORMNUD,IFDISABLED,AUTO_LINKLOCAL>
+003229ms Starting devd.
+005323ms Starting dhclient.
+005336ms DHCPREQUEST on vtnet0 to 255.255.255.255 port 67
+005336ms DHCPACK from 10.0.2.2
+005374ms bound to 10.0.2.15 -- renewal in 43200 seconds.
+005401ms route: message indicates error: File exists
+005401ms add host 127.0.0.1: gateway lo0 fib 0: route already in table
+005414ms route: message indicates error: File exists
+005426ms add host ::1: gateway lo0 fib 0: route already in table
+005426ms add net fe80::: gateway ::1
+005426ms add net ff02::: gateway ::1
+005426ms add net ::ffff:0.0.0.0: gateway ::1
+005426ms add net ::0.0.0.0: gateway ::1
+005489ms Clearing /tmp (X related).
+005514ms Updating motd:.
+005591ms Updating /var/run/os-release done.
+005591ms Creating and/or trimming log files.
+005604ms Starting syslogd.
+005675ms Mounting late filesystems:.
+005763ms Performing sanity check on sshd configuration.
+005824ms Starting sshd.
+005863ms Starting cron.
+005863ms Starting background file system checks in 60 seconds.
+005876ms Wed Sep 23 0
+005876ms FreeBSD/arm64 (smolbsd-arm64) (ttyu0)
+005876ms login: 