+000097ms UEFI firmware (version edk2-stable202408-prebuilt.qemu.org built at 16:28:50 on Sep 12 2024)
+000248ms ArmTrngLib could not be correctly initialized.
+000248ms Error: Image at 0004FDB6000 start failed: 00000001
+000248ms Error: Image at 0004FD6D000 start failed: Not Found
+000287ms Error: Image at 0004FCBA000 start failed: Unsupported
+000287ms Error: Image at 0004FC3F000 start failed: Not Found
+000287ms Error: Image at 0004FB65000 start failed: Aborted
+000300ms Tpm2SubmitCommand - Tcg2 - Not Found
+000300ms Tpm2GetCapabilityPcrs fail!
+000300ms Tpm2SubmitCommand - Tcg2 - Not Found
+000316ms Image type X64 can't be loaded on AARCH64 UEFI system.
+005489ms BdsDxe: loading Boot0001 "UEFI Misc Device" from PciRoot(0x0)/Pci(0x2,0x0)
+005489ms BdsDxe: starting Boot0001 "UEFI Misc Device" from PciRoot(0x0)/Pci(0x2,0x0)
+005489ms Consoles: EFI console  
+005529ms     Reading loader env vars from /efi/freebsd/loader.env
+005529ms Setting currdev to disk0p1:
+005544ms FreeBSD/arm64 EFI loader, Revision 3.0
+005544ms    Command line arguments: loader.efi
+005544ms    Image base: 0x4c69e000
+005544ms    EFI version: 2.70
+005544ms    EFI Firmware: EDK II (rev 1.00)
+005544ms    Console: efi (0x1000)
+005544ms    Load Path: \EFI\BOOT\BOOTAA64.EFI
+005544ms    Load Device: PciRoot(0x0)/Pci(0x2,0x0)/HD(1,GPT,410F6650-49C6-11F1-067B-FF9D86F8DCED,0x22,0x10418)
+005544ms    BootCurrent: 0001
+005544ms    BootOrder: 0000 0001[*] 0002
+005544ms    BootInfo Path: PciRoot(0x0)/Pci(0x2,0x0)
+005544ms Ignoring Boot0001: Only one DP found
+005544ms Trying ESP: PciRoot(0x0)/Pci(0x2,0x0)/HD(1,GPT,410F6650-49C6-11F1-067B-FF9D86F8DCED,0x22,0x10418)
+005544ms Setting currdev to disk0p1:
+005544ms |Trying: PciRoot(0x0)/Pci(0x2,0x0)/HD(2,GPT,410F665A-49C6-11F1-1D08-61407E6AF4DA,0x1043A,0x100000)
+005544ms Setting currdev to disk0p2:
+005575ms /Trying: PciRoot(0x0)/Pci(0x2,0x0)/HD(3,GPT,410F665A-49C6-11F1-17A5-D14FFF7C5968,0x11043A,0x6EF800)
+005575ms Setting currdev to disk0p3:
+005601ms -\|/-\|/-\|/-\|/-\|/-\Loading /boot/defaults/loader.conf
+005601ms Loading /boot/defaults/loader.conf
+005601ms Loading /boot/device.hints
+005601ms Loading /boot/loader.conf
+005601ms console uart0 is unavailable
+005601ms no valid consoles!
+005601ms Available consoles:
+005601ms     efi
+005601ms     eficom
+005614ms |Loading /boot/loader.conf.local
+005614ms /?c-Loading kernel...
+005671ms \|/boot/kernel/kernel text=0x318 text=0x765f28 /-\|text=0x1979d0 data=0xfa660 /data=0x0+0x2bf000 0x8+0xf3b70+0x8+0xd6e2d-
+005671ms Loading configured modules...
+005684ms /etc/hostid size=0x25
+005684ms \/boot/entropy size=0x1000
+005684ms Booting [/boot/kernel/kernel]...               
+005684ms Loading splash ok
+005684ms No valid device tree blob found!
+005695ms WARNING! Trying to fire up the kernel, but no device tree blob found!
+005695ms ---<<BOOT>>---
+005695ms Copyright (c) 1992-2025 The FreeBSD Project.
+005695ms Copyright (c) 1979, 1980, 1983, 1986, 1988, 1989, 1991, 1992, 1993, 1994
+005695ms The Regents of the University of California. All rights reserved.
+005695ms FreeBSD is a registered trademark of The FreeBSD Foundation.
+005695ms FreeBSD 15.0-RELEASE-p5 releng/15.0-0730d5233286 SMOLBSD arm64
+005695ms FreeBSD clang version 19.1.7 (https://github.com/llvm/llvm-project.git llvmorg-19.1.7-0-gcd708029e0b2)
+005709ms VT: init without driver.
+005709ms real memory  = 268435456 (256 MB)
+005709ms avail memory = 236433408 (225 MB)
+005709ms Starting CPU 1 (1)
+005709ms FreeBSD/SMP: Multiprocessor System Detected: 2 CPUs
+005709ms random: unblocking device.
+005709ms random: entropy device external interface
+005709ms kbd0 at kbdmux0
+005709ms acpi0: <BOCHS BXPC>
+005709ms acpi0: Power Button (fixed)
+005709ms acpi0: Sleep Button (fixed)
+005709ms acpi0: Could not update all GPEs: AE_NOT_CONFIGURED
+005709ms psci0: <ARM Power State Co-ordination Interface Driver> on acpi0
+005709ms smccc0: <ARM SMCCC v1.0> on psci0
+005709ms gic0: <ARM Generic Interrupt Controller> iomem 0x8000000-0x8000fff,0x8010000-0x8010fff on acpi0
+005709ms gic0: pn 0x0, arch 0x2, rev 0x0, implementer 0x43b irqs 288
+005722ms gic0: frame: 0 8020000 1 64 80
+005722ms gicv2m0: <ARM Generic Interrupt Controller MSI/MSIX> mem 0x8020000-0x8020fff on gic0
+005722ms generic_timer0: <ARM Generic Timer> irq 34,35,36,37 on acpi0
+005722ms Timecounter "ARM MPCore Timecounter" frequency 24000000 Hz quality 1000
+005722ms Event timer "ARM MPCore Eventtimer" frequency 24000000 Hz quality 1000
+005747ms efirtc0: <EFI Realtime Clock>
+005747ms efirtc0: registered as a time-of-day clock, resolution 1.000000s
+005747ms smbios0: <System Management BIOS>
+005747ms smbios0: Entry point: v3 (64-bit), Version: 3.0
+005747ms pmu0: <Performance Monitoring Unit> on acpi0
+005747ms cpu0: <ACPI CPU> on acpi0
+005747ms uart0: <PrimeCell UART (PL011)> iomem 0x9000000-0x9000fff irq 0 on acpi0
+005747ms uart0: console (9600,n,8,1)
+005789ms pcib0: <Generic PCI host controller> on acpi0
+005789ms pci0: <ACPI PCI bus> on pcib0
+005789ms virtio_pci0: <VirtIO PCI (legacy) Network adapter> port 0x80-0x9f mem 0x8000000000-0x8000003fff at device 1.0 on pci0
+005789ms vtnet0: <VirtIO Networking Adapter> on virtio_pci0
+005789ms vtnet0: Ethernet address: 52:54:00:12:34:56
+005789ms vtnet0: netmap queues/slots: TX 1/256, RX 1/128
+005789ms 000.000060 [ 452] vtnet_netmap_attach       vtnet attached txq=1, txd=256 rxq=1, rxd=128
+005803ms virtio_pci1: <VirtIO PCI (legacy) Block adapter> mem 0x10040000-0x10040fff,0x8000004000-0x8000007fff at device 2.0 on pci0
+005803ms vtblk0: <VirtIO Block Adapter> on virtio_pci1
+005814ms vtblk0: 4095MB (8387712 512 byte sectors)
+005814ms acpi_ged0: <Generic Event Device> irq 33 on acpi0
+005814ms acpi_ged0: Raw IRQ 41
+005814ms acpi_button0: <Power Button> on acpi0
+005814ms armv8crypto0: <AES-CBC,AES-XTS,AES-GCM>
+005827ms Timecounters tick every 10.000 msec
+005827ms CPU  0: Apple Unknown CPU r0p0 (midr: 610f0000) affinity:  0
+005827ms                    Cache Type = <64 byte CWG,64 byte ERG,64 byte D-cacheline,PIPT I-cache,64 byte I-cacheline>
+005827ms  Instruction Set Attributes 0 = <TLBI-OSR,CondM-8.5,FHM,DP,SHA3,RDM,Atomic,CRC32,SHA2+SHA512,SHA1,AES+PMULL>
+005827ms  Instruction Set Attributes 1 = <PredInv v8.5,SB,FRINTTS,GPI,RCPC-8.4,FCMA,JSCVT,API EPAC,DCCVADP>
+005827ms  Instruction Set Attributes 2 = <>
+005827ms          Processor Features 0 = <CSV3,CSV2,PSTATE.DIT,RAS,AdvSIMD+HP,FP+HP,EL1,EL0>
+005827ms          Processor Features 1 = <MTE_frac>
+005827ms          Processor Features 2 = <>
+005827ms       Memory Model Features 0 = <ExS,TGran4,TGran16,8bit ASID,1TB PA>
+005827ms       Memory Model Features 1 = <XNX,SpecSEI,PAN+ATS1E1,LO,HPD+TTPBHA,8bit VMID>
+005827ms       Memory Model Features 2 = <E0PD,TTL,IDS,AT,32bit CCIDX,48bit VA,IESB,UAO,CnP>
+005827ms       Memory Model Features 3 = <>
+005827ms       Memory Model Features 4 = <>
+005827ms              Debug Features 0 = <DoubleLock,2 CTX BKPTs,4 Watchpoints,6 Breakpoints,Debugv8>
+005827ms              Debug Features 1 = <>
+005827ms          Auxiliary Features 0 = <>
+005827ms          Auxiliary Features 1 = <>
+005827ms AArch32 Instruction Set Attributes 5 = <>
+005827ms AArch32 Media and VFP Features 0 = <>
+005827ms AArch32 Media and VFP Features 1 = <>
+005827ms CPU  1: Apple Unknown CPU r0p0 (midr: 610f0000) affinity:  1
+005843ms gic0: using for IPIs
+005843ms Release APs...done
+005843ms Trying to mount root from ufs:/dev/gpt/rootfs [rw,noatime]...
+005994ms Setting hostuuid: 226909d5-2e00-4f8b-8ac2-219cb44b6f42.
+006007ms Setting hostid: 0x058ccd11.
+006020ms Starting file system checks:
+006033ms /dev/gpt/rootfs: FILE SYSTEM CLEAN; SKIPPING CHECKS
+006033ms /dev/gpt/rootfs: clean, 511776 free (32 frags, 63968 blocks, 0.0% fragmentation)
+006033ms /dev/gpt/efiboot0: FILESYSTEM CLEAN; SKIPPING CHECKS
+006071ms Mounting local filesystems:.
+006270ms ELF ldconfig path: /lib /usr/lib /usr/lib/compat
+006296ms Setting hostname: smolbsd-arm64.
+006338ms Setting up harvesting: RANDOMDEV,[CALLOUT],[UMA],[FS_ATIME],SWI,INTERRUPT,NET_NG,[NET_ETHER],NET_TUN,MOUSE,KEYBOARD,ATTACH,CACHED
+006362ms Feeding entropy: .
+006424ms lo0: link state changed to UP
+006462ms vtnet0: link state changed to UP
+006476ms Starting Network: lo0 vtnet0.
+006476ms lo0: flags=1008049<UP,LOOPBACK,RUNNING,MULTICAST,LOWER_UP> metric 0 mtu 16384
+006476ms options=680003<RXCSUM,TXCSUM,LINKSTATE,RXCSUM_IPV6,TXCSUM_IPV6>
+006476ms inet 127.0.0.1 netmask 0xff000000
+006476ms inet6 ::1 prefixlen 128
+006476ms inet6 fe80::1%lo0 prefixlen 64 scopeid 0x2
+006476ms groups: lo
+006489ms nd6 options=21<PERFORMNUD,AUTO_LINKLOCAL>
+006489ms vtnet0: flags=1008843<UP,BROADCAST,RUNNING,SIMPLEX,MULTICAST,LOWER_UP> metric 0 mtu 1500
+006502ms options=880028<VLAN_MTU,JUMBO_MTU,LINKSTATE,HWSTATS>
+006502ms ether 52:54:00:12:34:56
+006502ms media: Ethernet autoselect (10Gbase-T <full-duplex>)
+006502ms status: active
+006502ms nd6 options=29<PERFORMNUD,IFDISABLED,AUTO_LINKLOCAL>
+006579ms Starting devd.
+008516ms Starting dhclient.
+008541ms DHCPREQUEST on vtnet0 to 255.255.255.255 port 67
+008541ms DHCPACK from 10.0.2.2
+008716ms bound to 10.0.2.15 -- renewal in 43200 seconds.
+008756ms route: message indicates error: File exists
+008756ms add host 127.0.0.1: gateway lo0 fib 0: route already in table
+008783ms route: message indicates error: File exists
+008783ms add host ::1: gateway lo0 fib 0: route already in table
+008783ms add net fe80::: gateway ::1
+008783ms add net ff02::: gateway ::1
+008783ms add net ::ffff:0.0.0.0: gateway ::1
+008783ms add net ::0.0.0.0: gateway ::1
+008921ms Clearing /tmp (X related).
+008964ms Updating motd:.
+009067ms Updating /var/run/os-release done.
+009092ms Creating and/or trimming log files.
+009092ms Starting syslogd.
+009358ms Mounting late filesystems:.
+009546ms Performing sanity check on sshd configuration.
+009636ms Starting sshd.
+009738ms Starting cron.
+009763ms Starting background file system checks in 60 seconds.
+009774ms Wed Sep 23 07:02:27 UTC 2026
+009786ms FreeBSD/arm64 (smolbsd-arm64) (ttyu0)
+009786ms login: 