+000499ms UEFI firmware (version edk2-stable202408-prebuilt.qemu.org built at 16:28:50 on Sep 12 2024)
+001267ms ArmTrngLib could not be correctly initialized.
+001267ms Error: Image at 0004FDB6000 start failed: 00000001
+001267ms Error: Image at 0004FD6D000 start failed: Not Found
+001543ms Error: Image at 0004FCBA000 start failed: Unsupported
+001543ms Error: Image at 0004FC3F000 start failed: Not Found
+001543ms Error: Image at 0004FB65000 start failed: Aborted
+001576ms Tpm2SubmitCommand - Tcg2 - Not Found
+001576ms Tpm2GetCapabilityPcrs fail!
+001576ms Tpm2SubmitCommand - Tcg2 - Not Found
+001576ms Image type X64 can't be loaded on AARCH64 UEFI system.
+006851ms BdsDxe: loading Boot0001 "UEFI Misc Device" from PciRoot(0x0)/Pci(0x2,0x0)
+006851ms BdsDxe: starting Boot0001 "UEFI Misc Device" from PciRoot(0x0)/Pci(0x2,0x0)
+006851ms Consoles: EFI console  
+006875ms     Reading loader env vars from /efi/freebsd/loader.env
+006875ms Setting currdev to disk0p1:
+006875ms FreeBSD/arm64 EFI loader, Revision 3.0
+006888ms    Command line arguments: loader.efi
+006888ms    Image base: 0x4c69e000
+006888ms    EFI version: 2.70
+006888ms    EFI Firmware: EDK II (rev 1.00)
+006888ms    Console: efi (0x1000)
+006888ms    Load Path: \EFI\BOOT\BOOTAA64.EFI
+006888ms    Load Device: PciRoot(0x0)/Pci(0x2,0x0)/HD(1,GPT,410F6650-49C6-11F1-067B-FF9D86F8DCED,0x22,0x10418)
+006888ms    BootCurrent: 0001
+006888ms    BootOrder: 0000 0001[*] 0002
+006888ms    BootInfo Path: PciRoot(0x0)/Pci(0x2,0x0)
+006888ms Ignoring Boot0001: Only one DP found
+006888ms Trying ESP: PciRoot(0x0)/Pci(0x2,0x0)/HD(1,GPT,410F6650-49C6-11F1-067B-FF9D86F8DCED,0x22,0x10418)
+006888ms Setting currdev to disk0p1:
+006888ms |Trying: PciRoot(0x0)/Pci(0x2,0x0)/HD(2,GPT,410F665A-49C6-11F1-1D08-61407E6AF4DA,0x1043A,0x100000)
+006888ms Setting currdev to disk0p2:
+006901ms /Trying: PciRoot(0x0)/Pci(0x2,0x0)/HD(3,GPT,410F665A-49C6-11F1-17A5-D14FFF7C5968,0x11043A,0x6EF800)
+006901ms Setting currdev to disk0p3:
+006913ms -\|/-\|/-\|/-\|/-\|/-\Loading /boot/defaults/loader.conf
+006913ms Loading /boot/defaults/loader.conf
+006913ms Loading /boot/device.hints
+006930ms Loading /boot/loader.conf
+006930ms console uart0 is unavailable
+006930ms no valid consoles!
+006930ms Available consoles:
+006930ms     efi
+006930ms     eficom
+006930ms |Loading /boot/loader.conf.local
+006930ms /?c-Loading kernel...
+007096ms \|/boot/kernel/kernel text=0x318 text=0x765f28 /-\|text=0x1979d0 data=0xfa660 /data=0x0+0x2bf000 0x8+0xf3b70+0x8+0xd6e2d-
+007096ms Loading configured modules...
+007246ms /etc/hostid size=0x25
+007261ms \/boot/entropy size=0x1000
+007261ms Booting [/boot/kernel/kernel]...               
+007277ms Loading splash ok
+007277ms No valid device tree blob found!
+007289ms WARNING! Trying to fire up the kernel, but no device tree blob found!
+007450ms ---<<BOOT>>---
+007450ms Copyright (c) 1992-2025 The FreeBSD Project.
+007464ms Copyright (c) 1979, 1980, 1983, 1986, 1988, 1989, 1991, 1992, 1993, 1994
+007464ms The Regents of the University of California. All rights reserved.
+007464ms FreeBSD is a registered trademark of The FreeBSD Foundation.
+007464ms FreeBSD 15.0-RELEASE-p5 releng/15.0-0730d5233286 SMOLBSD arm64
+007464ms FreeBSD clang version 19.1.7 (https://github.com/llvm/llvm-project.git llvmorg-19.1.7-0-gcd708029e0b2)
+007464ms VT: init without driver.
+007464ms real memory  = 268435456 (256 MB)
+007464ms avail memory = 236433408 (225 MB)
+007464ms Starting CPU 1 (1)
+007477ms FreeBSD/SMP: Multiprocessor System Detected: 2 CPUs
+007477ms random: unblocking device.
+007477ms random: entropy device external interface
+007477ms kbd0 at kbdmux0
+007477ms acpi0: <BOCHS BXPC>
+007477ms acpi0: Power Button (fixed)
+007477ms acpi0: Sleep Button (fixed)
+007477ms acpi0: Could not update all GPEs: AE_NOT_CONFIGURED
+007477ms psci0: <ARM Power State Co-ordination Interface Driver> on acpi0
+007477ms smccc0: <ARM SMCCC v1.0> on psci0
+007490ms gic0: <ARM Generic Interrupt Controller> iomem 0x8000000-0x8000fff,0x8010000-0x8010fff on acpi0
+007490ms gic0: pn 0x0, arch 0x2, rev 0x0, implementer 0x43b irqs 288
+007490ms gic0: frame: 0 8020000 1 64 80
+007490ms gicv2m0: <ARM Generic Interrupt Controller MSI/MSIX> mem 0x8020000-0x8020fff on gic0
+007490ms generic_timer0: <ARM Generic Timer> irq 34,35,36,37 on acpi0
+007490ms Timecounter "ARM MPCore Timecounter" frequency 24000000 Hz quality 1000
+007490ms Event timer "ARM MPCore Eventtimer" frequency 24000000 Hz quality 1000
+007693ms efirtc0: <EFI Realtime Clock>
+007693ms efirtc0: registered as a time-of-day clock, resolution 1.000000s
+007693ms smbios0: <System Management BIOS>
+007693ms smbios0: Entry point: v3 (64-bit), Version: 3.0
+007693ms pmu0: <Performance Monitoring Unit> on acpi0
+007693ms cpu0: <ACPI CPU> on acpi0
+007693ms uart0: <PrimeCell UART (PL011)> iomem 0x9000000-0x9000fff irq 0 on acpi0
+007693ms uart0: console (9600,n,8,1)
+007706ms pcib0: <Generic PCI host controller> on acpi0
+007706ms pci0: <ACPI PCI bus> on pcib0
+007706ms virtio_pci0: <VirtIO PCI (legacy) Network adapter> port 0x80-0x9f mem 0x8000000000-0x8000003fff at device 1.0 on pci0
+007760ms vtnet0: <VirtIO Networking Adapter> on virtio_pci0
+007760ms vtnet0: Ethernet address: 52:54:00:12:34:56
+007760ms vtnet0: netmap queues/slots: TX 1/256, RX 1/128
+007760ms 000.000060 [ 452] vtnet_netmap_attach       vtnet attached txq=1, txd=256 rxq=1, rxd=128
+007803ms virtio_pci1: <VirtIO PCI (legacy) Block adapter> mem 0x10040000-0x10040fff,0x8000004000-0x8000007fff at device 2.0 on pci0
+007803ms vtblk0: <VirtIO Block Adapter> on virtio_pci1
+007827ms vtblk0: 4095MB (8387712 512 byte sectors)
+007827ms acpi_ged0: <Generic Event Device> irq 33 on acpi0
+007827ms acpi_ged0: Raw IRQ 41
+007827ms acpi_button0: <Power Button> on acpi0
+007827ms armv8crypto0: <AES-CBC,AES-XTS,AES-GCM>
+007839ms Timecounters tick every 10.000 msec
+007839ms CPU  0: Apple Unknown CPU r0p0 (midr: 610f0000) affinity:  0
+007839ms                    Cache Type = <64 byte CWG,64 byte ERG,64 byte D-cacheline,PIPT I-cache,64 byte I-cacheline>
+007839ms  Instruction Set Attributes 0 = <TLBI-OSR,CondM-8.5,FHM,DP,SHA3,RDM,Atomic,CRC32,SHA2+SHA512,SHA1,AES+PMULL>
+007839ms  Instruction Set Attributes 1 = <PredInv v8.5,SB,FRINTTS,GPI,RCPC-8.4,FCMA,JSCVT,API EPAC,DCCVADP>
+007839ms  Instruction Set Attributes 2 = <>
+007839ms          Processor Features 0 = <CSV3,CSV2,PSTATE.DIT,RAS,AdvSIMD+HP,FP+HP,EL1,EL0>
+007839ms          Processor Features 1 = <MTE_frac>
+007839ms          Processor Features 2 = <>
+007839ms       Memory Model Features 0 = <ExS,TGran4,TGran16,8bit ASID,1TB PA>
+007839ms       Memory Model Features 1 = <XNX,SpecSEI,PAN+ATS1E1,LO,HPD+TTPBHA,8bit VMID>
+007839ms       Memory Model Features 2 = <E0PD,TTL,IDS,AT,32bit CCIDX,48bit VA,IESB,UAO,CnP>
+007839ms       Memory Model Features 3 = <>
+007839ms       Memory Model Features 4 = <>
+007839ms              Debug Features 0 = <DoubleLock,2 CTX BKPTs,4 Watchpoints,6 Breakpoints,Debugv8>
+007839ms              Debug Features 1 = <>
+007839ms          Auxiliary Features 0 = <>
+007839ms          Auxiliary Features 1 = <>
+007839ms AArch32 Instruction Set Attributes 5 = <>
+007839ms AArch32 Media and VFP Features 0 = <>
+007839ms AArch32 Media and VFP Features 1 = <>
+007839ms CPU  1: Apple Unknown CPU r0p0 (midr: 610f0000) affinity:  1
+007839ms gic0: using for IPIs
+007852ms Release APs...done
+007919ms Trying to mount root from ufs:/dev/gpt/rootfs [rw,noatime]...
+008913ms Setting hostuuid: 226909d5-2e00-4f8b-8ac2-219cb44b6f42.
+008913ms Setting hostid: 0x058ccd11.
+008926ms Starting file system checks:
+009050ms /dev/gpt/rootfs: FILE SYSTEM CLEAN; SKIPPING CHECKS
+009050ms /dev/gpt/rootfs: clean, 511776 free (32 frags, 63968 blocks, 0.0% fragmentation)
+009067ms /dev/gpt/efiboot0: FILESYSTEM CLEAN; SKIPPING CHECKS
+009205ms Mounting local filesystems:.
+009559ms ELF ldconfig path: /lib /usr/lib /usr/lib/compat
+009608ms Setting hostname: smolbsd-arm64.
+009734ms Setting up harvesting: RANDOMDEV,[CALLOUT],[UMA],[FS_ATIME],SWI,INTERRUPT,NET_NG,[NET_ETHER],NET_TUN,MOUSE,KEYBOARD,ATTACH,CACHED
+009826ms Feeding entropy: .
+009980ms lo0: link state changed to UP
+010041ms vtnet0: link state changed to UP
+010092ms Starting Network: lo0 vtnet0.
+010092ms lo0: flags=1008049<UP,LOOPBACK,RUNNING,MULTICAST,LOWER_UP> metric 0 mtu 16384
+010106ms options=680003<RXCSUM,TXCSUM,LINKSTATE,RXCSUM_IPV6,TXCSUM_IPV6>
+010106ms inet 127.0.0.1 netmask 0xff000000
+010106ms inet6 ::1 prefixlen 128
+010106ms inet6 fe80::1%lo0 prefixlen 64 scopeid 0x2
+010106ms groups: lo
+010132ms nd6 options=21<PERFORMNUD,AUTO_LINKLOCAL>
+010132ms vtnet0: flags=1008843<UP,BROADCAST,RUNNING,SIMPLEX,MULTICAST,LOWER_UP> metric 0 mtu 1500
+010132ms options=880028<VLAN_MTU,JUMBO_MTU,LINKSTATE,HWSTATS>
+010132ms ether 52:54:00:12:34:56
+010132ms media: Ethernet autoselect (10Gbase-T <full-duplex>)
+010132ms status: active
+010159ms nd6 options=29<PERFORMNUD,IFDISABLED,AUTO_LINKLOCAL>
+010303ms Starting devd.
+014884ms Starting dhclient.
+014960ms DHCPREQUEST on vtnet0 to 255.255.255.255 port 67
+014960ms DHCPACK from 10.0.2.2
+015170ms bound to 10.0.2.15 -- renewal in 43200 seconds.
+015242ms route: message indicates error: File exists
+015242ms add host 127.0.0.1: gateway lo0 fib 0: route already in table
+015326ms route: message indicates error: File exists
+015326ms add host ::1: gateway lo0 fib 0: route already in table
+015339ms add net fe80::: gateway ::1
+015339ms add net ff02::: gateway ::1
+015339ms add net ::ffff:0.0.0.0: gateway ::1
+015354ms add net ::0.0.0.0: gateway ::1
+015593ms Clearing /tmp (X related).
+015686ms Updating motd:.
+015946ms Updating /var/run/os-release done.
+015959ms Creating and/or trimming log files.
+015971ms Starting syslogd.
+016327ms Mounting late filesystems:.
+016660ms Performing sanity check on sshd configuration.
+017380ms Starting sshd.
+017566ms Starting cron.
+017593ms Starting background file system checks in 60 seconds.
+017593ms Wed Sep 23 07:02:16 UTC 2026
+017632ms FreeBSD/arm64 (smolbsd-arm64) (ttyu0)
+017632ms login: 